run.h:22:20:print	16	static
run.h:32:20:println	24	static
run.h:72:20:print_float	24	static
clock.h:10:24:micros	4	static
clock.h:11:24:millis	4	static
clock.h:43:24:getTime	56	static
imuTest.c:35:13:imuTest_getData	8	static
imuTest.c:65:13:imuTest_quatUpdate	8	static
imuTest.c:83:13:imuTest_getEuler	16	static
imuTest.c:94:13:imuTest_printData	8	static
imuTest.c:136:13:imuTest_begin	24	static
imuTest.c:229:13:imuTest_loop	8	static
algoGalgo.c:12:13:algoGalgo	40	static
sdTest.c:15:13:sdTest_begin	88	static
run.c:22:13:setup	8	static
run.c:39:13:loop	4	static
