run.h:32:20:println	24	static
clock.h:11:24:millis	4	static
gps.c:23:6:GPS_available	16	static
gps.c:40:6:GPS_write	24	static
gps.c:58:6:GPS_read	24	static
gps.c:117:6:GPS_init	16	static
gps.c:204:6:GPS_sendCommand	24	static
gps.c:224:6:GPS_parse	40	static
gps.c:403:6:GPS_check	48	static
gps.c:464:13:GPS_tokenOnList	40	static
gps.c:486:7:GPS_parseStr	56	static
gps.c:523:6:GPS_isEmpty	16	static
gps.c:540:6:GPS_addChecksum	24	static
gps.c:558:6:GPS_parseTime	24	static
gps.c:577:6:GPS_parseLat	48	static
gps.c:607:6:GPS_parseLatDir	24	static
gps.c:628:6:GPS_parseLon	40	static
gps.c:658:6:GPS_parseLonDir	24	static
gps.c:682:6:GPS_parseFix	16	static
gps.c:701:7:GPS_secondsSinceFix	24	static
gps.c:710:7:GPS_secondsSinceTime	24	static
gps.c:719:7:GPS_secondsSinceDate	24	static
gps.c:729:6:GPS_newNMEAreceived	16	static
gps.c:737:6:GPS_pause	16	static
gps.c:745:7:GPS_lastNMEA	16	static
gps.c:760:9:GPS_parseHex	16	static
gps.c:780:6:GPS_waitForSentence	32	static
gps.c:806:6:GPS_LOCUS_StartLogger	16	static
gps.c:819:6:GPS_LOCUS_StopLogger	16	static
gps.c:831:6:GPS_LOCUS_ReadStatus	48	static
gps.c:887:6:GPS_standby	16	static
gps.c:910:6:GPS_wakeup	16	static
gps.c:932:13:strStartsWith	16	static
gps.c:948:6:GPS_resetSentTime	16	static
gps.c:983:7:GPS_build	176	static
