run.h:26:20:println	24	static
clock.h:11:24:millis	4	static
gps.c:21:6:GPS_available	16	static
gps.c:38:6:GPS_write	16	static
gps.c:52:6:GPS_read	24	static
gps.c:100:6:GPS_common_init	16	static
gps.c:143:6:GPS_sendCommand	16	static
gps.c:158:6:GPS_parse	40	static
gps.c:337:6:GPS_check	48	static
gps.c:398:13:GPS_tokenOnList	40	static
gps.c:420:7:GPS_parseStr	56	static
gps.c:457:6:GPS_isEmpty	16	static
gps.c:474:6:GPS_addChecksum	24	static
gps.c:492:6:GPS_parseTime	24	static
gps.c:511:6:GPS_parseLat	48	static
gps.c:541:6:GPS_parseLatDir	24	static
gps.c:562:6:GPS_parseLon	40	static
gps.c:592:6:GPS_parseLonDir	24	static
gps.c:616:6:GPS_parseFix	16	static
gps.c:635:7:GPS_secondsSinceFix	24	static
gps.c:644:7:GPS_secondsSinceTime	24	static
gps.c:653:7:GPS_secondsSinceDate	24	static
gps.c:663:6:GPS_newNMEAreceived	16	static
gps.c:671:6:GPS_pause	16	static
gps.c:679:7:GPS_lastNMEA	16	static
gps.c:694:9:GPS_parseHex	16	static
gps.c:714:6:GPS_waitForSentence	32	static
gps.c:739:6:GPS_LOCUS_StartLogger	16	static
gps.c:752:6:GPS_LOCUS_StopLogger	16	static
gps.c:764:6:GPS_LOCUS_ReadStatus	48	static
gps.c:817:6:GPS_standby	16	static
gps.c:840:6:GPS_wakeup	16	static
gps.c:862:13:strStartsWith	16	static
gps.c:878:6:GPS_resetSentTime	16	static
gps.c:913:7:GPS_build	176	static
