clock.h:8:24:micros	4	static
clock.h:9:24:millis	4	static
clock.h:42:24:getTime	56	static
run.h:36:20:print	24	static
run.h:61:20:println	24	static
sdTest.c:19:13:sdTest_begin	88	static
sdTest.c:58:13:sdTest_loop	56	static
duplex.c:22:13:duplex_begin	16	static
duplex.c:57:13:duplex_checkINT	8	static
duplex.c:62:13:duplex_loop	16	static
imuTest.c:26:13:imuTest_printData	56	static
imuTest.c:55:13:imuTest_printBiases	40	static
imuTest.c:68:13:imuTest_begin	8	static
imuTest.c:83:13:imuTest_loop	8	static
imuTest.c:93:13:imuTest_printSelfTest	8	static
imuTest.c:101:13:imuTest_printMagTest	40	static
sensing.c:31:13:sensing_begin	16	static
sensing.c:87:13:sensing_loop	16	static
motorTest.c:16:13:motorTest_begin	8	static
motorTest.c:24:13:mot_up_down	16	static
algoGalgo.c:17:13:algoGalgo	72	static
algoGalgo.c:90:14:bearing	72	static
fdr_tests.c:26:13:fdr_setup	8	static
fdr_tests.c:61:13:preparePacket	16	static
fdr_tests.c:99:13:fdr_loop	24	static
