clock.h:8:24:micros	4	static
clock.h:9:24:millis	4	static
clock.h:42:24:getTime	56	static
run.h:84:20:println	24	static
loging.c:36:13:log_print_dummy	4	static
loging.c:75:13:log_new	32	static
loging.c:106:13:log_save	8	static
loging.c:176:13:log_print	16	static
loging.c:195:13:log_bmp	40	static
loging.c:208:13:log_gps	88	static
loging.c:226:13:log_imu	48	static
loging.c:239:13:log_mot	40	static
loging.c:252:13:log_radio	16	static
loging.c:278:13:log_sps	168	static
loging.c:296:13:loging_setup	8	static
loging.c:359:13:loging_loop	72	static
