clock.h:8:24:micros	4	static
clock.h:9:24:millis	4	static
clock.h:42:24:getTime	56	static
run.h:81:20:println	24	static
loging.c:45:13:log_print_dummy	4	static
loging.c:84:13:log_new	32	static
loging.c:116:13:log_save	8	static
loging.c:201:13:log_print	16	static
loging.c:220:13:log_bmp	40	static
loging.c:233:13:log_gps	88	static
loging.c:250:13:log_imu	48	static
loging.c:263:13:log_mot	40	static
loging.c:276:13:log_radio	16	static
loging.c:304:13:log_sps	168	static
loging.c:322:13:loging_setup	8	static
loging.c:388:13:loging_loop	4	static
