clock.h:8:24:micros	4	static
clock.h:9:24:millis	4	static
run.h:61:20:println	24	static
imuTest.c:26:13:imuTest_printData	40	static
imuTest.c:54:13:imuTest_begin	8	static
imuTest.c:68:13:imuTest_loop	8	static
imuTest.c:78:13:imuTest_printSelfTest	8	static
imuTest.c:85:13:imuTest_printBiases	40	static
imuTest.c:91:13:imuTest_printMagTest	40	static
algoGalgo.c:17:13:algoGalgo	72	static
algoGalgo.c:90:14:bearing	72	static
steering.c:26:13:steering_begin	8	static
steering.c:40:13:steering_loop	8	static
