run.h:22:20:print	16	static
run.h:32:20:println	24	static
run.h:51:20:printv	16	static
run.h:72:20:print_float	24	static
clock.h:10:24:micros	4	static
clock.h:11:24:millis	4	static
imuTest.c:35:13:imuTest_getData	8	static
imuTest.c:65:13:imuTest_quatUpdate	8	static
imuTest.c:83:13:imuTest_getEuler	16	static
imuTest.c:94:13:imuTest_printData	8	static
imuTest.c:136:13:imuTest_begin	24	static
imuTest.c:229:13:imuTest_loop	8	static
algoGalgo.c:12:13:algoGalgo	40	static
run.c:20:13:setup	8	static
run.c:35:13:loop	8	static
motors.c:14:13:setMotors	16	static
motors.c:26:13:haltMotors	4	static
motors.c:35:13:enableMotors	8	static
motors.c:56:13:disableMotors	8	static
motors.c:63:13:setPwmFrequency	24	static
motors.c:92:13:setMotorTimeout	16	static
motors.c:100:13:motorTimeout	8	static
main.c:96:5:main	8	static
main.c:186:6:SystemClock_Config	104	static
main.c:237:13:MX_I2C1_Init	8	static
main.c:271:13:MX_RTC_Init	8	static
main.c:305:13:MX_SDIO_SD_Init	4	static
main.c:333:13:MX_SPI1_Init	8	static
main.c:371:13:MX_TIM1_Init	32	static
main.c:417:13:MX_TIM2_Init	32	static
main.c:462:13:MX_TIM3_Init	64	static
main.c:521:13:MX_TIM4_Init	32	static
main.c:566:13:MX_TIM5_Init	64	static
main.c:629:13:MX_USART3_UART_Init	8	static
main.c:660:13:MX_DMA_Init	16	static
main.c:681:13:MX_GPIO_Init	48	static
main.c:765:20:Get_I2C1_Instance	4	static
main.c:766:20:Get_SPI1_Instance	4	static
main.c:767:21:Get_UART3_Instance	4	static
main.c:768:20:Get_RTC_Instance	4	static
main.c:769:20:Get_TIM2_Instance	4	static
main.c:770:20:Get_TIM3_Instance	4	static
main.c:771:20:Get_TIM5_Instance	4	static
main.c:785:6:HAL_TIM_PeriodElapsedCallback	16	static
main.c:802:6:Error_Handler	4	static
