run.h:13:20:print	16	static
run.c:21:6:setup	8	static
run.c:38:6:loop	32	static
run.c:60:6:radio_procedure	8	static
run.c:78:6:bmp280_begin	8	static
run.c:97:6:dio0_IRQ	8	static
run.c:106:6:radio_begin	8	static
main.c:87:5:main	8	static
main.c:143:6:SystemClock_Config	104	static
main.c:194:13:MX_I2C1_Init	8	static
main.c:228:13:MX_RTC_Init	32	static
main.c:290:13:MX_SDIO_SD_Init	4	static
main.c:318:13:MX_SPI1_Init	8	static
main.c:356:13:MX_TIM2_Init	32	static
main.c:401:13:MX_USART3_UART_Init	8	static
main.c:432:13:MX_DMA_Init	16	static
main.c:453:13:MX_GPIO_Init	48	static
main.c:546:20:Get_I2C1_Instance	4	static
main.c:551:20:Get_SPI1_Instance	4	static
main.c:556:6:HAL_GPIO_EXTI_Callback	16	static
main.c:570:6:Error_Handler	4	static
