run.h:14:20:print	16	static
run.h:18:20:println	16	static
clock.h:9:24:millis	4	static
clock.h:41:24:getTime	56	static
run.c:34:6:setup	8	static
run.c:77:6:loop	8	static
run.c:173:6:radio_procedure	8	static
run.c:205:6:bmp280_begin	8	static
run.c:224:6:radio_begin	8	static
run.c:251:6:dio0_IRQ	4	static
run.c:263:6:sd_begin	88	static
motors.c:13:13:setMotors	24	static
motors.c:21:13:haltMotors	4	static
motors.c:29:13:enableMotors	8	static
motors.c:45:13:disableMotors	8	static
motors.c:52:13:setPwmFrequency	16	static
main.c:92:5:main	8	static
main.c:153:6:SystemClock_Config	104	static
main.c:204:13:MX_I2C1_Init	8	static
main.c:238:13:MX_RTC_Init	32	static
main.c:300:13:MX_SDIO_SD_Init	4	static
main.c:328:13:MX_SPI1_Init	8	static
main.c:366:13:MX_TIM2_Init	64	static
main.c:429:13:MX_TIM3_Init	32	static
main.c:474:13:MX_TIM5_Init	32	static
main.c:519:13:MX_USART3_UART_Init	8	static
main.c:550:13:MX_DMA_Init	16	static
main.c:571:13:MX_GPIO_Init	48	static
main.c:663:20:Get_I2C1_Instance	4	static
main.c:664:20:Get_SPI1_Instance	4	static
main.c:665:20:Get_RTC_Instance	4	static
main.c:666:20:Get_TIM2_Instance	4	static
main.c:668:6:HAL_GPIO_EXTI_Callback	16	static
main.c:677:6:HAL_TIM_PeriodElapsedCallback	16	static
main.c:693:6:Error_Handler	4	static
