run.h:22:20:print	16	static
run.h:32:20:println	24	static
run.h:51:20:printv	16	static
run.h:61:20:print_int	16	static
run.h:72:20:print_float	24	static
run.h:83:20:print_char	24	static
clock.h:10:24:micros	4	static
clock.h:11:24:millis	4	static
clock.h:43:24:getTime	56	static
run.c:45:13:setup	8	static
run.c:76:13:loop	4	static
run.c:112:13:radio_receive	16	static
run.c:155:13:radio_transmit	56	static
run.c:230:13:gps_getData	16	static
run.c:250:13:gps_printData	16	static
run.c:318:13:bmp_getData	8	static
run.c:345:13:dio0_IRQ	8	static
run.c:361:13:bmp280_begin	8	static
run.c:378:13:radio_begin	16	static
run.c:416:13:sd_begin	88	static
run.c:451:13:gps_begin	8	static
run.c:469:13:timingDebug	16	static
run.c:500:13:algoGalgo	40	static
motors.c:14:13:setMotors	16	static
motors.c:26:13:haltMotors	4	static
motors.c:35:13:enableMotors	8	static
motors.c:56:13:disableMotors	8	static
motors.c:63:13:setPwmFrequency	24	static
motors.c:92:13:setMotorTimeout	16	static
motors.c:100:13:motorTimeout	8	static
main.c:96:5:main	8	static
main.c:186:6:SystemClock_Config	104	static
main.c:237:13:MX_I2C1_Init	8	static
main.c:271:13:MX_RTC_Init	8	static
main.c:305:13:MX_SDIO_SD_Init	4	static
main.c:333:13:MX_SPI1_Init	8	static
main.c:371:13:MX_TIM1_Init	32	static
main.c:417:13:MX_TIM2_Init	32	static
main.c:462:13:MX_TIM3_Init	64	static
main.c:521:13:MX_TIM4_Init	32	static
main.c:566:13:MX_TIM5_Init	64	static
main.c:629:13:MX_USART3_UART_Init	8	static
main.c:660:13:MX_DMA_Init	16	static
main.c:681:13:MX_GPIO_Init	48	static
main.c:765:20:Get_I2C1_Instance	4	static
main.c:766:20:Get_SPI1_Instance	4	static
main.c:767:21:Get_UART3_Instance	4	static
main.c:768:20:Get_RTC_Instance	4	static
main.c:769:20:Get_TIM2_Instance	4	static
main.c:770:20:Get_TIM3_Instance	4	static
main.c:771:20:Get_TIM5_Instance	4	static
main.c:785:6:HAL_TIM_PeriodElapsedCallback	16	static
main.c:802:6:Error_Handler	4	static
