run.h:13:20:print	16	static
run.h:17:20:println	16	static
run.c:22:6:setup	8	static
run.c:50:6:loop	32	static
run.c:72:6:radio_procedure	8	static
run.c:90:6:bmp280_begin	8	static
run.c:109:6:radio_begin	8	static
run.c:136:6:dio0_IRQ	8	static
main.c:89:5:main	8	static
main.c:146:6:SystemClock_Config	104	static
main.c:197:13:MX_I2C1_Init	8	static
main.c:231:13:MX_RTC_Init	32	static
main.c:293:13:MX_SDIO_SD_Init	4	static
main.c:321:13:MX_SPI1_Init	8	static
main.c:359:13:MX_TIM2_Init	64	static
main.c:422:13:MX_TIM3_Init	32	static
main.c:467:13:MX_USART3_UART_Init	8	static
main.c:498:13:MX_DMA_Init	16	static
main.c:519:13:MX_GPIO_Init	48	static
main.c:611:20:Get_I2C1_Instance	4	static
main.c:612:20:Get_SPI1_Instance	4	static
main.c:613:20:Get_RTC_Instance	4	static
main.c:614:20:Get_TIM2_Instance	4	static
main.c:616:6:HAL_GPIO_EXTI_Callback	16	static
main.c:631:6:Error_Handler	4	static
