run.h:17:20:print	16	static
run.h:27:20:println	24	static
run.h:46:20:printv	16	static
run.h:56:20:print_int	16	static
run.h:67:20:print_float	24	static
run.h:78:20:print_char	24	static
clock.h:10:24:micros	4	static
clock.h:11:24:millis	4	static
clock.h:43:24:getTime	56	static
run.c:39:13:setup	8	static
run.c:59:13:loop	8	static
run.c:69:13:mot_up_down	16	static
run.c:101:13:radio_receive	16	static
run.c:144:13:radio_transmit	8	static
run.c:159:13:gps_printData	16	static
run.c:218:13:mpu_printData	16	static
run.c:311:13:dio0_IRQ	8	static
run.c:327:13:bmp280_begin	8	static
run.c:344:13:radio_begin	16	static
run.c:382:13:sd_begin	88	static
run.c:417:13:gps_begin	8	static
run.c:435:13:setupPins	8	static
run.c:453:13:timingDebug	16	static
run.c:482:13:mpu_begin	16	static
motors.c:14:13:setMotors	16	static
motors.c:26:13:haltMotors	4	static
motors.c:35:13:enableMotors	8	static
motors.c:56:13:disableMotors	8	static
motors.c:63:13:setPwmFrequency	24	static
motors.c:92:13:setMotorTimeout	16	static
motors.c:100:13:motorTimeout	8	static
main.c:98:5:main	8	static
main.c:174:6:SystemClock_Config	104	static
main.c:225:13:MX_I2C1_Init	8	static
main.c:259:13:MX_RTC_Init	8	static
main.c:293:13:MX_SDIO_SD_Init	4	static
main.c:321:13:MX_SPI1_Init	8	static
main.c:359:13:MX_TIM1_Init	32	static
main.c:405:13:MX_TIM2_Init	32	static
main.c:450:13:MX_TIM3_Init	64	static
main.c:513:13:MX_TIM4_Init	32	static
main.c:558:13:MX_TIM5_Init	64	static
main.c:621:13:MX_USART3_UART_Init	8	static
main.c:652:13:MX_DMA_Init	16	static
main.c:679:13:MX_GPIO_Init	48	static
main.c:763:20:Get_I2C1_Instance	4	static
main.c:764:20:Get_SPI1_Instance	4	static
main.c:765:21:Get_UART3_Instance	4	static
main.c:766:20:Get_RTC_Instance	4	static
main.c:767:20:Get_TIM2_Instance	4	static
main.c:768:20:Get_TIM5_Instance	4	static
main.c:782:6:HAL_TIM_PeriodElapsedCallback	16	static
main.c:799:6:Error_Handler	4	static
