run.h:13:20:print	16	static
run.c:20:6:setup	8	static
run.c:37:6:loop	32	static
run.c:58:6:radio_procedure	8	static
run.c:75:6:bmp280_begin	8	static
run.c:94:6:dio0_IRQ	8	static
run.c:100:6:radio_begin	8	static
main.c:81:5:main	8	static
main.c:135:6:SystemClock_Config	88	static
main.c:178:13:MX_I2C1_Init	8	static
main.c:212:13:MX_SDIO_SD_Init	4	static
main.c:240:13:MX_SPI1_Init	8	static
main.c:278:13:MX_USART3_UART_Init	8	static
main.c:309:13:MX_DMA_Init	16	static
main.c:330:13:MX_GPIO_Init	48	static
main.c:423:20:Get_I2C1_Instance	4	static
main.c:428:20:Get_SPI1_Instance	4	static
main.c:433:6:HAL_GPIO_EXTI_Callback	16	static
main.c:447:6:Error_Handler	4	static
