run.h:16:20:print	16	static
run.h:26:20:println	24	static
run.h:45:20:printv	16	static
clock.h:11:24:millis	4	static
clock.h:43:24:getTime	56	static
run.c:24:13:setup	8	static
run.c:37:13:loop	4	static
run.c:42:13:mot_up_down	16	static
run.c:76:13:radio_receive	16	static
run.c:108:13:dio0_IRQ	8	static
run.c:123:13:bmp280_begin	8	static
run.c:140:13:radio_begin	16	static
run.c:176:13:sd_begin	88	static
run.c:208:13:setupPins	8	static
motors.c:14:13:setMotors	16	static
motors.c:26:13:haltMotors	4	static
motors.c:35:13:enableMotors	8	static
motors.c:56:13:disableMotors	8	static
motors.c:63:13:setPwmFrequency	24	static
motors.c:92:13:setMotorTimeout	16	static
motors.c:100:13:motorTimeout	8	static
main.c:94:5:main	8	static
main.c:171:6:SystemClock_Config	104	static
main.c:222:13:MX_I2C1_Init	8	static
main.c:256:13:MX_RTC_Init	8	static
main.c:290:13:MX_SDIO_SD_Init	4	static
main.c:318:13:MX_SPI1_Init	8	static
main.c:356:13:MX_TIM2_Init	64	static
main.c:419:13:MX_TIM4_Init	32	static
main.c:464:13:MX_TIM5_Init	32	static
main.c:509:13:MX_USART3_UART_Init	8	static
main.c:540:13:MX_DMA_Init	16	static
main.c:567:13:MX_GPIO_Init	48	static
main.c:659:20:Get_I2C1_Instance	4	static
main.c:660:20:Get_SPI1_Instance	4	static
main.c:661:20:Get_RTC_Instance	4	static
main.c:662:20:Get_TIM2_Instance	4	static
main.c:676:6:HAL_TIM_PeriodElapsedCallback	16	static
main.c:693:6:Error_Handler	4	static
