run.h:14:20:print	16	static
run.h:18:20:println	24	static
run.h:31:20:printv	16	static
clock.h:9:24:millis	4	static
clock.h:41:24:getTime	56	static
run.c:26:13:setup	8	static
run.c:82:13:loop	8	static
run.c:177:13:radio_procedure	16	static
run.c:195:13:bmp280_begin	8	static
run.c:214:13:radio_begin	16	static
run.c:246:13:dio0_IRQ	8	static
run.c:260:13:sd_begin	88	static
motors.c:14:13:setMotors	16	static
motors.c:35:13:haltMotors	4	static
motors.c:47:13:enableMotors	8	static
motors.c:71:13:disableMotors	8	static
motors.c:78:13:setPwmFrequency	16	static
motors.c:108:13:setMotorTimeout	16	static
motors.c:116:13:motorTimeout	8	static
main.c:94:5:main	8	static
main.c:160:6:SystemClock_Config	104	static
main.c:211:13:MX_I2C1_Init	8	static
main.c:245:13:MX_RTC_Init	32	static
main.c:307:13:MX_SDIO_SD_Init	4	static
main.c:335:13:MX_SPI1_Init	8	static
main.c:373:13:MX_TIM2_Init	32	static
main.c:418:13:MX_TIM3_Init	64	static
main.c:477:13:MX_TIM4_Init	32	static
main.c:522:13:MX_TIM5_Init	32	static
main.c:567:13:MX_USART3_UART_Init	8	static
main.c:598:13:MX_DMA_Init	16	static
main.c:619:13:MX_GPIO_Init	48	static
main.c:711:20:Get_I2C1_Instance	4	static
main.c:712:20:Get_SPI1_Instance	4	static
main.c:713:20:Get_RTC_Instance	4	static
main.c:714:20:Get_TIM2_Instance	4	static
main.c:717:20:Get_TIM3_Instance	4	static
main.c:720:6:HAL_GPIO_EXTI_Callback	16	static
main.c:729:6:HAL_TIM_PeriodElapsedCallback	16	static
main.c:745:6:Error_Handler	4	static
