clock.h:8:24:micros	4	static
clock.h:9:24:millis	4	static
clock.h:42:24:getTime	56	static
run.h:81:20:println	24	static
run.h:118:20:floatToBytes	24	static
run.h:119:20:bytesToFloat	24	static
loging.c:36:13:log_print_dummy	4	static
loging.c:75:13:log_new	32	static
loging.c:106:13:log_save	8	static
loging.c:180:13:log_print	16	static
loging.c:199:13:log_bmp	40	static
loging.c:212:13:log_gps	88	static
loging.c:228:13:log_imu	48	static
loging.c:241:13:log_mot	40	static
loging.c:254:13:log_radio	16	static
loging.c:282:13:log_sps	168	static
loging.c:300:13:loging_setup	88	static
loging.c:363:13:loging_loop	96	static
duplex.c:13:13:send_info_packet	8	static
duplex.c:18:13:duplex_setup	16	static
duplex.c:71:13:duplex_checkINT	8	static
duplex.c:76:13:decodePacket	24	static
duplex.c:109:13:preparePacket	24	static
duplex.c:138:13:duplex_loop	8	static
sensing.c:18:13:sensing_setup	16	static
sensing.c:250:13:sensing_loop	8	static
steering.c:23:13:PID	64	static
steering.c:66:14:bearing	72	static
steering.c:89:13:steering_setup	8	static
steering.c:128:13:steering_loop	8	static
animations.c:8:13:play_animation	16	static
animations.c:10:19:leds_low	8	static
animations.c:11:19:leds_high	8	static
animations.c:13:19:leds_bounce	8	static
animations.c:23:19:leds_fill	8	static
animations.c:33:19:leds_confirm	8	static
animations.c:43:19:leds_negate	8	static
run.c:25:13:latchArms	4	static
run.c:26:13:openArms	4	static
run.c:28:13:terminator	8	static
run.c:84:13:setup	8	static
run.c:113:13:loop	8	static
