clock.h:8:24:micros	4	static
clock.h:9:24:millis	4	static
clock.h:42:24:getTime	56	static
run.h:83:20:println	24	static
run.h:123:20:floatToBytes	24	static
run.h:124:20:bytesToFloat	24	static
loging.c:36:13:log_print_dummy	4	static
loging.c:70:13:log_new	32	static
loging.c:98:13:log_save	8	static
loging.c:157:13:log_print	16	static
loging.c:176:13:log_bmp	40	static
loging.c:189:13:log_gps	48	static
loging.c:202:13:log_imu	48	static
loging.c:215:13:log_mot	40	static
loging.c:228:13:log_radio	16	static
loging.c:256:13:loging_setup	88	static
loging.c:317:13:loging_loop	72	static
duplex.c:13:13:send_info_packet	8	static
duplex.c:18:13:duplex_setup	16	static
duplex.c:71:13:duplex_checkINT	8	static
duplex.c:76:13:decodePacket	24	static
duplex.c:107:13:preparePacket	24	static
duplex.c:138:13:duplex_loop	8	static
sensing.c:17:13:sensing_setup	16	static
sensing.c:211:13:sensing_loop	8	static
steering.c:23:13:PID	64	static
steering.c:66:14:bearing	72	static
steering.c:89:13:steering_setup	8	static
steering.c:120:13:steering_loop	8	static
run.c:25:13:latchArms	4	static
run.c:34:13:openArms	4	static
run.c:43:13:terminator	16	static
run.c:87:13:setup	8	static
run.c:108:13:loop	8	static
