clock.h:8:24:micros	4	static
clock.h:9:24:millis	4	static
clock.h:42:24:getTime	56	static
run.h:83:20:println	24	static
run.h:123:20:floatToBytes	24	static
run.h:124:20:bytesToFloat	24	static
loging.c:36:13:log_print_dummy	4	static
loging.c:69:13:loging_setup	88	static
loging.c:130:13:loging_loop	72	static
loging.c:201:6:log_new	32	static
loging.c:229:6:log_save	8	static
loging.c:288:6:log_print	16	static
loging.c:307:6:log_bmp	40	static
loging.c:320:6:log_gps	48	static
loging.c:333:6:log_imu	48	static
loging.c:346:6:log_mot	40	static
loging.c:359:6:log_radio	16	static
duplex.c:13:13:duplex_setup	16	static
duplex.c:66:13:duplex_checkINT	8	static
duplex.c:71:13:decodePacket	24	static
duplex.c:99:13:preparePacket	24	static
duplex.c:132:13:duplex_loop	8	static
sensing.c:17:13:sensing_setup	16	static
sensing.c:205:13:sensing_loop	8	static
steering.c:23:13:PID	64	static
steering.c:66:14:bearing	72	static
steering.c:89:13:steering_setup	8	static
steering.c:120:13:steering_loop	8	static
run.c:21:13:setup	8	static
run.c:36:13:loop	8	static
