run.h:22:20:print	16	static
run.h:32:20:println	24	static
run.h:51:20:printv	16	static
run.h:61:20:print_int	16	static
run.h:72:20:print_float	24	static
run.h:83:20:print_char	24	static
clock.h:10:24:micros	4	static
clock.h:11:24:millis	4	static
clock.h:43:24:getTime	56	static
run.c:45:13:setup	8	static
run.c:76:13:loop	4	static
run.c:112:13:radio_receive	16	static
run.c:155:13:radio_transmit	56	static
run.c:230:13:gps_getData	16	static
run.c:250:13:gps_printData	16	static
run.c:318:13:bmp_getData	8	static
run.c:345:13:dio0_IRQ	8	static
run.c:361:13:bmp280_begin	8	static
run.c:378:13:radio_begin	16	static
run.c:416:13:sd_begin	88	static
run.c:451:13:gps_begin	8	static
run.c:469:13:timingDebug	16	static
run.c:500:13:algoGalgo	40	static
