run.h:17:20:print	16	static
run.h:27:20:println	24	static
run.h:46:20:printv	16	static
run.h:56:20:print_int	16	static
run.h:67:20:print_float	24	static
run.h:78:20:print_char	24	static
clock.h:10:24:micros	4	static
clock.h:11:24:millis	4	static
clock.h:43:24:getTime	56	static
run.c:39:13:setup	8	static
run.c:59:13:loop	8	static
run.c:69:13:mot_up_down	16	static
run.c:101:13:radio_receive	16	static
run.c:144:13:radio_transmit	8	static
run.c:159:13:gps_printData	16	static
run.c:218:13:mpu_printData	16	static
run.c:311:13:dio0_IRQ	8	static
run.c:327:13:bmp280_begin	8	static
run.c:344:13:radio_begin	16	static
run.c:382:13:sd_begin	88	static
run.c:417:13:gps_begin	8	static
run.c:435:13:setupPins	8	static
run.c:453:13:timingDebug	16	static
run.c:482:13:mpu_begin	16	static
