clock.h:8:24:micros	4	static
clock.h:9:24:millis	4	static
run.h:61:20:println	24	static
imuTest.c:26:13:imuTest_printData	56	static
imuTest.c:55:13:imuTest_printBiases	40	static
imuTest.c:68:13:imuTest_begin	8	static
imuTest.c:83:13:imuTest_loop	8	static
imuTest.c:93:13:imuTest_printSelfTest	8	static
imuTest.c:101:13:imuTest_printMagTest	40	static
run.c:18:13:setup	8	static
run.c:26:13:loop	8	static
main.c:87:6:HAL_UART_RxCpltCallback	16	static
main.c:99:5:main	8	static
main.c:179:6:SystemClock_Config	104	static
main.c:230:13:MX_I2C1_Init	8	static
main.c:264:13:MX_RTC_Init	8	static
main.c:298:13:MX_SDIO_SD_Init	4	static
main.c:326:13:MX_SPI1_Init	8	static
main.c:364:13:MX_TIM2_Init	32	static
main.c:409:13:MX_TIM3_Init	64	static
main.c:472:13:MX_TIM5_Init	64	static
main.c:536:13:MX_USART3_UART_Init	8	static
main.c:567:13:MX_DMA_Init	16	static
main.c:587:13:MX_GPIO_Init	48	static
main.c:668:20:Get_I2C1_Instance	4	static
main.c:669:20:Get_SPI1_Instance	4	static
main.c:670:21:Get_UART3_Instance	4	static
main.c:671:20:Get_RTC_Instance	4	static
main.c:672:20:Get_TIM2_Instance	4	static
main.c:673:20:Get_TIM3_Instance	4	static
main.c:674:20:Get_TIM5_Instance	4	static
main.c:682:6:Error_Handler	4	static
