clock.h:8:24:micros	4	static
clock.h:9:24:millis	4	static
clock.h:42:24:getTime	56	static
run.h:84:20:println	24	static
run.h:124:20:floatToBytes	24	static
run.h:125:20:bytesToFloat	24	static
loging.c:36:13:log_print_dummy	4	static
loging.c:75:13:log_new	32	static
loging.c:106:13:log_save	8	static
loging.c:176:13:log_print	16	static
loging.c:195:13:log_bmp	40	static
loging.c:208:13:log_gps	88	static
loging.c:226:13:log_imu	48	static
loging.c:239:13:log_mot	40	static
loging.c:252:13:log_radio	16	static
loging.c:278:13:log_sps	168	static
loging.c:296:13:loging_setup	8	static
loging.c:359:13:loging_loop	72	static
duplex.c:13:13:send_info_packet	8	static
duplex.c:18:13:duplex_setup	8	static
duplex.c:71:13:duplex_checkINT	8	static
duplex.c:76:13:decodePacket	24	static
duplex.c:107:13:preparePacket	24	static
duplex.c:138:13:duplex_loop	4	static
sensing.c:18:13:sensing_setup	16	static
sensing.c:251:13:sensing_loop	8	static
steering.c:23:13:PID	64	static
steering.c:66:14:bearing	72	static
steering.c:89:13:steering_setup	8	static
steering.c:120:13:steering_loop	4	static
run.c:26:13:latchArms	4	static
run.c:35:13:openArms	4	static
run.c:44:13:terminator	16	static
run.c:88:13:setup	8	static
run.c:111:13:loop	8	static
main.c:92:6:HAL_UART_RxCpltCallback	16	static
main.c:108:5:main	8	static
main.c:186:6:SystemClock_Config	104	static
main.c:237:13:MX_I2C1_Init	8	static
main.c:271:13:MX_I2C2_Init	8	static
main.c:305:13:MX_RTC_Init	8	static
main.c:339:13:MX_SDIO_SD_Init	4	static
main.c:367:13:MX_SPI1_Init	8	static
main.c:405:13:MX_TIM2_Init	32	static
main.c:450:13:MX_TIM3_Init	64	static
main.c:513:13:MX_TIM5_Init	32	static
main.c:558:13:MX_USART1_UART_Init	8	static
main.c:591:13:MX_USART2_UART_Init	8	static
main.c:622:13:MX_DMA_Init	16	static
main.c:642:13:MX_GPIO_Init	48	static
main.c:720:20:Get_I2C1_Instance	4	static
main.c:721:20:Get_I2C2_Instance	4	static
main.c:722:20:Get_SPI1_Instance	4	static
main.c:723:21:Get_UART1_Instance	4	static
main.c:724:21:Get_UART2_Instance	4	static
main.c:725:20:Get_RTC_Instance	4	static
main.c:726:20:Get_TIM2_Instance	4	static
main.c:727:20:Get_TIM3_Instance	4	static
main.c:728:20:Get_TIM5_Instance	4	static
main.c:736:6:Error_Handler	4	static
