clock.h:8:24:micros	4	static
run.h:36:20:print	24	static
run.h:61:20:println	24	static
run.c:44:13:setup	8	static
run.c:68:13:loop	16	static
main.c:90:6:HAL_UART_RxCpltCallback	16	static
main.c:102:5:main	8	static
main.c:176:6:SystemClock_Config	104	static
main.c:227:13:MX_I2C1_Init	8	static
main.c:261:13:MX_I2C2_Init	8	static
main.c:295:13:MX_RTC_Init	8	static
main.c:329:13:MX_SDIO_SD_Init	4	static
main.c:357:13:MX_SPI1_Init	8	static
main.c:395:13:MX_TIM2_Init	32	static
main.c:440:13:MX_TIM3_Init	64	static
main.c:503:13:MX_TIM5_Init	32	static
main.c:548:13:MX_USART1_UART_Init	8	static
main.c:579:13:MX_DMA_Init	16	static
main.c:599:13:MX_GPIO_Init	48	static
main.c:677:20:Get_I2C1_Instance	4	static
main.c:678:20:Get_I2C2_Instance	4	static
main.c:679:20:Get_SPI1_Instance	4	static
main.c:680:21:Get_UART1_Instance	4	static
main.c:681:20:Get_RTC_Instance	4	static
main.c:682:20:Get_TIM2_Instance	4	static
main.c:683:20:Get_TIM3_Instance	4	static
main.c:684:20:Get_TIM5_Instance	4	static
main.c:692:6:Error_Handler	4	static
