run.h:32:20:println	24	static
run.h:51:20:printv	16	static
transmitter.c:17:13:transmitter_begin	16	static
transmitter.c:50:13:transmitter_loop	16	static
run.c:18:13:setup	16	static
run.c:32:13:loop	8	static
main.c:92:5:main	8	static
main.c:172:6:SystemClock_Config	104	static
main.c:223:13:MX_I2C1_Init	8	static
main.c:257:13:MX_RTC_Init	8	static
main.c:291:13:MX_SDIO_SD_Init	4	static
main.c:319:13:MX_SPI1_Init	8	static
main.c:357:13:MX_TIM2_Init	32	static
main.c:402:13:MX_TIM3_Init	64	static
main.c:465:13:MX_TIM5_Init	64	static
main.c:528:13:MX_USART3_UART_Init	8	static
main.c:559:13:MX_DMA_Init	16	static
main.c:579:13:MX_GPIO_Init	48	static
main.c:660:20:Get_I2C1_Instance	4	static
main.c:661:20:Get_SPI1_Instance	4	static
main.c:662:21:Get_UART3_Instance	4	static
main.c:663:20:Get_RTC_Instance	4	static
main.c:664:20:Get_TIM2_Instance	4	static
main.c:665:20:Get_TIM3_Instance	4	static
main.c:666:20:Get_TIM5_Instance	4	static
main.c:674:6:Error_Handler	4	static
