run.h:22:20:print	16	static
run.h:32:20:println	16	static
run.h:51:20:printv	16	static
run.h:61:20:print_int	16	static
run.h:72:20:print_float	16	static
clock.h:10:24:micros	4	static
clock.h:11:24:millis	4	static
clock.h:43:24:getTime	56	static
sdTest.c:19:13:sdTest_begin	88	static
sdTest.c:58:13:sdTest_loop	56	static
duplex.c:22:13:duplex_begin	16	static
duplex.c:57:13:duplex_checkINT	8	static
duplex.c:62:13:duplex_loop	16	static
imuTest.c:37:13:imuTest_getData	8	static
imuTest.c:67:13:imuTest_quatUpdate	8	static
imuTest.c:85:13:imuTest_getEuler	16	static
imuTest.c:96:13:imuTest_printData	8	static
imuTest.c:138:13:imuTest_begin	24	static
imuTest.c:242:13:imuTest_loop	8	static
sensing.c:30:13:sensing_begin	16	static
sensing.c:84:13:sensing_loop	24	static
motorTest.c:16:13:motorTest_begin	8	static
motorTest.c:24:13:mot_up_down	16	static
algoGalgo.c:17:13:algoGalgo	72	static
algoGalgo.c:84:14:bearing	72	static
run.c:30:13:setup	8	static
run.c:65:13:preparePacket	24	static
run.c:101:13:loop	24	static
main.c:87:6:HAL_UART_RxCpltCallback	16	static
main.c:99:5:main	8	static
main.c:179:6:SystemClock_Config	104	static
main.c:230:13:MX_I2C1_Init	8	static
main.c:264:13:MX_RTC_Init	8	static
main.c:298:13:MX_SDIO_SD_Init	4	static
main.c:326:13:MX_SPI1_Init	8	static
main.c:364:13:MX_TIM2_Init	32	static
main.c:409:13:MX_TIM3_Init	64	static
main.c:472:13:MX_TIM5_Init	64	static
main.c:535:13:MX_USART3_UART_Init	8	static
main.c:566:13:MX_DMA_Init	16	static
main.c:586:13:MX_GPIO_Init	48	static
main.c:667:20:Get_I2C1_Instance	4	static
main.c:668:20:Get_SPI1_Instance	4	static
main.c:669:21:Get_UART3_Instance	4	static
main.c:670:20:Get_RTC_Instance	4	static
main.c:671:20:Get_TIM2_Instance	4	static
main.c:672:20:Get_TIM3_Instance	4	static
main.c:673:20:Get_TIM5_Instance	4	static
main.c:681:6:Error_Handler	4	static
