run.h:22:20:print	16	static
run.h:32:20:println	24	static
run.h:61:20:print_int	16	static
clock.h:11:24:millis	4	static
clock.h:43:24:getTime	56	static
sdTest.c:19:13:sdTest_begin	88	static
sdTest.c:55:13:sdTest_loop	56	static
run.c:16:13:setup	8	static
run.c:29:13:loop	8	static
main.c:92:5:main	8	static
main.c:172:6:SystemClock_Config	104	static
main.c:223:13:MX_I2C1_Init	8	static
main.c:257:13:MX_RTC_Init	32	static
main.c:319:13:MX_SDIO_SD_Init	4	static
main.c:347:13:MX_SPI1_Init	8	static
main.c:385:13:MX_TIM2_Init	32	static
main.c:430:13:MX_TIM3_Init	64	static
main.c:493:13:MX_TIM5_Init	64	static
main.c:556:13:MX_USART3_UART_Init	8	static
main.c:587:13:MX_DMA_Init	16	static
main.c:607:13:MX_GPIO_Init	48	static
main.c:688:20:Get_I2C1_Instance	4	static
main.c:689:20:Get_SPI1_Instance	4	static
main.c:690:21:Get_UART3_Instance	4	static
main.c:691:20:Get_RTC_Instance	4	static
main.c:692:20:Get_TIM2_Instance	4	static
main.c:693:20:Get_TIM3_Instance	4	static
main.c:694:20:Get_TIM5_Instance	4	static
main.c:702:6:Error_Handler	4	static
