clock.h:8:24:micros	4	static
clock.h:9:24:millis	4	static
clock.h:42:24:getTime	56	static
run.h:83:20:println	24	static
run.h:123:20:floatToBytes	24	static
run.h:124:20:bytesToFloat	24	static
loging.c:36:13:log_print_dummy	4	static
loging.c:70:13:log_new	32	static
loging.c:98:13:log_save	8	static
loging.c:157:13:log_print	16	static
loging.c:176:13:log_bmp	40	static
loging.c:189:13:log_gps	48	static
loging.c:202:13:log_imu	48	static
loging.c:215:13:log_mot	40	static
loging.c:228:13:log_radio	16	static
loging.c:256:13:loging_setup	88	static
loging.c:317:13:loging_loop	72	static
duplex.c:13:13:send_info_packet	8	static
duplex.c:18:13:duplex_setup	16	static
duplex.c:71:13:duplex_checkINT	8	static
duplex.c:76:13:decodePacket	24	static
duplex.c:107:13:preparePacket	24	static
duplex.c:138:13:duplex_loop	8	static
sensing.c:17:13:sensing_setup	16	static
sensing.c:211:13:sensing_loop	8	static
steering.c:23:13:PID	64	static
steering.c:66:14:bearing	72	static
steering.c:89:13:steering_setup	8	static
steering.c:120:13:steering_loop	8	static
run.c:25:13:latchArms	4	static
run.c:34:13:openArms	4	static
run.c:43:13:terminator	16	static
run.c:87:13:setup	8	static
run.c:108:13:loop	8	static
main.c:90:6:HAL_UART_RxCpltCallback	16	static
main.c:102:5:main	8	static
main.c:176:6:SystemClock_Config	104	static
main.c:227:13:MX_I2C1_Init	8	static
main.c:261:13:MX_I2C2_Init	8	static
main.c:295:13:MX_RTC_Init	8	static
main.c:329:13:MX_SDIO_SD_Init	4	static
main.c:357:13:MX_SPI1_Init	8	static
main.c:395:13:MX_TIM2_Init	32	static
main.c:440:13:MX_TIM3_Init	64	static
main.c:503:13:MX_TIM5_Init	32	static
main.c:548:13:MX_USART1_UART_Init	8	static
main.c:579:13:MX_DMA_Init	16	static
main.c:599:13:MX_GPIO_Init	48	static
main.c:677:20:Get_I2C1_Instance	4	static
main.c:678:20:Get_I2C2_Instance	4	static
main.c:679:20:Get_SPI1_Instance	4	static
main.c:680:21:Get_UART1_Instance	4	static
main.c:681:20:Get_RTC_Instance	4	static
main.c:682:20:Get_TIM2_Instance	4	static
main.c:683:20:Get_TIM3_Instance	4	static
main.c:684:20:Get_TIM5_Instance	4	static
main.c:692:6:Error_Handler	4	static
