Archive member included to satisfy reference by file (symbol)

c:/program files/stm/stm32cubeide_1.2.0/stm32cubeide/plugins/com.st.stm32cube.ide.mcu.externaltools.gnu-tools-for-stm32.7-2018-q2-update.win32_1.0.0.201904181610/tools/bin/../lib/gcc/arm-none-eabi/7.3.1/../../../../arm-none-eabi/lib/thumb/v7e-m/fpv4-sp/hard\libc_nano.a(lib_a-exit.o)
                              c:/program files/stm/stm32cubeide_1.2.0/stm32cubeide/plugins/com.st.stm32cube.ide.mcu.externaltools.gnu-tools-for-stm32.7-2018-q2-update.win32_1.0.0.201904181610/tools/bin/../lib/gcc/arm-none-eabi/7.3.1/../../../../arm-none-eabi/lib/thumb/v7e-m/fpv4-sp/hard/crt0.o (exit)
c:/program files/stm/stm32cubeide_1.2.0/stm32cubeide/plugins/com.st.stm32cube.ide.mcu.externaltools.gnu-tools-for-stm32.7-2018-q2-update.win32_1.0.0.201904181610/tools/bin/../lib/gcc/arm-none-eabi/7.3.1/../../../../arm-none-eabi/lib/thumb/v7e-m/fpv4-sp/hard\libc_nano.a(lib_a-impure.o)
                              c:/program files/stm/stm32cubeide_1.2.0/stm32cubeide/plugins/com.st.stm32cube.ide.mcu.externaltools.gnu-tools-for-stm32.7-2018-q2-update.win32_1.0.0.201904181610/tools/bin/../lib/gcc/arm-none-eabi/7.3.1/../../../../arm-none-eabi/lib/thumb/v7e-m/fpv4-sp/hard\libc_nano.a(lib_a-exit.o) (_global_impure_ptr)
c:/program files/stm/stm32cubeide_1.2.0/stm32cubeide/plugins/com.st.stm32cube.ide.mcu.externaltools.gnu-tools-for-stm32.7-2018-q2-update.win32_1.0.0.201904181610/tools/bin/../lib/gcc/arm-none-eabi/7.3.1/../../../../arm-none-eabi/lib/thumb/v7e-m/fpv4-sp/hard\libc_nano.a(lib_a-init.o)
                              c:/program files/stm/stm32cubeide_1.2.0/stm32cubeide/plugins/com.st.stm32cube.ide.mcu.externaltools.gnu-tools-for-stm32.7-2018-q2-update.win32_1.0.0.201904181610/tools/bin/../lib/gcc/arm-none-eabi/7.3.1/../../../../arm-none-eabi/lib/thumb/v7e-m/fpv4-sp/hard/crt0.o (__libc_init_array)
c:/program files/stm/stm32cubeide_1.2.0/stm32cubeide/plugins/com.st.stm32cube.ide.mcu.externaltools.gnu-tools-for-stm32.7-2018-q2-update.win32_1.0.0.201904181610/tools/bin/../lib/gcc/arm-none-eabi/7.3.1/../../../../arm-none-eabi/lib/thumb/v7e-m/fpv4-sp/hard\libc_nano.a(lib_a-malloc.o)
                              Middlewares/ST/STM32_USB_Device_Library/Class/CDC/Src/usbd_cdc.o (malloc)
c:/program files/stm/stm32cubeide_1.2.0/stm32cubeide/plugins/com.st.stm32cube.ide.mcu.externaltools.gnu-tools-for-stm32.7-2018-q2-update.win32_1.0.0.201904181610/tools/bin/../lib/gcc/arm-none-eabi/7.3.1/../../../../arm-none-eabi/lib/thumb/v7e-m/fpv4-sp/hard\libc_nano.a(lib_a-memcpy-stub.o)
                              FATFS/Target/sd_diskio.o (memcpy)
c:/program files/stm/stm32cubeide_1.2.0/stm32cubeide/plugins/com.st.stm32cube.ide.mcu.externaltools.gnu-tools-for-stm32.7-2018-q2-update.win32_1.0.0.201904181610/tools/bin/../lib/gcc/arm-none-eabi/7.3.1/../../../../arm-none-eabi/lib/thumb/v7e-m/fpv4-sp/hard\libc_nano.a(lib_a-memset.o)
                              c:/program files/stm/stm32cubeide_1.2.0/stm32cubeide/plugins/com.st.stm32cube.ide.mcu.externaltools.gnu-tools-for-stm32.7-2018-q2-update.win32_1.0.0.201904181610/tools/bin/../lib/gcc/arm-none-eabi/7.3.1/../../../../arm-none-eabi/lib/thumb/v7e-m/fpv4-sp/hard/crt0.o (memset)
c:/program files/stm/stm32cubeide_1.2.0/stm32cubeide/plugins/com.st.stm32cube.ide.mcu.externaltools.gnu-tools-for-stm32.7-2018-q2-update.win32_1.0.0.201904181610/tools/bin/../lib/gcc/arm-none-eabi/7.3.1/../../../../arm-none-eabi/lib/thumb/v7e-m/fpv4-sp/hard\libc_nano.a(lib_a-nano-freer.o)
                              c:/program files/stm/stm32cubeide_1.2.0/stm32cubeide/plugins/com.st.stm32cube.ide.mcu.externaltools.gnu-tools-for-stm32.7-2018-q2-update.win32_1.0.0.201904181610/tools/bin/../lib/gcc/arm-none-eabi/7.3.1/../../../../arm-none-eabi/lib/thumb/v7e-m/fpv4-sp/hard\libc_nano.a(lib_a-malloc.o) (_free_r)
c:/program files/stm/stm32cubeide_1.2.0/stm32cubeide/plugins/com.st.stm32cube.ide.mcu.externaltools.gnu-tools-for-stm32.7-2018-q2-update.win32_1.0.0.201904181610/tools/bin/../lib/gcc/arm-none-eabi/7.3.1/../../../../arm-none-eabi/lib/thumb/v7e-m/fpv4-sp/hard\libc_nano.a(lib_a-nano-mallocr.o)
                              c:/program files/stm/stm32cubeide_1.2.0/stm32cubeide/plugins/com.st.stm32cube.ide.mcu.externaltools.gnu-tools-for-stm32.7-2018-q2-update.win32_1.0.0.201904181610/tools/bin/../lib/gcc/arm-none-eabi/7.3.1/../../../../arm-none-eabi/lib/thumb/v7e-m/fpv4-sp/hard\libc_nano.a(lib_a-malloc.o) (_malloc_r)
c:/program files/stm/stm32cubeide_1.2.0/stm32cubeide/plugins/com.st.stm32cube.ide.mcu.externaltools.gnu-tools-for-stm32.7-2018-q2-update.win32_1.0.0.201904181610/tools/bin/../lib/gcc/arm-none-eabi/7.3.1/../../../../arm-none-eabi/lib/thumb/v7e-m/fpv4-sp/hard\libc_nano.a(lib_a-nano-vfprintf_float.o)
                              (_printf_float)
[...]
Memory Configuration

Name             Origin             Length             Attributes
CCMRAM           0x0000000010000000 0x0000000000010000 xrw
RAM              0x0000000020000000 0x0000000000020000 xrw
FLASH            0x0000000008000000 0x0000000000100000 xr
*default*        0x0000000000000000 0xffffffffffffffff

Linker script and memory map

LOAD c:/program files/stm/stm32cubeide_1.2.0/stm32cubeide/plugins/com.st.stm32cube.ide.mcu.externaltools.gnu-tools-for-stm32.7-2018-q2-update.win32_1.0.0.201904181610/tools/bin/../lib/gcc/arm-none-eabi/7.3.1/thumb/v7e-m/fpv4-sp/hard/crti.o
LOAD c:/program files/stm/stm32cubeide_1.2.0/stm32cubeide/plugins/com.st.stm32cube.ide.mcu.externaltools.gnu-tools-for-stm32.7-2018-q2-update.win32_1.0.0.201904181610/tools/bin/../lib/gcc/arm-none-eabi/7.3.1/thumb/v7e-m/fpv4-sp/hard/crtbegin.o
LOAD c:/program files/stm/stm32cubeide_1.2.0/stm32cubeide/plugins/com.st.stm32cube.ide.mcu.externaltools.gnu-tools-for-stm32.7-2018-q2-update.win32_1.0.0.201904181610/tools/bin/../lib/gcc/arm-none-eabi/7.3.1/../../../../arm-none-eabi/lib/thumb/v7e-m/fpv4-sp/hard/crt0.o
LOAD Code/Components/motors.o
LOAD Code/Components/sd.o
LOAD Code/Components/sx1278.o
LOAD Code/Sensors/bmp280.o
LOAD Code/run.o
LOAD Core/Src/main.o
LOAD Core/Src/stm32f4xx_hal_msp.o
LOAD Core/Src/stm32f4xx_it.o
LOAD Core/Src/system_stm32f4xx.o
LOAD Core/Startup/startup_stm32f405rgtx.o
LOAD Drivers/STM32F4xx_HAL_Driver/Src/stm32f4xx_hal.o
LOAD Drivers/STM32F4xx_HAL_Driver/Src/stm32f4xx_hal_cortex.o
LOAD Drivers/STM32F4xx_HAL_Driver/Src/stm32f4xx_hal_dma.o
LOAD Drivers/STM32F4xx_HAL_Driver/Src/stm32f4xx_hal_dma_ex.o
LOAD Drivers/STM32F4xx_HAL_Driver/Src/stm32f4xx_hal_exti.o
LOAD Drivers/STM32F4xx_HAL_Driver/Src/stm32f4xx_hal_flash.o
LOAD Drivers/STM32F4xx_HAL_Driver/Src/stm32f4xx_hal_flash_ex.o
LOAD Drivers/STM32F4xx_HAL_Driver/Src/stm32f4xx_hal_flash_ramfunc.o
LOAD Drivers/STM32F4xx_HAL_Driver/Src/stm32f4xx_hal_gpio.o
LOAD Drivers/STM32F4xx_HAL_Driver/Src/stm32f4xx_hal_i2c.o
LOAD Drivers/STM32F4xx_HAL_Driver/Src/stm32f4xx_hal_i2c_ex.o
LOAD Drivers/STM32F4xx_HAL_Driver/Src/stm32f4xx_hal_pcd.o
LOAD Drivers/STM32F4xx_HAL_Driver/Src/stm32f4xx_hal_pcd_ex.o
LOAD Drivers/STM32F4xx_HAL_Driver/Src/stm32f4xx_hal_pwr.o
LOAD Drivers/STM32F4xx_HAL_Driver/Src/stm32f4xx_hal_pwr_ex.o
LOAD Drivers/STM32F4xx_HAL_Driver/Src/stm32f4xx_hal_rcc.o
LOAD Drivers/STM32F4xx_HAL_Driver/Src/stm32f4xx_hal_rcc_ex.o
LOAD Drivers/STM32F4xx_HAL_Driver/Src/stm32f4xx_hal_rtc.o
LOAD Drivers/STM32F4xx_HAL_Driver/Src/stm32f4xx_hal_rtc_ex.o
LOAD Drivers/STM32F4xx_HAL_Driver/Src/stm32f4xx_hal_sd.o
LOAD Drivers/STM32F4xx_HAL_Driver/Src/stm32f4xx_hal_spi.o
LOAD Drivers/STM32F4xx_HAL_Driver/Src/stm32f4xx_hal_tim.o
LOAD Drivers/STM32F4xx_HAL_Driver/Src/stm32f4xx_hal_tim_ex.o
LOAD Drivers/STM32F4xx_HAL_Driver/Src/stm32f4xx_hal_uart.o
LOAD Drivers/STM32F4xx_HAL_Driver/Src/stm32f4xx_ll_sdmmc.o
LOAD Drivers/STM32F4xx_HAL_Driver/Src/stm32f4xx_ll_usb.o
LOAD FATFS/App/fatfs.o
LOAD FATFS/Target/bsp_driver_sd.o
LOAD FATFS/Target/fatfs_platform.o
LOAD FATFS/Target/sd_diskio.o
LOAD Middlewares/ST/STM32_USB_Device_Library/Class/CDC/Src/usbd_cdc.o
LOAD Middlewares/ST/STM32_USB_Device_Library/Core/Src/usbd_core.o
LOAD Middlewares/ST/STM32_USB_Device_Library/Core/Src/usbd_ctlreq.o
LOAD Middlewares/ST/STM32_USB_Device_Library/Core/Src/usbd_ioreq.o
LOAD Middlewares/Third_Party/FatFs/src/diskio.o
LOAD Middlewares/Third_Party/FatFs/src/ff.o
LOAD Middlewares/Third_Party/FatFs/src/ff_gen_drv.o
LOAD Middlewares/Third_Party/FatFs/src/option/syscall.o
LOAD USB_DEVICE/App/usb_device.o
LOAD USB_DEVICE/App/usbd_cdc_if.o
LOAD USB_DEVICE/App/usbd_desc.o
LOAD USB_DEVICE/Target/usbd_conf.o
START GROUP
LOAD c:/program files/stm/stm32cubeide_1.2.0/stm32cubeide/plugins/com.st.stm32cube.ide.mcu.externaltools.gnu-tools-for-stm32.7-2018-q2-update.win32_1.0.0.201904181610/tools/bin/../lib/gcc/arm-none-eabi/7.3.1/../../../../arm-none-eabi/lib/thumb/v7e-m/fpv4-sp/hard\libc_nano.a
LOAD c:/program files/stm/stm32cubeide_1.2.0/stm32cubeide/plugins/com.st.stm32cube.ide.mcu.externaltools.gnu-tools-for-stm32.7-2018-q2-update.win32_1.0.0.201904181610/tools/bin/../lib/gcc/arm-none-eabi/7.3.1/../../../../arm-none-eabi/lib/thumb/v7e-m/fpv4-sp/hard\libm.a
END GROUP
START GROUP
LOAD c:/program files/stm/stm32cubeide_1.2.0/stm32cubeide/plugins/com.st.stm32cube.ide.mcu.externaltools.gnu-tools-for-stm32.7-2018-q2-update.win32_1.0.0.201904181610/tools/bin/../lib/gcc/arm-none-eabi/7.3.1/thumb/v7e-m/fpv4-sp/hard\libgcc.a
LOAD c:/program files/stm/stm32cubeide_1.2.0/stm32cubeide/plugins/com.st.stm32cube.ide.mcu.externaltools.gnu-tools-for-stm32.7-2018-q2-update.win32_1.0.0.201904181610/tools/bin/../lib/gcc/arm-none-eabi/7.3.1/../../../../arm-none-eabi/lib/thumb/v7e-m/fpv4-sp/hard\libc_nano.a
END GROUP
START GROUP
LOAD c:/program files/stm/stm32cubeide_1.2.0/stm32cubeide/plugins/com.st.stm32cube.ide.mcu.externaltools.gnu-tools-for-stm32.7-2018-q2-update.win32_1.0.0.201904181610/tools/bin/../lib/gcc/arm-none-eabi/7.3.1/thumb/v7e-m/fpv4-sp/hard\libgcc.a
LOAD c:/program files/stm/stm32cubeide_1.2.0/stm32cubeide/plugins/com.st.stm32cube.ide.mcu.externaltools.gnu-tools-for-stm32.7-2018-q2-update.win32_1.0.0.201904181610/tools/bin/../lib/gcc/arm-none-eabi/7.3.1/../../../../arm-none-eabi/lib/thumb/v7e-m/fpv4-sp/hard\libc_nano.a
LOAD c:/program files/stm/stm32cubeide_1.2.0/stm32cubeide/plugins/com.st.stm32cube.ide.mcu.externaltools.gnu-tools-for-stm32.7-2018-q2-update.win32_1.0.0.201904181610/tools/bin/../lib/gcc/arm-none-eabi/7.3.1/../../../../arm-none-eabi/lib/thumb/v7e-m/fpv4-sp/hard\libnosys.a
END GROUP
START GROUP
LOAD c:/program files/stm/stm32cubeide_1.2.0/stm32cubeide/plugins/com.st.stm32cube.ide.mcu.externaltools.gnu-tools-for-stm32.7-2018-q2-update.win32_1.0.0.201904181610/tools/bin/../lib/gcc/arm-none-eabi/7.3.1/thumb/v7e-m/fpv4-sp/hard\libgcc.a
LOAD c:/program files/stm/stm32cubeide_1.2.0/stm32cubeide/plugins/com.st.stm32cube.ide.mcu.externaltools.gnu-tools-for-stm32.7-2018-q2-update.win32_1.0.0.201904181610/tools/bin/../lib/gcc/arm-none-eabi/7.3.1/../../../../arm-none-eabi/lib/thumb/v7e-m/fpv4-sp/hard\libc_nano.a
LOAD c:/program files/stm/stm32cubeide_1.2.0/stm32cubeide/plugins/com.st.stm32cube.ide.mcu.externaltools.gnu-tools-for-stm32.7-2018-q2-update.win32_1.0.0.201904181610/tools/bin/../lib/gcc/arm-none-eabi/7.3.1/../../../../arm-none-eabi/lib/thumb/v7e-m/fpv4-sp/hard\libnosys.a
END GROUP
LOAD c:/program files/stm/stm32cubeide_1.2.0/stm32cubeide/plugins/com.st.stm32cube.ide.mcu.externaltools.gnu-tools-for-stm32.7-2018-q2-update.win32_1.0.0.201904181610/tools/bin/../lib/gcc/arm-none-eabi/7.3.1/thumb/v7e-m/fpv4-sp/hard/crtend.o
LOAD c:/program files/stm/stm32cubeide_1.2.0/stm32cubeide/plugins/com.st.stm32cube.ide.mcu.externaltools.gnu-tools-for-stm32.7-2018-q2-update.win32_1.0.0.201904181610/tools/bin/../lib/gcc/arm-none-eabi/7.3.1/thumb/v7e-m/fpv4-sp/hard/crtn.o
                0x0000000020020000                _estack = (ORIGIN (RAM) + LENGTH (RAM))
                0x0000000000000200                _Min_Heap_Size = 0x200
                0x0000000000000400                _Min_Stack_Size = 0x400

.isr_vector     0x0000000008000000      0x188
                0x0000000008000000                . = ALIGN (0x4)
 *(.isr_vector)
 .isr_vector    0x0000000008000000      0x188 Core/Startup/startup_stm32f405rgtx.o
                0x0000000008000000                g_pfnVectors
                0x0000000008000188                . = ALIGN (0x4)

.text           0x0000000008000190    0x10374
                0x0000000008000190                . = ALIGN (0x4)
 *(.text)
 .text          0x0000000008000190       0x40 c:/program files/stm/stm32cubeide_1.2.0/stm32cubeide/plugins/com.st.stm32cube.ide.mcu.externaltools.gnu-tools-for-stm32.7-2018-q2-update.win32_1.0.0.201904181610/tools/bin/../lib/gcc/arm-none-eabi/7.3.1/thumb/v7e-m/fpv4-sp/hard/crtbegin.o
 .text          0x00000000080001d0       0x10 c:/program files/stm/stm32cubeide_1.2.0/stm32cubeide/plugins/com.st.stm32cube.ide.mcu.externaltools.gnu-tools-for-stm32.7-2018-q2-update.win32_1.0.0.201904181610/tools/bin/../lib/gcc/arm-none-eabi/7.3.1/../../../../arm-none-eabi/lib/thumb/v7e-m/fpv4-sp/hard\libc_nano.a(lib_a-strlen.o)
                0x00000000080001d0                strlen
 .text          0x00000000080001e0       0xa0 c:/program files/stm/stm32cubeide_1.2.0/stm32cubeide/plugins/com.st.stm32cube.ide.mcu.externaltools.gnu-tools-for-stm32.7-2018-q2-update.win32_1.0.0.201904181610/tools/bin/../lib/gcc/arm-none-eabi/7.3.1/../../../../arm-none-eabi/lib/thumb/v7e-m/fpv4-sp/hard\libc_nano.a(lib_a-memchr.o)
                0x00000000080001e0                memchr
 .text          0x0000000008000280      0x378 c:/program files/stm/stm32cubeide_1.2.0/stm32cubeide/plugins/com.st.stm32cube.ide.mcu.externaltools.gnu-tools-for-stm32.7-2018-q2-update.win32_1.0.0.201904181610/tools/bin/../lib/gcc/arm-none-eabi/7.3.1/thumb/v7e-m/fpv4-sp/hard\libgcc.a(_arm_addsubdf3.o)
                0x0000000008000280                __aeabi_drsub
                0x0000000008000288                __aeabi_dsub
                0x0000000008000288                __subdf3
                0x000000000800028c                __aeabi_dadd
                0x000000000800028c                __adddf3
                0x0000000008000504                __floatunsidf
                0x0000000008000504                __aeabi_ui2d
                0x0000000008000524                __floatsidf
                0x0000000008000524                __aeabi_i2d
                0x0000000008000548                __aeabi_f2d
                0x0000000008000548                __extendsfdf2
                0x000000000800058c                __floatundidf
                0x000000000800058c                __aeabi_ul2d
                0x000000000800059c                __floatdidf
                0x000000000800059c                __aeabi_l2d
 .text          0x00000000080005f8      0x424 c:/program files/stm/stm32cubeide_1.2.0/stm32cubeide/plugins/com.st.stm32cube.ide.mcu.externaltools.gnu-tools-for-stm32.7-2018-q2-update.win32_1.0.0.201904181610/tools/bin/../lib/gcc/arm-none-eabi/7.3.1/thumb/v7e-m/fpv4-sp/hard\libgcc.a(_arm_muldivdf3.o)
                0x00000000080005f8                __aeabi_dmul
                0x00000000080005f8                __muldf3
                0x000000000800084c                __divdf3
                0x000000000800084c                __aeabi_ddiv
 .text          0x0000000008000a1c      0x110 c:/program files/stm/stm32cubeide_1.2.0/stm32cubeide/plugins/com.st.stm32cube.ide.mcu.externaltools.gnu-tools-for-stm32.7-2018-q2-update.win32_1.0.0.201904181610/tools/bin/../lib/gcc/arm-none-eabi/7.3.1/thumb/v7e-m/fpv4-sp/hard\libgcc.a(_arm_cmpdf2.o)
                0x0000000008000a1c                __gtdf2
                0x0000000008000a1c                __gedf2
                0x0000000008000a24                __ltdf2
                0x0000000008000a24                __ledf2
                0x0000000008000a2c                __nedf2
                0x0000000008000a2c                __eqdf2
                0x0000000008000a2c                __cmpdf2
                0x0000000008000aa8                __aeabi_cdrcmple
                0x0000000008000ab8                __aeabi_cdcmpeq
                0x0000000008000ab8                __aeabi_cdcmple
                0x0000000008000ac8                __aeabi_dcmpeq
                0x0000000008000adc                __aeabi_dcmplt
                0x0000000008000af0                __aeabi_dcmple
                0x0000000008000b04                __aeabi_dcmpge
                0x0000000008000b18                __aeabi_dcmpgt
 .text          0x0000000008000b2c       0x2c c:/program files/stm/stm32cubeide_1.2.0/stm32cubeide/plugins/com.st.stm32cube.ide.mcu.externaltools.gnu-tools-for-stm32.7-2018-q2-update.win32_1.0.0.201904181610/tools/bin/../lib/gcc/arm-none-eabi/7.3.1/thumb/v7e-m/fpv4-sp/hard\libgcc.a(_arm_unorddf2.o)
                0x0000000008000b2c                __unorddf2
                0x0000000008000b2c                __aeabi_dcmpun
 .text          0x0000000008000b58       0x50 c:/program files/stm/stm32cubeide_1.2.0/stm32cubeide/plugins/com.st.stm32cube.ide.mcu.externaltools.gnu-tools-for-stm32.7-2018-q2-update.win32_1.0.0.201904181610/tools/bin/../lib/gcc/arm-none-eabi/7.3.1/thumb/v7e-m/fpv4-sp/hard\libgcc.a(_arm_fixdfsi.o)
                0x0000000008000b58                __aeabi_d2iz
                0x0000000008000b58                __fixdfsi
 .text          0x0000000008000ba8       0x40 c:/program files/stm/stm32cubeide_1.2.0/stm32cubeide/plugins/com.st.stm32cube.ide.mcu.externaltools.gnu-tools-for-stm32.7-2018-q2-update.win32_1.0.0.201904181610/tools/bin/../lib/gcc/arm-none-eabi/7.3.1/thumb/v7e-m/fpv4-sp/hard\libgcc.a(_arm_fixunsdfsi.o)
                0x0000000008000ba8                __aeabi_d2uiz
                0x0000000008000ba8                __fixunsdfsi
 .text          0x0000000008000be8       0xa0 c:/program files/stm/stm32cubeide_1.2.0/stm32cubeide/plugins/com.st.stm32cube.ide.mcu.externaltools.gnu-tools-for-stm32.7-2018-q2-update.win32_1.0.0.201904181610/tools/bin/../lib/gcc/arm-none-eabi/7.3.1/thumb/v7e-m/fpv4-sp/hard\libgcc.a(_arm_truncdfsf2.o)
                0x0000000008000be8                __truncdfsf2
                0x0000000008000be8                __aeabi_d2f
 .text          0x0000000008000c88       0x30 c:/program files/stm/stm32cubeide_1.2.0/stm32cubeide/plugins/com.st.stm32cube.ide.mcu.externaltools.gnu-tools-for-stm32.7-2018-q2-update.win32_1.0.0.201904181610/tools/bin/../lib/gcc/arm-none-eabi/7.3.1/thumb/v7e-m/fpv4-sp/hard\libgcc.a(_aeabi_uldivmod.o)
                0x0000000008000c88                __aeabi_uldivmod
 .text          0x0000000008000cb8      0x2cc c:/program files/stm/stm32cubeide_1.2.0/stm32cubeide/plugins/com.st.stm32cube.ide.mcu.externaltools.gnu-tools-for-stm32.7-2018-q2-update.win32_1.0.0.201904181610/tools/bin/../lib/gcc/arm-none-eabi/7.3.1/thumb/v7e-m/fpv4-sp/hard\libgcc.a(_udivmoddi4.o)
                0x0000000008000cb8                __udivmoddi4
 .text          0x0000000008000f84        0x4 c:/program files/stm/stm32cubeide_1.2.0/stm32cubeide/plugins/com.st.stm32cube.ide.mcu.externaltools.gnu-tools-for-stm32.7-2018-q2-update.win32_1.0.0.201904181610/tools/bin/../lib/gcc/arm-none-eabi/7.3.1/thumb/v7e-m/fpv4-sp/hard\libgcc.a(_dvmd_tls.o)
                0x0000000008000f84                __aeabi_idiv0
                0x0000000008000f84                __aeabi_ldiv0
 *(.text*)
 .text.println  0x0000000008000f88       0x30 Core/Src/main.o
 .text.setup    0x0000000008000fb8       0xc8 Core/Src/main.o
 .text.loop     0x0000000008001080      0x1f8 Core/Src/main.o
 .text.dio0_IRQ
                0x0000000008001278        0xe Core/Src/main.o
 *fill*         0x0000000008001286        0x2 
 .text.setMotors
                0x0000000008001288       0xe4 Core/Src/main.o
 .text.haltMotors
                0x000000000800136c       0x28 Core/Src/main.o
 .text.enableMotors
                0x0000000008001394       0x74 Core/Src/main.o
 .text.setPwmFrequency
                0x0000000008001408       0x28 Core/Src/main.o
 .text.main     0x0000000008001430       0x50 Core/Src/main.o
                0x0000000008001430                main
 .text.SystemClock_Config
                0x0000000008001480      0x104 Core/Src/main.o
                0x0000000008001480                SystemClock_Config
 .text.MX_I2C1_Init
                0x0000000008001584       0x5c Core/Src/main.o
 .text.MX_RTC_Init
                0x00000000080015e0       0xb4 Core/Src/main.o
 .text.MX_SDIO_SD_Init
                0x0000000008001694       0x40 Core/Src/main.o
 .text.MX_SPI1_Init
                0x00000000080016d4       0x6c Core/Src/main.o
 .text.MX_TIM2_Init
                0x0000000008001740      0x100 Core/Src/main.o
 .text.MX_TIM3_Init
                0x0000000008001840       0x9c Core/Src/main.o
 .text.MX_TIM5_Init
                0x00000000080018dc       0x9c Core/Src/main.o
 .text.MX_USART3_UART_Init
                0x0000000008001978       0x54 Core/Src/main.o
 .text.MX_DMA_Init
                0x00000000080019cc       0x50 Core/Src/main.o
 .text.MX_GPIO_Init
                0x0000000008001a1c      0x1e8 Core/Src/main.o
 .text.Get_TIM2_Instance
                0x0000000008001c04       0x14 Core/Src/main.o
                0x0000000008001c04                Get_TIM2_Instance
 .text.HAL_GPIO_EXTI_Callback
                0x0000000008001c18       0x1c Core/Src/main.o
                0x0000000008001c18                HAL_GPIO_EXTI_Callback
 .text.HAL_TIM_PeriodElapsedCallback
                0x0000000008001c34       0x24 Core/Src/main.o
                0x0000000008001c34                HAL_TIM_PeriodElapsedCallback
 .text.Error_Handler
                0x0000000008001c58        0xe Core/Src/main.o
                0x0000000008001c58                Error_Handler
 *fill*         0x0000000008001c66        0x2 
 .text.HAL_MspInit
                0x0000000008001c68       0x50 Core/Src/stm32f4xx_hal_msp.o
                0x0000000008001c68                HAL_MspInit
 .text.HAL_I2C_MspInit
                0x0000000008001cb8       0x90 Core/Src/stm32f4xx_hal_msp.o
                0x0000000008001cb8                HAL_I2C_MspInit
 .text.HAL_RTC_MspInit
                0x0000000008001d48       0x2c Core/Src/stm32f4xx_hal_msp.o
                0x0000000008001d48                HAL_RTC_MspInit
 .text.HAL_SD_MspInit
                0x0000000008001d74      0x200 Core/Src/stm32f4xx_hal_msp.o
                0x0000000008001d74                HAL_SD_MspInit
 .text.HAL_SPI_MspInit
                0x0000000008001f74       0x90 Core/Src/stm32f4xx_hal_msp.o
                0x0000000008001f74                HAL_SPI_MspInit
 .text.HAL_TIM_Base_MspInit
                0x0000000008002004       0xa4 Core/Src/stm32f4xx_hal_msp.o
                0x0000000008002004                HAL_TIM_Base_MspInit
 .text.HAL_TIM_MspPostInit
                0x00000000080020a8       0x70 Core/Src/stm32f4xx_hal_msp.o
                0x00000000080020a8                HAL_TIM_MspPostInit
 .text.HAL_UART_MspInit
                0x0000000008002118       0x90 Core/Src/stm32f4xx_hal_msp.o
                0x0000000008002118                HAL_UART_MspInit
 .text.NMI_Handler
                0x00000000080021a8        0xe Core/Src/stm32f4xx_it.o
                0x00000000080021a8                NMI_Handler
 .text.HardFault_Handler
                0x00000000080021b6        0x6 Core/Src/stm32f4xx_it.o
                0x00000000080021b6                HardFault_Handler
 .text.MemManage_Handler
                0x00000000080021bc        0x6 Core/Src/stm32f4xx_it.o
                0x00000000080021bc                MemManage_Handler
 .text.BusFault_Handler
                0x00000000080021c2        0x6 Core/Src/stm32f4xx_it.o
                0x00000000080021c2                BusFault_Handler
 .text.UsageFault_Handler
                0x00000000080021c8        0x6 Core/Src/stm32f4xx_it.o
                0x00000000080021c8                UsageFault_Handler
 .text.SVC_Handler
                0x00000000080021ce        0xe Core/Src/stm32f4xx_it.o
                0x00000000080021ce                SVC_Handler
 .text.DebugMon_Handler
                0x00000000080021dc        0xe Core/Src/stm32f4xx_it.o
                0x00000000080021dc                DebugMon_Handler
 .text.PendSV_Handler
                0x00000000080021ea        0xe Core/Src/stm32f4xx_it.o
                0x00000000080021ea                PendSV_Handler
 .text.SysTick_Handler
                0x00000000080021f8        0xc Core/Src/stm32f4xx_it.o
                0x00000000080021f8                SysTick_Handler
 .text.EXTI9_5_IRQHandler
                0x0000000008002204        0xe Core/Src/stm32f4xx_it.o
                0x0000000008002204                EXTI9_5_IRQHandler
 *fill*         0x0000000008002212        0x2 
 .text.TIM3_IRQHandler
                0x0000000008002214       0x14 Core/Src/stm32f4xx_it.o
                0x0000000008002214                TIM3_IRQHandler
 .text.SDIO_IRQHandler
                0x0000000008002228       0x14 Core/Src/stm32f4xx_it.o
                0x0000000008002228                SDIO_IRQHandler
 .text.DMA2_Stream3_IRQHandler
                0x000000000800223c       0x14 Core/Src/stm32f4xx_it.o
                0x000000000800223c                DMA2_Stream3_IRQHandler
 .text.OTG_FS_IRQHandler
                0x0000000008002250       0x14 Core/Src/stm32f4xx_it.o
                0x0000000008002250                OTG_FS_IRQHandler
 .text.DMA2_Stream6_IRQHandler
                0x0000000008002264       0x14 Core/Src/stm32f4xx_it.o
                0x0000000008002264                DMA2_Stream6_IRQHandler
 .text.SystemInit
                0x0000000008002278       0x2c Core/Src/system_stm32f4xx.o
                0x0000000008002278                SystemInit
 .text.Reset_Handler
                0x00000000080022a4       0x50 Core/Startup/startup_stm32f405rgtx.o
                0x00000000080022a4                Reset_Handler
 .text.Default_Handler
                0x00000000080022f4        0x2 Core/Startup/startup_stm32f405rgtx.o
                0x00000000080022f4                RTC_Alarm_IRQHandler
                0x00000000080022f4                HASH_RNG_IRQHandler
                0x00000000080022f4                EXTI2_IRQHandler
                0x00000000080022f4                TIM8_CC_IRQHandler
                0x00000000080022f4                TIM1_CC_IRQHandler
                0x00000000080022f4                DMA2_Stream5_IRQHandler
                0x00000000080022f4                DMA1_Stream5_IRQHandler
                0x00000000080022f4                PVD_IRQHandler
                0x00000000080022f4                TAMP_STAMP_IRQHandler
                0x00000000080022f4                CAN2_RX1_IRQHandler
                0x00000000080022f4                EXTI3_IRQHandler
                0x00000000080022f4                TIM8_TRG_COM_TIM14_IRQHandler
                0x00000000080022f4                TIM1_UP_TIM10_IRQHandler
                0x00000000080022f4                TIM8_UP_TIM13_IRQHandler
                0x00000000080022f4                I2C3_ER_IRQHandler
                0x00000000080022f4                EXTI0_IRQHandler
                0x00000000080022f4                I2C2_EV_IRQHandler
                0x00000000080022f4                DMA1_Stream2_IRQHandler
                0x00000000080022f4                CAN1_RX0_IRQHandler
                0x00000000080022f4                FPU_IRQHandler
                0x00000000080022f4                OTG_HS_WKUP_IRQHandler
                0x00000000080022f4                CAN2_SCE_IRQHandler
                0x00000000080022f4                DMA2_Stream2_IRQHandler
                0x00000000080022f4                SPI1_IRQHandler
                0x00000000080022f4                TIM6_DAC_IRQHandler
                0x00000000080022f4                TIM1_BRK_TIM9_IRQHandler
                0x00000000080022f4                CAN2_RX0_IRQHandler
                0x00000000080022f4                USART6_IRQHandler
                0x00000000080022f4                USART3_IRQHandler
                0x00000000080022f4                CAN1_RX1_IRQHandler
                0x00000000080022f4                UART5_IRQHandler
                0x00000000080022f4                DMA2_Stream0_IRQHandler
                0x00000000080022f4                TIM4_IRQHandler
                0x00000000080022f4                I2C1_EV_IRQHandler
                0x00000000080022f4                DMA1_Stream6_IRQHandler
                0x00000000080022f4                DMA1_Stream1_IRQHandler
                0x00000000080022f4                UART4_IRQHandler
                0x00000000080022f4                RCC_IRQHandler
                0x00000000080022f4                TIM8_BRK_TIM12_IRQHandler
                0x00000000080022f4                Default_Handler
                0x00000000080022f4                EXTI15_10_IRQHandler
                0x00000000080022f4                ADC_IRQHandler
                0x00000000080022f4                DMA1_Stream7_IRQHandler
                0x00000000080022f4                TIM7_IRQHandler
                0x00000000080022f4                CAN2_TX_IRQHandler
                0x00000000080022f4                TIM5_IRQHandler
                0x00000000080022f4                DMA2_Stream7_IRQHandler
                0x00000000080022f4                I2C3_EV_IRQHandler
                0x00000000080022f4                RTC_WKUP_IRQHandler
                0x00000000080022f4                SPI2_IRQHandler
                0x00000000080022f4                OTG_HS_EP1_IN_IRQHandler
                0x00000000080022f4                DMA1_Stream0_IRQHandler
                0x00000000080022f4                CAN1_TX_IRQHandler
                0x00000000080022f4                EXTI4_IRQHandler
                0x00000000080022f4                FSMC_IRQHandler
                0x00000000080022f4                OTG_HS_EP1_OUT_IRQHandler
                0x00000000080022f4                WWDG_IRQHandler
                0x00000000080022f4                TIM2_IRQHandler
                0x00000000080022f4                OTG_FS_WKUP_IRQHandler
                0x00000000080022f4                TIM1_TRG_COM_TIM11_IRQHandler
                0x00000000080022f4                OTG_HS_IRQHandler
                0x00000000080022f4                EXTI1_IRQHandler
                0x00000000080022f4                USART2_IRQHandler
                0x00000000080022f4                I2C2_ER_IRQHandler
                0x00000000080022f4                DMA2_Stream1_IRQHandler
                0x00000000080022f4                CAN1_SCE_IRQHandler
                0x00000000080022f4                FLASH_IRQHandler
                0x00000000080022f4                DMA2_Stream4_IRQHandler
                0x00000000080022f4                USART1_IRQHandler
                0x00000000080022f4                SPI3_IRQHandler
                0x00000000080022f4                DMA1_Stream4_IRQHandler
                0x00000000080022f4                I2C1_ER_IRQHandler
                0x00000000080022f4                DMA1_Stream3_IRQHandler
 *fill*         0x00000000080022f6        0x2 
 .text.HAL_Init
                0x00000000080022f8       0x44 Drivers/STM32F4xx_HAL_Driver/Src/stm32f4xx_hal.o
                0x00000000080022f8                HAL_Init
 .text.HAL_InitTick
                0x000000000800233c       0x60 Drivers/STM32F4xx_HAL_Driver/Src/stm32f4xx_hal.o
                0x000000000800233c                HAL_InitTick
 .text.HAL_IncTick
                0x000000000800239c       0x28 Drivers/STM32F4xx_HAL_Driver/Src/stm32f4xx_hal.o
                0x000000000800239c                HAL_IncTick
 .text.HAL_GetTick
                0x00000000080023c4       0x18 Drivers/STM32F4xx_HAL_Driver/Src/stm32f4xx_hal.o
                0x00000000080023c4                HAL_GetTick
 .text.HAL_Delay
                0x00000000080023dc       0x44 Drivers/STM32F4xx_HAL_Driver/Src/stm32f4xx_hal.o
                0x00000000080023dc                HAL_Delay
 .text.__NVIC_SetPriorityGrouping
                0x0000000008002420       0x48 Drivers/STM32F4xx_HAL_Driver/Src/stm32f4xx_hal_cortex.o
 .text.__NVIC_GetPriorityGrouping
                0x0000000008002468       0x1c Drivers/STM32F4xx_HAL_Driver/Src/stm32f4xx_hal_cortex.o
 .text.__NVIC_EnableIRQ
                0x0000000008002484       0x3c Drivers/STM32F4xx_HAL_Driver/Src/stm32f4xx_hal_cortex.o
 .text.__NVIC_SetPriority
                0x00000000080024c0       0x54 Drivers/STM32F4xx_HAL_Driver/Src/stm32f4xx_hal_cortex.o
 .text.NVIC_EncodePriority
                0x0000000008002514       0x66 Drivers/STM32F4xx_HAL_Driver/Src/stm32f4xx_hal_cortex.o
 *fill*         0x000000000800257a        0x2 
 .text.SysTick_Config
                0x000000000800257c       0x44 Drivers/STM32F4xx_HAL_Driver/Src/stm32f4xx_hal_cortex.o
 .text.HAL_NVIC_SetPriorityGrouping
                0x00000000080025c0       0x16 Drivers/STM32F4xx_HAL_Driver/Src/stm32f4xx_hal_cortex.o
                0x00000000080025c0                HAL_NVIC_SetPriorityGrouping
 .text.HAL_NVIC_SetPriority
                0x00000000080025d6       0x38 Drivers/STM32F4xx_HAL_Driver/Src/stm32f4xx_hal_cortex.o
                0x00000000080025d6                HAL_NVIC_SetPriority
 .text.HAL_NVIC_EnableIRQ
                0x000000000800260e       0x1c Drivers/STM32F4xx_HAL_Driver/Src/stm32f4xx_hal_cortex.o
                0x000000000800260e                HAL_NVIC_EnableIRQ
 .text.HAL_SYSTICK_Config
                0x000000000800262a       0x18 Drivers/STM32F4xx_HAL_Driver/Src/stm32f4xx_hal_cortex.o
                0x000000000800262a                HAL_SYSTICK_Config
 *fill*         0x0000000008002642        0x2 
 .text.HAL_DMA_Init
                0x0000000008002644      0x15c Drivers/STM32F4xx_HAL_Driver/Src/stm32f4xx_hal_dma.o
                0x0000000008002644                HAL_DMA_Init
 .text.HAL_DMA_Start_IT
                0x00000000080027a0       0xb0 Drivers/STM32F4xx_HAL_Driver/Src/stm32f4xx_hal_dma.o
                0x00000000080027a0                HAL_DMA_Start_IT
 .text.HAL_DMA_Abort_IT
                0x0000000008002850       0x44 Drivers/STM32F4xx_HAL_Driver/Src/stm32f4xx_hal_dma.o
                0x0000000008002850                HAL_DMA_Abort_IT
 .text.HAL_DMA_IRQHandler
                0x0000000008002894      0x314 Drivers/STM32F4xx_HAL_Driver/Src/stm32f4xx_hal_dma.o
                0x0000000008002894                HAL_DMA_IRQHandler
 .text.HAL_DMA_GetError
                0x0000000008002ba8       0x18 Drivers/STM32F4xx_HAL_Driver/Src/stm32f4xx_hal_dma.o
                0x0000000008002ba8                HAL_DMA_GetError
 .text.DMA_SetConfig
                0x0000000008002bc0       0x5c Drivers/STM32F4xx_HAL_Driver/Src/stm32f4xx_hal_dma.o
 .text.DMA_CalcBaseAndBitshift
                0x0000000008002c1c       0x6c Drivers/STM32F4xx_HAL_Driver/Src/stm32f4xx_hal_dma.o
 .text.DMA_CheckFifoParam
                0x0000000008002c88       0xf4 Drivers/STM32F4xx_HAL_Driver/Src/stm32f4xx_hal_dma.o
 .text.HAL_GPIO_Init
                0x0000000008002d7c      0x334 Drivers/STM32F4xx_HAL_Driver/Src/stm32f4xx_hal_gpio.o
                0x0000000008002d7c                HAL_GPIO_Init
 .text.HAL_GPIO_ReadPin
                0x00000000080030b0       0x30 Drivers/STM32F4xx_HAL_Driver/Src/stm32f4xx_hal_gpio.o
                0x00000000080030b0                HAL_GPIO_ReadPin
 .text.HAL_GPIO_WritePin
                0x00000000080030e0       0x32 Drivers/STM32F4xx_HAL_Driver/Src/stm32f4xx_hal_gpio.o
                0x00000000080030e0                HAL_GPIO_WritePin
 *fill*         0x0000000008003112        0x2 
 .text.HAL_GPIO_EXTI_IRQHandler
                0x0000000008003114       0x30 Drivers/STM32F4xx_HAL_Driver/Src/stm32f4xx_hal_gpio.o
                0x0000000008003114                HAL_GPIO_EXTI_IRQHandler
 .text.HAL_I2C_Init
                0x0000000008003144      0x270 Drivers/STM32F4xx_HAL_Driver/Src/stm32f4xx_hal_i2c.o
                0x0000000008003144                HAL_I2C_Init
 .text.HAL_PCD_Init
                0x00000000080033b4      0x23a Drivers/STM32F4xx_HAL_Driver/Src/stm32f4xx_hal_pcd.o
                0x00000000080033b4                HAL_PCD_Init
 .text.HAL_PCD_Start
                0x00000000080035ee       0x66 Drivers/STM32F4xx_HAL_Driver/Src/stm32f4xx_hal_pcd.o
                0x00000000080035ee                HAL_PCD_Start
 .text.HAL_PCD_IRQHandler
                0x0000000008003654      0x746 Drivers/STM32F4xx_HAL_Driver/Src/stm32f4xx_hal_pcd.o
                0x0000000008003654                HAL_PCD_IRQHandler
 .text.HAL_PCD_SetAddress
                0x0000000008003d9a       0x4a Drivers/STM32F4xx_HAL_Driver/Src/stm32f4xx_hal_pcd.o
                0x0000000008003d9a                HAL_PCD_SetAddress
 .text.HAL_PCD_EP_Open
                0x0000000008003de4       0xd0 Drivers/STM32F4xx_HAL_Driver/Src/stm32f4xx_hal_pcd.o
                0x0000000008003de4                HAL_PCD_EP_Open
 .text.HAL_PCD_EP_Close
                0x0000000008003eb4       0x94 Drivers/STM32F4xx_HAL_Driver/Src/stm32f4xx_hal_pcd.o
                0x0000000008003eb4                HAL_PCD_EP_Close
 .text.HAL_PCD_EP_Receive
                0x0000000008003f48       0x96 Drivers/STM32F4xx_HAL_Driver/Src/stm32f4xx_hal_pcd.o
                0x0000000008003f48                HAL_PCD_EP_Receive
 .text.HAL_PCD_EP_GetRxCount
                0x0000000008003fde       0x30 Drivers/STM32F4xx_HAL_Driver/Src/stm32f4xx_hal_pcd.o
                0x0000000008003fde                HAL_PCD_EP_GetRxCount
 .text.HAL_PCD_EP_Transmit
                0x000000000800400e       0x94 Drivers/STM32F4xx_HAL_Driver/Src/stm32f4xx_hal_pcd.o
                0x000000000800400e                HAL_PCD_EP_Transmit
 .text.HAL_PCD_EP_SetStall
                0x00000000080040a2       0xc8 Drivers/STM32F4xx_HAL_Driver/Src/stm32f4xx_hal_pcd.o
                0x00000000080040a2                HAL_PCD_EP_SetStall
 .text.HAL_PCD_EP_ClrStall
                0x000000000800416a       0xac Drivers/STM32F4xx_HAL_Driver/Src/stm32f4xx_hal_pcd.o
                0x000000000800416a                HAL_PCD_EP_ClrStall
 .text.PCD_WriteEmptyTxFifo
                0x0000000008004216      0x11a Drivers/STM32F4xx_HAL_Driver/Src/stm32f4xx_hal_pcd.o
 .text.PCD_EP_OutXfrComplete_int
                0x0000000008004330      0x210 Drivers/STM32F4xx_HAL_Driver/Src/stm32f4xx_hal_pcd.o
 .text.PCD_EP_OutSetupPacket_int
                0x0000000008004540       0xc0 Drivers/STM32F4xx_HAL_Driver/Src/stm32f4xx_hal_pcd.o
 .text.HAL_PCDEx_SetTxFiFo
                0x0000000008004600       0x8e Drivers/STM32F4xx_HAL_Driver/Src/stm32f4xx_hal_pcd_ex.o
                0x0000000008004600                HAL_PCDEx_SetTxFiFo
 .text.HAL_PCDEx_SetRxFiFo
                0x000000000800468e       0x22 Drivers/STM32F4xx_HAL_Driver/Src/stm32f4xx_hal_pcd_ex.o
                0x000000000800468e                HAL_PCDEx_SetRxFiFo
 .text.HAL_PCDEx_LPM_Callback
                0x00000000080046b0       0x18 Drivers/STM32F4xx_HAL_Driver/Src/stm32f4xx_hal_pcd_ex.o
                0x00000000080046b0                HAL_PCDEx_LPM_Callback
 .text.HAL_RCC_OscConfig
                0x00000000080046c8      0x4e0 Drivers/STM32F4xx_HAL_Driver/Src/stm32f4xx_hal_rcc.o
                0x00000000080046c8                HAL_RCC_OscConfig
 .text.HAL_RCC_ClockConfig
                0x0000000008004ba8      0x1cc Drivers/STM32F4xx_HAL_Driver/Src/stm32f4xx_hal_rcc.o
                0x0000000008004ba8                HAL_RCC_ClockConfig
 .text.HAL_RCC_GetSysClockFreq
                0x0000000008004d74      0x164 Drivers/STM32F4xx_HAL_Driver/Src/stm32f4xx_hal_rcc.o
                0x0000000008004d74                HAL_RCC_GetSysClockFreq
 .text.HAL_RCC_GetHCLKFreq
                0x0000000008004ed8       0x18 Drivers/STM32F4xx_HAL_Driver/Src/stm32f4xx_hal_rcc.o
                0x0000000008004ed8                HAL_RCC_GetHCLKFreq
 .text.HAL_RCC_GetPCLK1Freq
                0x0000000008004ef0       0x28 Drivers/STM32F4xx_HAL_Driver/Src/stm32f4xx_hal_rcc.o
                0x0000000008004ef0                HAL_RCC_GetPCLK1Freq
 .text.HAL_RCC_GetPCLK2Freq
                0x0000000008004f18       0x28 Drivers/STM32F4xx_HAL_Driver/Src/stm32f4xx_hal_rcc.o
                0x0000000008004f18                HAL_RCC_GetPCLK2Freq
 .text.HAL_RCCEx_PeriphCLKConfig
                0x0000000008004f40      0x1c4 Drivers/STM32F4xx_HAL_Driver/Src/stm32f4xx_hal_rcc_ex.o
                0x0000000008004f40                HAL_RCCEx_PeriphCLKConfig
 .text.HAL_RTC_Init
                0x0000000008005104      0x122 Drivers/STM32F4xx_HAL_Driver/Src/stm32f4xx_hal_rtc.o
                0x0000000008005104                HAL_RTC_Init
 .text.HAL_RTC_SetTime
                0x0000000008005226      0x17a Drivers/STM32F4xx_HAL_Driver/Src/stm32f4xx_hal_rtc.o
                0x0000000008005226                HAL_RTC_SetTime
 .text.HAL_RTC_SetDate
                0x00000000080053a0      0x14e Drivers/STM32F4xx_HAL_Driver/Src/stm32f4xx_hal_rtc.o
                0x00000000080053a0                HAL_RTC_SetDate
 .text.HAL_RTC_WaitForSynchro
                0x00000000080054ee       0x50 Drivers/STM32F4xx_HAL_Driver/Src/stm32f4xx_hal_rtc.o
                0x00000000080054ee                HAL_RTC_WaitForSynchro
 .text.RTC_EnterInitMode
                0x000000000800553e       0x58 Drivers/STM32F4xx_HAL_Driver/Src/stm32f4xx_hal_rtc.o
                0x000000000800553e                RTC_EnterInitMode
 .text.RTC_ByteToBcd2
                0x0000000008005596       0x3c Drivers/STM32F4xx_HAL_Driver/Src/stm32f4xx_hal_rtc.o
                0x0000000008005596                RTC_ByteToBcd2
 .text.HAL_SD_Init
                0x00000000080055d2       0x60 Drivers/STM32F4xx_HAL_Driver/Src/stm32f4xx_hal_sd.o
                0x00000000080055d2                HAL_SD_Init
 *fill*         0x0000000008005632        0x2 
 .text.HAL_SD_InitCard
                0x0000000008005634       0xc0 Drivers/STM32F4xx_HAL_Driver/Src/stm32f4xx_hal_sd.o
                0x0000000008005634                HAL_SD_InitCard
 .text.HAL_SD_ReadBlocks_DMA
                0x00000000080056f4      0x1d4 Drivers/STM32F4xx_HAL_Driver/Src/stm32f4xx_hal_sd.o
                0x00000000080056f4                HAL_SD_ReadBlocks_DMA
 .text.HAL_SD_WriteBlocks_DMA
                0x00000000080058c8      0x1e0 Drivers/STM32F4xx_HAL_Driver/Src/stm32f4xx_hal_sd.o
                0x00000000080058c8                HAL_SD_WriteBlocks_DMA
 .text.HAL_SD_IRQHandler
                0x0000000008005aa8      0x30c Drivers/STM32F4xx_HAL_Driver/Src/stm32f4xx_hal_sd.o
                0x0000000008005aa8                HAL_SD_IRQHandler
 .text.HAL_SD_TxCpltCallback
                0x0000000008005db4       0x14 Drivers/STM32F4xx_HAL_Driver/Src/stm32f4xx_hal_sd.o
                0x0000000008005db4                HAL_SD_TxCpltCallback
 .text.HAL_SD_RxCpltCallback
                0x0000000008005dc8       0x14 Drivers/STM32F4xx_HAL_Driver/Src/stm32f4xx_hal_sd.o
                0x0000000008005dc8                HAL_SD_RxCpltCallback
 .text.HAL_SD_ErrorCallback
                0x0000000008005ddc       0x14 Drivers/STM32F4xx_HAL_Driver/Src/stm32f4xx_hal_sd.o
                0x0000000008005ddc                HAL_SD_ErrorCallback
 .text.HAL_SD_AbortCallback
                0x0000000008005df0       0x14 Drivers/STM32F4xx_HAL_Driver/Src/stm32f4xx_hal_sd.o
                0x0000000008005df0                HAL_SD_AbortCallback
 .text.HAL_SD_GetCardCSD
                0x0000000008005e04      0x348 Drivers/STM32F4xx_HAL_Driver/Src/stm32f4xx_hal_sd.o
                0x0000000008005e04                HAL_SD_GetCardCSD
 .text.HAL_SD_GetCardInfo
                0x000000000800614c       0x58 Drivers/STM32F4xx_HAL_Driver/Src/stm32f4xx_hal_sd.o
                0x000000000800614c                HAL_SD_GetCardInfo
 .text.HAL_SD_ConfigWideBusOperation
                0x00000000080061a4       0xf8 Drivers/STM32F4xx_HAL_Driver/Src/stm32f4xx_hal_sd.o
                0x00000000080061a4                HAL_SD_ConfigWideBusOperation
 .text.HAL_SD_GetCardState
                0x000000000800629c       0x40 Drivers/STM32F4xx_HAL_Driver/Src/stm32f4xx_hal_sd.o
                0x000000000800629c                HAL_SD_GetCardState
 .text.SD_DMATransmitCplt
                0x00000000080062dc       0x2a Drivers/STM32F4xx_HAL_Driver/Src/stm32f4xx_hal_sd.o
 .text.SD_DMAReceiveCplt
                0x0000000008006306       0x70 Drivers/STM32F4xx_HAL_Driver/Src/stm32f4xx_hal_sd.o
 *fill*         0x0000000008006376        0x2 
 .text.SD_DMAError
                0x0000000008006378       0xa4 Drivers/STM32F4xx_HAL_Driver/Src/stm32f4xx_hal_sd.o
 .text.SD_DMATxAbort
                0x000000000800641c       0x6e Drivers/STM32F4xx_HAL_Driver/Src/stm32f4xx_hal_sd.o
 .text.SD_DMARxAbort
                0x000000000800648a       0x6e Drivers/STM32F4xx_HAL_Driver/Src/stm32f4xx_hal_sd.o
 .text.SD_InitCard
                0x00000000080064f8      0x19a Drivers/STM32F4xx_HAL_Driver/Src/stm32f4xx_hal_sd.o
 *fill*         0x0000000008006692        0x2 
 .text.SD_PowerON
                0x0000000008006694      0x11c Drivers/STM32F4xx_HAL_Driver/Src/stm32f4xx_hal_sd.o
 .text.SD_SendStatus
                0x00000000080067b0       0x50 Drivers/STM32F4xx_HAL_Driver/Src/stm32f4xx_hal_sd.o
 .text.SD_WideBus_Enable
                0x0000000008006800       0x96 Drivers/STM32F4xx_HAL_Driver/Src/stm32f4xx_hal_sd.o
 .text.SD_WideBus_Disable
                0x0000000008006896       0x96 Drivers/STM32F4xx_HAL_Driver/Src/stm32f4xx_hal_sd.o
 .text.SD_FindSCR
                0x000000000800692c      0x194 Drivers/STM32F4xx_HAL_Driver/Src/stm32f4xx_hal_sd.o
 .text.SD_Read_IT
                0x0000000008006ac0       0xa2 Drivers/STM32F4xx_HAL_Driver/Src/stm32f4xx_hal_sd.o
 .text.SD_Write_IT
                0x0000000008006b62       0xaa Drivers/STM32F4xx_HAL_Driver/Src/stm32f4xx_hal_sd.o
 .text.HAL_SPI_Init
                0x0000000008006c0c       0xc8 Drivers/STM32F4xx_HAL_Driver/Src/stm32f4xx_hal_spi.o
                0x0000000008006c0c                HAL_SPI_Init
 .text.HAL_TIM_Base_Init
                0x0000000008006cd4       0x56 Drivers/STM32F4xx_HAL_Driver/Src/stm32f4xx_hal_tim.o
                0x0000000008006cd4                HAL_TIM_Base_Init
 .text.HAL_TIM_Base_Start
                0x0000000008006d2a       0x48 Drivers/STM32F4xx_HAL_Driver/Src/stm32f4xx_hal_tim.o
                0x0000000008006d2a                HAL_TIM_Base_Start
 .text.HAL_TIM_PWM_Init
                0x0000000008006d72       0x56 Drivers/STM32F4xx_HAL_Driver/Src/stm32f4xx_hal_tim.o
                0x0000000008006d72                HAL_TIM_PWM_Init
 .text.HAL_TIM_PWM_MspInit
                0x0000000008006dc8       0x14 Drivers/STM32F4xx_HAL_Driver/Src/stm32f4xx_hal_tim.o
                0x0000000008006dc8                HAL_TIM_PWM_MspInit
 .text.HAL_TIM_PWM_Start
                0x0000000008006ddc       0x7c Drivers/STM32F4xx_HAL_Driver/Src/stm32f4xx_hal_tim.o
                0x0000000008006ddc                HAL_TIM_PWM_Start
 .text.HAL_TIM_IRQHandler
                0x0000000008006e58      0x210 Drivers/STM32F4xx_HAL_Driver/Src/stm32f4xx_hal_tim.o
                0x0000000008006e58                HAL_TIM_IRQHandler
 .text.HAL_TIM_PWM_ConfigChannel
                0x0000000008007068      0x18c Drivers/STM32F4xx_HAL_Driver/Src/stm32f4xx_hal_tim.o
                0x0000000008007068                HAL_TIM_PWM_ConfigChannel
 .text.HAL_TIM_ConfigClockSource
                0x00000000080071f4      0x16e Drivers/STM32F4xx_HAL_Driver/Src/stm32f4xx_hal_tim.o
                0x00000000080071f4                HAL_TIM_ConfigClockSource
 .text.HAL_TIM_OC_DelayElapsedCallback
                0x0000000008007362       0x14 Drivers/STM32F4xx_HAL_Driver/Src/stm32f4xx_hal_tim.o
                0x0000000008007362                HAL_TIM_OC_DelayElapsedCallback
 .text.HAL_TIM_IC_CaptureCallback
                0x0000000008007376       0x14 Drivers/STM32F4xx_HAL_Driver/Src/stm32f4xx_hal_tim.o
                0x0000000008007376                HAL_TIM_IC_CaptureCallback
 .text.HAL_TIM_PWM_PulseFinishedCallback
                0x000000000800738a       0x14 Drivers/STM32F4xx_HAL_Driver/Src/stm32f4xx_hal_tim.o
                0x000000000800738a                HAL_TIM_PWM_PulseFinishedCallback
 .text.HAL_TIM_TriggerCallback
                0x000000000800739e       0x14 Drivers/STM32F4xx_HAL_Driver/Src/stm32f4xx_hal_tim.o
                0x000000000800739e                HAL_TIM_TriggerCallback
 *fill*         0x00000000080073b2        0x2 
 .text.TIM_Base_SetConfig
                0x00000000080073b4      0x140 Drivers/STM32F4xx_HAL_Driver/Src/stm32f4xx_hal_tim.o
                0x00000000080073b4                TIM_Base_SetConfig
 .text.TIM_OC1_SetConfig
                0x00000000080074f4       0xe0 Drivers/STM32F4xx_HAL_Driver/Src/stm32f4xx_hal_tim.o
 .text.TIM_OC2_SetConfig
                0x00000000080075d4       0xec Drivers/STM32F4xx_HAL_Driver/Src/stm32f4xx_hal_tim.o
                0x00000000080075d4                TIM_OC2_SetConfig
 .text.TIM_OC3_SetConfig
                0x00000000080076c0       0xe8 Drivers/STM32F4xx_HAL_Driver/Src/stm32f4xx_hal_tim.o
 .text.TIM_OC4_SetConfig
                0x00000000080077a8       0xac Drivers/STM32F4xx_HAL_Driver/Src/stm32f4xx_hal_tim.o
 .text.TIM_TI1_ConfigInputStage
                0x0000000008007854       0x5e Drivers/STM32F4xx_HAL_Driver/Src/stm32f4xx_hal_tim.o
 .text.TIM_TI2_ConfigInputStage
                0x00000000080078b2       0x60 Drivers/STM32F4xx_HAL_Driver/Src/stm32f4xx_hal_tim.o
 .text.TIM_ITRx_SetConfig
                0x0000000008007912       0x36 Drivers/STM32F4xx_HAL_Driver/Src/stm32f4xx_hal_tim.o
 .text.TIM_ETR_SetConfig
                0x0000000008007948       0x40 Drivers/STM32F4xx_HAL_Driver/Src/stm32f4xx_hal_tim.o
                0x0000000008007948                TIM_ETR_SetConfig
 .text.TIM_CCxChannelCmd
                0x0000000008007988       0x4a Drivers/STM32F4xx_HAL_Driver/Src/stm32f4xx_hal_tim.o
                0x0000000008007988                TIM_CCxChannelCmd
 *fill*         0x00000000080079d2        0x2 
 .text.HAL_TIMEx_MasterConfigSynchronization
                0x00000000080079d4       0xf8 Drivers/STM32F4xx_HAL_Driver/Src/stm32f4xx_hal_tim_ex.o
                0x00000000080079d4                HAL_TIMEx_MasterConfigSynchronization
 .text.HAL_TIMEx_CommutCallback
                0x0000000008007acc       0x14 Drivers/STM32F4xx_HAL_Driver/Src/stm32f4xx_hal_tim_ex.o
                0x0000000008007acc                HAL_TIMEx_CommutCallback
 .text.HAL_TIMEx_BreakCallback
                0x0000000008007ae0       0x14 Drivers/STM32F4xx_HAL_Driver/Src/stm32f4xx_hal_tim_ex.o
                0x0000000008007ae0                HAL_TIMEx_BreakCallback
 .text.HAL_UART_Init
                0x0000000008007af4       0x9a Drivers/STM32F4xx_HAL_Driver/Src/stm32f4xx_hal_uart.o
                0x0000000008007af4                HAL_UART_Init
 *fill*         0x0000000008007b8e        0x2 
 .text.UART_SetConfig
                0x0000000008007b90      0x6f8 Drivers/STM32F4xx_HAL_Driver/Src/stm32f4xx_hal_uart.o
 .text.SDIO_Init
                0x0000000008008288       0x56 Drivers/STM32F4xx_HAL_Driver/Src/stm32f4xx_ll_sdmmc.o
                0x0000000008008288                SDIO_Init
 .text.SDIO_ReadFIFO
                0x00000000080082de       0x1a Drivers/STM32F4xx_HAL_Driver/Src/stm32f4xx_ll_sdmmc.o
                0x00000000080082de                SDIO_ReadFIFO
 .text.SDIO_WriteFIFO
                0x00000000080082f8       0x22 Drivers/STM32F4xx_HAL_Driver/Src/stm32f4xx_ll_sdmmc.o
                0x00000000080082f8                SDIO_WriteFIFO
 .text.SDIO_PowerState_ON
                0x000000000800831a       0x1e Drivers/STM32F4xx_HAL_Driver/Src/stm32f4xx_ll_sdmmc.o
                0x000000000800831a                SDIO_PowerState_ON
 .text.SDIO_GetPowerState
                0x0000000008008338       0x1c Drivers/STM32F4xx_HAL_Driver/Src/stm32f4xx_ll_sdmmc.o
                0x0000000008008338                SDIO_GetPowerState
 .text.SDIO_SendCommand
                0x0000000008008354       0x54 Drivers/STM32F4xx_HAL_Driver/Src/stm32f4xx_ll_sdmmc.o
                0x0000000008008354                SDIO_SendCommand
 .text.SDIO_GetCommandResponse
                0x00000000080083a8       0x1a Drivers/STM32F4xx_HAL_Driver/Src/stm32f4xx_ll_sdmmc.o
                0x00000000080083a8                SDIO_GetCommandResponse
 .text.SDIO_GetResponse
                0x00000000080083c2       0x26 Drivers/STM32F4xx_HAL_Driver/Src/stm32f4xx_ll_sdmmc.o
                0x00000000080083c2                SDIO_GetResponse
 .text.SDIO_ConfigData
                0x00000000080083e8       0x58 Drivers/STM32F4xx_HAL_Driver/Src/stm32f4xx_ll_sdmmc.o
                0x00000000080083e8                SDIO_ConfigData
 .text.SDMMC_CmdBlockLength
                0x0000000008008440       0x44 Drivers/STM32F4xx_HAL_Driver/Src/stm32f4xx_ll_sdmmc.o
                0x0000000008008440                SDMMC_CmdBlockLength
 .text.SDMMC_CmdReadSingleBlock
                0x0000000008008484       0x44 Drivers/STM32F4xx_HAL_Driver/Src/stm32f4xx_ll_sdmmc.o
                0x0000000008008484                SDMMC_CmdReadSingleBlock
 .text.SDMMC_CmdReadMultiBlock
                0x00000000080084c8       0x44 Drivers/STM32F4xx_HAL_Driver/Src/stm32f4xx_ll_sdmmc.o
                0x00000000080084c8                SDMMC_CmdReadMultiBlock
 .text.SDMMC_CmdWriteSingleBlock
                0x000000000800850c       0x44 Drivers/STM32F4xx_HAL_Driver/Src/stm32f4xx_ll_sdmmc.o
                0x000000000800850c                SDMMC_CmdWriteSingleBlock
 .text.SDMMC_CmdWriteMultiBlock
                0x0000000008008550       0x44 Drivers/STM32F4xx_HAL_Driver/Src/stm32f4xx_ll_sdmmc.o
                0x0000000008008550                SDMMC_CmdWriteMultiBlock
 .text.SDMMC_CmdStopTransfer
                0x0000000008008594       0x44 Drivers/STM32F4xx_HAL_Driver/Src/stm32f4xx_ll_sdmmc.o
                0x0000000008008594                SDMMC_CmdStopTransfer
 .text.SDMMC_CmdSelDesel
                0x00000000080085d8       0x46 Drivers/STM32F4xx_HAL_Driver/Src/stm32f4xx_ll_sdmmc.o
                0x00000000080085d8                SDMMC_CmdSelDesel
 .text.SDMMC_CmdGoIdleState
                0x000000000800861e       0x3c Drivers/STM32F4xx_HAL_Driver/Src/stm32f4xx_ll_sdmmc.o
                0x000000000800861e                SDMMC_CmdGoIdleState
 .text.SDMMC_CmdOperCond
                0x000000000800865a       0x3e Drivers/STM32F4xx_HAL_Driver/Src/stm32f4xx_ll_sdmmc.o
                0x000000000800865a                SDMMC_CmdOperCond
 .text.SDMMC_CmdAppCommand
                0x0000000008008698       0x44 Drivers/STM32F4xx_HAL_Driver/Src/stm32f4xx_ll_sdmmc.o
                0x0000000008008698                SDMMC_CmdAppCommand
 .text.SDMMC_CmdAppOperCommand
                0x00000000080086dc       0x46 Drivers/STM32F4xx_HAL_Driver/Src/stm32f4xx_ll_sdmmc.o
                0x00000000080086dc                SDMMC_CmdAppOperCommand
 .text.SDMMC_CmdBusWidth
                0x0000000008008722       0x44 Drivers/STM32F4xx_HAL_Driver/Src/stm32f4xx_ll_sdmmc.o
                0x0000000008008722                SDMMC_CmdBusWidth
 .text.SDMMC_CmdSendSCR
                0x0000000008008766       0x42 Drivers/STM32F4xx_HAL_Driver/Src/stm32f4xx_ll_sdmmc.o
                0x0000000008008766                SDMMC_CmdSendSCR
 .text.SDMMC_CmdSendCID
                0x00000000080087a8       0x3c Drivers/STM32F4xx_HAL_Driver/Src/stm32f4xx_ll_sdmmc.o
                0x00000000080087a8                SDMMC_CmdSendCID
 .text.SDMMC_CmdSendCSD
                0x00000000080087e4       0x3e Drivers/STM32F4xx_HAL_Driver/Src/stm32f4xx_ll_sdmmc.o
                0x00000000080087e4                SDMMC_CmdSendCSD
 .text.SDMMC_CmdSetRelAdd
                0x0000000008008822       0x42 Drivers/STM32F4xx_HAL_Driver/Src/stm32f4xx_ll_sdmmc.o
                0x0000000008008822                SDMMC_CmdSetRelAdd
 .text.SDMMC_CmdSendStatus
                0x0000000008008864       0x44 Drivers/STM32F4xx_HAL_Driver/Src/stm32f4xx_ll_sdmmc.o
                0x0000000008008864                SDMMC_CmdSendStatus
 .text.SDMMC_GetCmdError
                0x00000000080088a8       0x50 Drivers/STM32F4xx_HAL_Driver/Src/stm32f4xx_ll_sdmmc.o
 .text.SDMMC_GetCmdResp1
                0x00000000080088f8      0x1d8 Drivers/STM32F4xx_HAL_Driver/Src/stm32f4xx_ll_sdmmc.o
 .text.SDMMC_GetCmdResp2
                0x0000000008008ad0       0x8c Drivers/STM32F4xx_HAL_Driver/Src/stm32f4xx_ll_sdmmc.o
 .text.SDMMC_GetCmdResp3
                0x0000000008008b5c       0x74 Drivers/STM32F4xx_HAL_Driver/Src/stm32f4xx_ll_sdmmc.o
 .text.SDMMC_GetCmdResp6
                0x0000000008008bd0       0xe8 Drivers/STM32F4xx_HAL_Driver/Src/stm32f4xx_ll_sdmmc.o
 .text.SDMMC_GetCmdResp7
                0x0000000008008cb8       0x98 Drivers/STM32F4xx_HAL_Driver/Src/stm32f4xx_ll_sdmmc.o
 .text.USB_CoreInit
                0x0000000008008d50       0xc2 Drivers/STM32F4xx_HAL_Driver/Src/stm32f4xx_ll_usb.o
                0x0000000008008d50                USB_CoreInit
 *fill*         0x0000000008008e12        0x2 
 .text.USB_SetTurnaroundTime
                0x0000000008008e14      0x144 Drivers/STM32F4xx_HAL_Driver/Src/stm32f4xx_ll_usb.o
                0x0000000008008e14                USB_SetTurnaroundTime
 .text.USB_EnableGlobalInt
                0x0000000008008f58       0x22 Drivers/STM32F4xx_HAL_Driver/Src/stm32f4xx_ll_usb.o
                0x0000000008008f58                USB_EnableGlobalInt
 .text.USB_DisableGlobalInt
                0x0000000008008f7a       0x22 Drivers/STM32F4xx_HAL_Driver/Src/stm32f4xx_ll_usb.o
                0x0000000008008f7a                USB_DisableGlobalInt
 .text.USB_SetCurrentMode
                0x0000000008008f9c       0x54 Drivers/STM32F4xx_HAL_Driver/Src/stm32f4xx_ll_usb.o
                0x0000000008008f9c                USB_SetCurrentMode
 .text.USB_DevInit
                0x0000000008008ff0      0x2e4 Drivers/STM32F4xx_HAL_Driver/Src/stm32f4xx_ll_usb.o
                0x0000000008008ff0                USB_DevInit
 .text.USB_FlushTxFifo
                0x00000000080092d4       0x4c Drivers/STM32F4xx_HAL_Driver/Src/stm32f4xx_ll_usb.o
                0x00000000080092d4                USB_FlushTxFifo
 .text.USB_FlushRxFifo
                0x0000000008009320       0x44 Drivers/STM32F4xx_HAL_Driver/Src/stm32f4xx_ll_usb.o
                0x0000000008009320                USB_FlushRxFifo
 .text.USB_SetDevSpeed
                0x0000000008009364       0x32 Drivers/STM32F4xx_HAL_Driver/Src/stm32f4xx_ll_usb.o
                0x0000000008009364                USB_SetDevSpeed
 .text.USB_GetDevSpeed
                0x0000000008009396       0x4a Drivers/STM32F4xx_HAL_Driver/Src/stm32f4xx_ll_usb.o
                0x0000000008009396                USB_GetDevSpeed
 .text.USB_ActivateEndpoint
                0x00000000080093e0      0x10e Drivers/STM32F4xx_HAL_Driver/Src/stm32f4xx_ll_usb.o
                0x00000000080093e0                USB_ActivateEndpoint
 *fill*         0x00000000080094ee        0x2 
 .text.USB_DeactivateEndpoint
                0x00000000080094f0      0x108 Drivers/STM32F4xx_HAL_Driver/Src/stm32f4xx_ll_usb.o
                0x00000000080094f0                USB_DeactivateEndpoint
 .text.USB_EPStartXfer
                0x00000000080095f8      0x488 Drivers/STM32F4xx_HAL_Driver/Src/stm32f4xx_ll_usb.o
                0x00000000080095f8                USB_EPStartXfer
 .text.USB_EP0StartXfer
                0x0000000008009a80      0x2a6 Drivers/STM32F4xx_HAL_Driver/Src/stm32f4xx_ll_usb.o
                0x0000000008009a80                USB_EP0StartXfer
 .text.USB_WritePacket
                0x0000000008009d26       0x6a Drivers/STM32F4xx_HAL_Driver/Src/stm32f4xx_ll_usb.o
                0x0000000008009d26                USB_WritePacket
 .text.USB_ReadPacket
                0x0000000008009d90       0x52 Drivers/STM32F4xx_HAL_Driver/Src/stm32f4xx_ll_usb.o
                0x0000000008009d90                USB_ReadPacket
 .text.USB_EPSetStall
                0x0000000008009de2       0xdc Drivers/STM32F4xx_HAL_Driver/Src/stm32f4xx_ll_usb.o
                0x0000000008009de2                USB_EPSetStall
 .text.USB_EPClearStall
                0x0000000008009ebe       0xcc Drivers/STM32F4xx_HAL_Driver/Src/stm32f4xx_ll_usb.o
                0x0000000008009ebe                USB_EPClearStall
 .text.USB_SetDevAddress
                0x0000000008009f8a       0x4c Drivers/STM32F4xx_HAL_Driver/Src/stm32f4xx_ll_usb.o
                0x0000000008009f8a                USB_SetDevAddress
 .text.USB_DevConnect
                0x0000000008009fd6       0x30 Drivers/STM32F4xx_HAL_Driver/Src/stm32f4xx_ll_usb.o
                0x0000000008009fd6                USB_DevConnect
 .text.USB_DevDisconnect
                0x000000000800a006       0x30 Drivers/STM32F4xx_HAL_Driver/Src/stm32f4xx_ll_usb.o
                0x000000000800a006                USB_DevDisconnect
 .text.USB_ReadInterrupts
                0x000000000800a036       0x26 Drivers/STM32F4xx_HAL_Driver/Src/stm32f4xx_ll_usb.o
                0x000000000800a036                USB_ReadInterrupts
 .text.USB_ReadDevAllOutEpInterrupt
                0x000000000800a05c       0x34 Drivers/STM32F4xx_HAL_Driver/Src/stm32f4xx_ll_usb.o
                0x000000000800a05c                USB_ReadDevAllOutEpInterrupt
 .text.USB_ReadDevAllInEpInterrupt
                0x000000000800a090       0x34 Drivers/STM32F4xx_HAL_Driver/Src/stm32f4xx_ll_usb.o
                0x000000000800a090                USB_ReadDevAllInEpInterrupt
 .text.USB_ReadDevOutEPInterrupt
                0x000000000800a0c4       0x3c Drivers/STM32F4xx_HAL_Driver/Src/stm32f4xx_ll_usb.o
                0x000000000800a0c4                USB_ReadDevOutEPInterrupt
 .text.USB_ReadDevInEPInterrupt
                0x000000000800a100       0x5c Drivers/STM32F4xx_HAL_Driver/Src/stm32f4xx_ll_usb.o
                0x000000000800a100                USB_ReadDevInEPInterrupt
 .text.USB_GetMode
                0x000000000800a15c       0x1c Drivers/STM32F4xx_HAL_Driver/Src/stm32f4xx_ll_usb.o
                0x000000000800a15c                USB_GetMode
 .text.USB_ActivateSetup
                0x000000000800a178       0x6a Drivers/STM32F4xx_HAL_Driver/Src/stm32f4xx_ll_usb.o
                0x000000000800a178                USB_ActivateSetup
 *fill*         0x000000000800a1e2        0x2 
 .text.USB_EP0_OutStart
                0x000000000800a1e4       0xbc Drivers/STM32F4xx_HAL_Driver/Src/stm32f4xx_ll_usb.o
                0x000000000800a1e4                USB_EP0_OutStart
 .text.USB_CoreReset
                0x000000000800a2a0       0x68 Drivers/STM32F4xx_HAL_Driver/Src/stm32f4xx_ll_usb.o
 .text.MX_FATFS_Init
                0x000000000800a308       0x24 FATFS/App/fatfs.o
                0x000000000800a308                MX_FATFS_Init
 .text.BSP_SD_Init
                0x000000000800a32c       0x4c FATFS/Target/bsp_driver_sd.o
                0x000000000800a32c                BSP_SD_Init
 .text.BSP_SD_ReadBlocks_DMA
                0x000000000800a378       0x34 FATFS/Target/bsp_driver_sd.o
                0x000000000800a378                BSP_SD_ReadBlocks_DMA
 .text.BSP_SD_WriteBlocks_DMA
                0x000000000800a3ac       0x34 FATFS/Target/bsp_driver_sd.o
                0x000000000800a3ac                BSP_SD_WriteBlocks_DMA
 .text.BSP_SD_GetCardState
                0x000000000800a3e0       0x20 FATFS/Target/bsp_driver_sd.o
                0x000000000800a3e0                BSP_SD_GetCardState
 .text.BSP_SD_GetCardInfo
                0x000000000800a400       0x1c FATFS/Target/bsp_driver_sd.o
                0x000000000800a400                BSP_SD_GetCardInfo
 .text.BSP_SD_IsDetected
                0x000000000800a41c       0x24 FATFS/Target/bsp_driver_sd.o
                0x000000000800a41c                BSP_SD_IsDetected
 .text.BSP_PlatformIsDetected
                0x000000000800a440       0x2c FATFS/Target/fatfs_platform.o
                0x000000000800a440                BSP_PlatformIsDetected
 .text.SD_CheckStatusWithTimeout
                0x000000000800a46c       0x3a FATFS/Target/sd_diskio.o
 *fill*         0x000000000800a4a6        0x2 
 .text.SD_CheckStatus
                0x000000000800a4a8       0x3c FATFS/Target/sd_diskio.o
 .text.SD_initialize
                0x000000000800a4e4       0x38 FATFS/Target/sd_diskio.o
                0x000000000800a4e4                SD_initialize
 .text.SD_status
                0x000000000800a51c       0x1c FATFS/Target/sd_diskio.o
                0x000000000800a51c                SD_status
 .text.SD_read  0x000000000800a538      0x150 FATFS/Target/sd_diskio.o
                0x000000000800a538                SD_read
 .text.SD_write
                0x000000000800a688      0x150 FATFS/Target/sd_diskio.o
                0x000000000800a688                SD_write
 .text.SD_ioctl
                0x000000000800a7d8       0xb0 FATFS/Target/sd_diskio.o
                0x000000000800a7d8                SD_ioctl
 .text.USBD_CDC_Init
                0x000000000800a888       0xf6 Middlewares/ST/STM32_USB_Device_Library/Class/CDC/Src/usbd_cdc.o
 .text.USBD_CDC_DeInit
                0x000000000800a97e       0x6e Middlewares/ST/STM32_USB_Device_Library/Class/CDC/Src/usbd_cdc.o
 .text.USBD_CDC_Setup
                0x000000000800a9ec      0x140 Middlewares/ST/STM32_USB_Device_Library/Class/CDC/Src/usbd_cdc.o
 .text.USBD_CDC_DataIn
                0x000000000800ab2c       0xa6 Middlewares/ST/STM32_USB_Device_Library/Class/CDC/Src/usbd_cdc.o
 .text.USBD_CDC_DataOut
                0x000000000800abd2       0x56 Middlewares/ST/STM32_USB_Device_Library/Class/CDC/Src/usbd_cdc.o
 .text.USBD_CDC_EP0_RxReady
                0x000000000800ac28       0x50 Middlewares/ST/STM32_USB_Device_Library/Class/CDC/Src/usbd_cdc.o
 .text.USBD_CDC_GetFSCfgDesc
                0x000000000800ac78       0x20 Middlewares/ST/STM32_USB_Device_Library/Class/CDC/Src/usbd_cdc.o
 .text.USBD_CDC_GetHSCfgDesc
                0x000000000800ac98       0x20 Middlewares/ST/STM32_USB_Device_Library/Class/CDC/Src/usbd_cdc.o
 .text.USBD_CDC_GetOtherSpeedCfgDesc
                0x000000000800acb8       0x20 Middlewares/ST/STM32_USB_Device_Library/Class/CDC/Src/usbd_cdc.o
 .text.USBD_CDC_GetDeviceQualifierDescriptor
                0x000000000800acd8       0x20 Middlewares/ST/STM32_USB_Device_Library/Class/CDC/Src/usbd_cdc.o
                0x000000000800acd8                USBD_CDC_GetDeviceQualifierDescriptor
 .text.USBD_CDC_RegisterInterface
                0x000000000800acf8       0x2e Middlewares/ST/STM32_USB_Device_Library/Class/CDC/Src/usbd_cdc.o
                0x000000000800acf8                USBD_CDC_RegisterInterface
 .text.USBD_CDC_SetTxBuffer
                0x000000000800ad26       0x34 Middlewares/ST/STM32_USB_Device_Library/Class/CDC/Src/usbd_cdc.o
                0x000000000800ad26                USBD_CDC_SetTxBuffer
 .text.USBD_CDC_SetRxBuffer
                0x000000000800ad5a       0x28 Middlewares/ST/STM32_USB_Device_Library/Class/CDC/Src/usbd_cdc.o
                0x000000000800ad5a                USBD_CDC_SetRxBuffer
 .text.USBD_CDC_TransmitPacket
                0x000000000800ad82       0x5e Middlewares/ST/STM32_USB_Device_Library/Class/CDC/Src/usbd_cdc.o
                0x000000000800ad82                USBD_CDC_TransmitPacket
 .text.USBD_CDC_ReceivePacket
                0x000000000800ade0       0x54 Middlewares/ST/STM32_USB_Device_Library/Class/CDC/Src/usbd_cdc.o
                0x000000000800ade0                USBD_CDC_ReceivePacket
 .text.USBD_Init
                0x000000000800ae34       0x56 Middlewares/ST/STM32_USB_Device_Library/Core/Src/usbd_core.o
                0x000000000800ae34                USBD_Init
 .text.USBD_RegisterClass
                0x000000000800ae8a       0x34 Middlewares/ST/STM32_USB_Device_Library/Core/Src/usbd_core.o
                0x000000000800ae8a                USBD_RegisterClass
 .text.USBD_Start
                0x000000000800aebe       0x18 Middlewares/ST/STM32_USB_Device_Library/Core/Src/usbd_core.o
                0x000000000800aebe                USBD_Start
 .text.USBD_RunTestMode
                0x000000000800aed6       0x16 Middlewares/ST/STM32_USB_Device_Library/Core/Src/usbd_core.o
                0x000000000800aed6                USBD_RunTestMode
 .text.USBD_SetClassConfig
                0x000000000800aeec       0x3e Middlewares/ST/STM32_USB_Device_Library/Core/Src/usbd_core.o
                0x000000000800aeec                USBD_SetClassConfig
 .text.USBD_ClrClassConfig
                0x000000000800af2a       0x26 Middlewares/ST/STM32_USB_Device_Library/Core/Src/usbd_core.o
                0x000000000800af2a                USBD_ClrClassConfig
 .text.USBD_LL_SetupStage
                0x000000000800af50       0x96 Middlewares/ST/STM32_USB_Device_Library/Core/Src/usbd_core.o
                0x000000000800af50                USBD_LL_SetupStage
 .text.USBD_LL_DataOutStage
                0x000000000800afe6       0xe2 Middlewares/ST/STM32_USB_Device_Library/Core/Src/usbd_core.o
                0x000000000800afe6                USBD_LL_DataOutStage
 .text.USBD_LL_DataInStage
                0x000000000800b0c8      0x14a Middlewares/ST/STM32_USB_Device_Library/Core/Src/usbd_core.o
                0x000000000800b0c8                USBD_LL_DataInStage
 .text.USBD_LL_Reset
                0x000000000800b212       0x82 Middlewares/ST/STM32_USB_Device_Library/Core/Src/usbd_core.o
                0x000000000800b212                USBD_LL_Reset
 .text.USBD_LL_SetSpeed
                0x000000000800b294       0x20 Middlewares/ST/STM32_USB_Device_Library/Core/Src/usbd_core.o
                0x000000000800b294                USBD_LL_SetSpeed
 .text.USBD_LL_Suspend
                0x000000000800b2b4       0x2a Middlewares/ST/STM32_USB_Device_Library/Core/Src/usbd_core.o
                0x000000000800b2b4                USBD_LL_Suspend
 .text.USBD_LL_Resume
                0x000000000800b2de       0x22 Middlewares/ST/STM32_USB_Device_Library/Core/Src/usbd_core.o
                0x000000000800b2de                USBD_LL_Resume
 .text.USBD_LL_SOF
                0x000000000800b300       0x34 Middlewares/ST/STM32_USB_Device_Library/Core/Src/usbd_core.o
                0x000000000800b300                USBD_LL_SOF
 .text.USBD_LL_IsoINIncomplete
                0x000000000800b334       0x1a Middlewares/ST/STM32_USB_Device_Library/Core/Src/usbd_core.o
                0x000000000800b334                USBD_LL_IsoINIncomplete
 .text.USBD_LL_IsoOUTIncomplete
                0x000000000800b34e       0x1a Middlewares/ST/STM32_USB_Device_Library/Core/Src/usbd_core.o
                0x000000000800b34e                USBD_LL_IsoOUTIncomplete
 .text.USBD_LL_DevConnected
                0x000000000800b368       0x16 Middlewares/ST/STM32_USB_Device_Library/Core/Src/usbd_core.o
                0x000000000800b368                USBD_LL_DevConnected
 .text.USBD_LL_DevDisconnected
                0x000000000800b37e       0x2e Middlewares/ST/STM32_USB_Device_Library/Core/Src/usbd_core.o
                0x000000000800b37e                USBD_LL_DevDisconnected
 .text.USBD_StdDevReq
                0x000000000800b3ac       0xd4 Middlewares/ST/STM32_USB_Device_Library/Core/Src/usbd_ctlreq.o
                0x000000000800b3ac                USBD_StdDevReq
 .text.USBD_StdItfReq
                0x000000000800b480       0x8c Middlewares/ST/STM32_USB_Device_Library/Core/Src/usbd_ctlreq.o
                0x000000000800b480                USBD_StdItfReq
 .text.USBD_StdEPReq
                0x000000000800b50c      0x2b6 Middlewares/ST/STM32_USB_Device_Library/Core/Src/usbd_ctlreq.o
                0x000000000800b50c                USBD_StdEPReq
 *fill*         0x000000000800b7c2        0x2 
 .text.USBD_GetDescriptor
                0x000000000800b7c4      0x1f4 Middlewares/ST/STM32_USB_Device_Library/Core/Src/usbd_ctlreq.o
 .text.USBD_SetAddress
                0x000000000800b9b8       0x84 Middlewares/ST/STM32_USB_Device_Library/Core/Src/usbd_ctlreq.o
 .text.USBD_SetConfig
                0x000000000800ba3c      0x11c Middlewares/ST/STM32_USB_Device_Library/Core/Src/usbd_ctlreq.o
 .text.USBD_GetConfig
                0x000000000800bb58       0x68 Middlewares/ST/STM32_USB_Device_Library/Core/Src/usbd_ctlreq.o
 .text.USBD_GetStatus
                0x000000000800bbc0       0x66 Middlewares/ST/STM32_USB_Device_Library/Core/Src/usbd_ctlreq.o
 .text.USBD_SetFeature
                0x000000000800bc26       0x28 Middlewares/ST/STM32_USB_Device_Library/Core/Src/usbd_ctlreq.o
 .text.USBD_ClrFeature
                0x000000000800bc4e       0x42 Middlewares/ST/STM32_USB_Device_Library/Core/Src/usbd_ctlreq.o
 .text.USBD_ParseSetupRequest
                0x000000000800bc90       0x7a Middlewares/ST/STM32_USB_Device_Library/Core/Src/usbd_ctlreq.o
                0x000000000800bc90                USBD_ParseSetupRequest
 .text.USBD_CtlError
                0x000000000800bd0a       0x22 Middlewares/ST/STM32_USB_Device_Library/Core/Src/usbd_ctlreq.o
                0x000000000800bd0a                USBD_CtlError
 .text.USBD_GetString
                0x000000000800bd2c       0x84 Middlewares/ST/STM32_USB_Device_Library/Core/Src/usbd_ctlreq.o
                0x000000000800bd2c                USBD_GetString
 .text.USBD_GetLen
                0x000000000800bdb0       0x30 Middlewares/ST/STM32_USB_Device_Library/Core/Src/usbd_ctlreq.o
 .text.USBD_CtlSendData
                0x000000000800bde0       0x38 Middlewares/ST/STM32_USB_Device_Library/Core/Src/usbd_ioreq.o
                0x000000000800bde0                USBD_CtlSendData
 .text.USBD_CtlContinueSendData
                0x000000000800be18       0x24 Middlewares/ST/STM32_USB_Device_Library/Core/Src/usbd_ioreq.o
                0x000000000800be18                USBD_CtlContinueSendData
 .text.USBD_CtlPrepareRx
                0x000000000800be3c       0x3c Middlewares/ST/STM32_USB_Device_Library/Core/Src/usbd_ioreq.o
                0x000000000800be3c                USBD_CtlPrepareRx
 .text.USBD_CtlContinueRx
                0x000000000800be78       0x24 Middlewares/ST/STM32_USB_Device_Library/Core/Src/usbd_ioreq.o
                0x000000000800be78                USBD_CtlContinueRx
 .text.USBD_CtlSendStatus
                0x000000000800be9c       0x26 Middlewares/ST/STM32_USB_Device_Library/Core/Src/usbd_ioreq.o
                0x000000000800be9c                USBD_CtlSendStatus
 .text.USBD_CtlReceiveStatus
                0x000000000800bec2       0x26 Middlewares/ST/STM32_USB_Device_Library/Core/Src/usbd_ioreq.o
                0x000000000800bec2                USBD_CtlReceiveStatus
 .text.FATFS_LinkDriverEx
                0x000000000800bee8       0x98 Middlewares/Third_Party/FatFs/src/ff_gen_drv.o
                0x000000000800bee8                FATFS_LinkDriverEx
 .text.FATFS_LinkDriver
                0x000000000800bf80       0x1e Middlewares/Third_Party/FatFs/src/ff_gen_drv.o
                0x000000000800bf80                FATFS_LinkDriver
 *fill*         0x000000000800bf9e        0x2 
 .text.MX_USB_DEVICE_Init
                0x000000000800bfa0       0x60 USB_DEVICE/App/usb_device.o
                0x000000000800bfa0                MX_USB_DEVICE_Init
 .text.CDC_Init_FS
                0x000000000800c000       0x28 USB_DEVICE/App/usbd_cdc_if.o
 .text.CDC_DeInit_FS
                0x000000000800c028       0x10 USB_DEVICE/App/usbd_cdc_if.o
 .text.CDC_Control_FS
                0x000000000800c038      0x12c USB_DEVICE/App/usbd_cdc_if.o
 .text.CDC_Receive_FS
                0x000000000800c164       0x28 USB_DEVICE/App/usbd_cdc_if.o
 .text.CDC_Transmit_FS
                0x000000000800c18c       0x4c USB_DEVICE/App/usbd_cdc_if.o
                0x000000000800c18c                CDC_Transmit_FS
 .text.USBD_FS_DeviceDescriptor
                0x000000000800c1d8       0x24 USB_DEVICE/App/usbd_desc.o
                0x000000000800c1d8                USBD_FS_DeviceDescriptor
 .text.USBD_FS_LangIDStrDescriptor
                0x000000000800c1fc       0x24 USB_DEVICE/App/usbd_desc.o
                0x000000000800c1fc                USBD_FS_LangIDStrDescriptor
 .text.USBD_FS_ProductStrDescriptor
                0x000000000800c220       0x3c USB_DEVICE/App/usbd_desc.o
                0x000000000800c220                USBD_FS_ProductStrDescriptor
 .text.USBD_FS_ManufacturerStrDescriptor
                0x000000000800c25c       0x28 USB_DEVICE/App/usbd_desc.o
                0x000000000800c25c                USBD_FS_ManufacturerStrDescriptor
 .text.USBD_FS_SerialStrDescriptor
                0x000000000800c284       0x24 USB_DEVICE/App/usbd_desc.o
                0x000000000800c284                USBD_FS_SerialStrDescriptor
 .text.USBD_FS_ConfigStrDescriptor
                0x000000000800c2a8       0x3c USB_DEVICE/App/usbd_desc.o
                0x000000000800c2a8                USBD_FS_ConfigStrDescriptor
 .text.USBD_FS_InterfaceStrDescriptor
                0x000000000800c2e4       0x3c USB_DEVICE/App/usbd_desc.o
                0x000000000800c2e4                USBD_FS_InterfaceStrDescriptor
 .text.Get_SerialNum
                0x000000000800c320       0x58 USB_DEVICE/App/usbd_desc.o
 .text.IntToUnicode
                0x000000000800c378       0x7c USB_DEVICE/App/usbd_desc.o
 .text.HAL_PCD_MspInit
                0x000000000800c3f4       0xa8 USB_DEVICE/Target/usbd_conf.o
                0x000000000800c3f4                HAL_PCD_MspInit
 .text.HAL_PCD_SetupStageCallback
                0x000000000800c49c       0x24 USB_DEVICE/Target/usbd_conf.o
                0x000000000800c49c                HAL_PCD_SetupStageCallback
 .text.HAL_PCD_DataOutStageCallback
                0x000000000800c4c0       0x36 USB_DEVICE/Target/usbd_conf.o
                0x000000000800c4c0                HAL_PCD_DataOutStageCallback
 .text.HAL_PCD_DataInStageCallback
                0x000000000800c4f6       0x34 USB_DEVICE/Target/usbd_conf.o
                0x000000000800c4f6                HAL_PCD_DataInStageCallback
 .text.HAL_PCD_SOFCallback
                0x000000000800c52a       0x1c USB_DEVICE/Target/usbd_conf.o
                0x000000000800c52a                HAL_PCD_SOFCallback
 .text.HAL_PCD_ResetCallback
                0x000000000800c546       0x50 USB_DEVICE/Target/usbd_conf.o
                0x000000000800c546                HAL_PCD_ResetCallback
 *fill*         0x000000000800c596        0x2 
 .text.HAL_PCD_SuspendCallback
                0x000000000800c598       0x4c USB_DEVICE/Target/usbd_conf.o
                0x000000000800c598                HAL_PCD_SuspendCallback
 .text.HAL_PCD_ResumeCallback
                0x000000000800c5e4       0x1c USB_DEVICE/Target/usbd_conf.o
                0x000000000800c5e4                HAL_PCD_ResumeCallback
 .text.HAL_PCD_ISOOUTIncompleteCallback
                0x000000000800c600       0x24 USB_DEVICE/Target/usbd_conf.o
                0x000000000800c600                HAL_PCD_ISOOUTIncompleteCallback
 .text.HAL_PCD_ISOINIncompleteCallback
                0x000000000800c624       0x24 USB_DEVICE/Target/usbd_conf.o
                0x000000000800c624                HAL_PCD_ISOINIncompleteCallback
 .text.HAL_PCD_ConnectCallback
                0x000000000800c648       0x1c USB_DEVICE/Target/usbd_conf.o
                0x000000000800c648                HAL_PCD_ConnectCallback
 .text.HAL_PCD_DisconnectCallback
                0x000000000800c664       0x1c USB_DEVICE/Target/usbd_conf.o
                0x000000000800c664                HAL_PCD_DisconnectCallback
 .text.USBD_LL_Init
                0x000000000800c680       0x98 USB_DEVICE/Target/usbd_conf.o
                0x000000000800c680                USBD_LL_Init
 .text.USBD_LL_Start
                0x000000000800c718       0x36 USB_DEVICE/Target/usbd_conf.o
                0x000000000800c718                USBD_LL_Start
 .text.USBD_LL_OpenEP
                0x000000000800c74e       0x4c USB_DEVICE/Target/usbd_conf.o
                0x000000000800c74e                USBD_LL_OpenEP
 .text.USBD_LL_CloseEP
                0x000000000800c79a       0x3e USB_DEVICE/Target/usbd_conf.o
                0x000000000800c79a                USBD_LL_CloseEP
 .text.USBD_LL_StallEP
                0x000000000800c7d8       0x3e USB_DEVICE/Target/usbd_conf.o
                0x000000000800c7d8                USBD_LL_StallEP
 .text.USBD_LL_ClearStallEP
                0x000000000800c816       0x3e USB_DEVICE/Target/usbd_conf.o
                0x000000000800c816                USBD_LL_ClearStallEP
 .text.USBD_LL_IsStallEP
                0x000000000800c854       0x58 USB_DEVICE/Target/usbd_conf.o
                0x000000000800c854                USBD_LL_IsStallEP
 .text.USBD_LL_SetUSBAddress
                0x000000000800c8ac       0x3e USB_DEVICE/Target/usbd_conf.o
                0x000000000800c8ac                USBD_LL_SetUSBAddress
 .text.USBD_LL_Transmit
                0x000000000800c8ea       0x46 USB_DEVICE/Target/usbd_conf.o
                0x000000000800c8ea                USBD_LL_Transmit
 .text.USBD_LL_PrepareReceive
                0x000000000800c930       0x46 USB_DEVICE/Target/usbd_conf.o
                0x000000000800c930                USBD_LL_PrepareReceive
 .text.USBD_LL_GetRxDataSize
                0x000000000800c976       0x26 USB_DEVICE/Target/usbd_conf.o
                0x000000000800c976                USBD_LL_GetRxDataSize
 .text.USBD_Get_USB_Status
                0x000000000800c99c       0x58 USB_DEVICE/Target/usbd_conf.o
                0x000000000800c99c                USBD_Get_USB_Status
 .text.__libc_init_array
                0x000000000800c9f4       0x48 c:/program files/stm/stm32cubeide_1.2.0/stm32cubeide/plugins/com.st.stm32cube.ide.mcu.externaltools.gnu-tools-for-stm32.7-2018-q2-update.win32_1.0.0.201904181610/tools/bin/../lib/gcc/arm-none-eabi/7.3.1/../../../../arm-none-eabi/lib/thumb/v7e-m/fpv4-sp/hard\libc_nano.a(lib_a-init.o)
                0x000000000800c9f4                __libc_init_array
 .text.malloc   0x000000000800ca3c       0x10 c:/program files/stm/stm32cubeide_1.2.0/stm32cubeide/plugins/com.st.stm32cube.ide.mcu.externaltools.gnu-tools-for-stm32.7-2018-q2-update.win32_1.0.0.201904181610/tools/bin/../lib/gcc/arm-none-eabi/7.3.1/../../../../arm-none-eabi/lib/thumb/v7e-m/fpv4-sp/hard\libc_nano.a(lib_a-malloc.o)
                0x000000000800ca3c                malloc
 .text.free     0x000000000800ca4c       0x10 c:/program files/stm/stm32cubeide_1.2.0/stm32cubeide/plugins/com.st.stm32cube.ide.mcu.externaltools.gnu-tools-for-stm32.7-2018-q2-update.win32_1.0.0.201904181610/tools/bin/../lib/gcc/arm-none-eabi/7.3.1/../../../../arm-none-eabi/lib/thumb/v7e-m/fpv4-sp/hard\libc_nano.a(lib_a-malloc.o)
                0x000000000800ca4c                free
 .text.memcpy   0x000000000800ca5c       0x16 c:/program files/stm/stm32cubeide_1.2.0/stm32cubeide/plugins/com.st.stm32cube.ide.mcu.externaltools.gnu-tools-for-stm32.7-2018-q2-update.win32_1.0.0.201904181610/tools/bin/../lib/gcc/arm-none-eabi/7.3.1/../../../../arm-none-eabi/lib/thumb/v7e-m/fpv4-sp/hard\libc_nano.a(lib_a-memcpy-stub.o)
                0x000000000800ca5c                memcpy
 .text.memset   0x000000000800ca72       0x10 c:/program files/stm/stm32cubeide_1.2.0/stm32cubeide/plugins/com.st.stm32cube.ide.mcu.externaltools.gnu-tools-for-stm32.7-2018-q2-update.win32_1.0.0.201904181610/tools/bin/../lib/gcc/arm-none-eabi/7.3.1/../../../../arm-none-eabi/lib/thumb/v7e-m/fpv4-sp/hard\libc_nano.a(lib_a-memset.o)
                0x000000000800ca72                memset
 *fill*         0x000000000800ca82        0x2 
 .text._free_r  0x000000000800ca84       0x9c c:/program files/stm/stm32cubeide_1.2.0/stm32cubeide/plugins/com.st.stm32cube.ide.mcu.externaltools.gnu-tools-for-stm32.7-2018-q2-update.win32_1.0.0.201904181610/tools/bin/../lib/gcc/arm-none-eabi/7.3.1/../../../../arm-none-eabi/lib/thumb/v7e-m/fpv4-sp/hard\libc_nano.a(lib_a-nano-freer.o)
                0x000000000800ca84                _free_r
 .text._malloc_r
                0x000000000800cb20       0xb4 c:/program files/stm/stm32cubeide_1.2.0/stm32cubeide/plugins/com.st.stm32cube.ide.mcu.externaltools.gnu-tools-for-stm32.7-2018-q2-update.win32_1.0.0.201904181610/tools/bin/../lib/gcc/arm-none-eabi/7.3.1/../../../../arm-none-eabi/lib/thumb/v7e-m/fpv4-sp/hard\libc_nano.a(lib_a-nano-mallocr.o)
                0x000000000800cb20                _malloc_r
 .text.__cvt    0x000000000800cbd4       0xc2 c:/program files/stm/stm32cubeide_1.2.0/stm32cubeide/plugins/com.st.stm32cube.ide.mcu.externaltools.gnu-tools-for-stm32.7-2018-q2-update.win32_1.0.0.201904181610/tools/bin/../lib/gcc/arm-none-eabi/7.3.1/../../../../arm-none-eabi/lib/thumb/v7e-m/fpv4-sp/hard\libc_nano.a(lib_a-nano-vfprintf_float.o)
                0x000000000800cbd4                __cvt
 .text.__exponent
                0x000000000800cc96       0x66 c:/program files/stm/stm32cubeide_1.2.0/stm32cubeide/plugins/com.st.stm32cube.ide.mcu.externaltools.gnu-tools-for-stm32.7-2018-q2-update.win32_1.0.0.201904181610/tools/bin/../lib/gcc/arm-none-eabi/7.3.1/../../../../arm-none-eabi/lib/thumb/v7e-m/fpv4-sp/hard\libc_nano.a(lib_a-nano-vfprintf_float.o)
                0x000000000800cc96                __exponent
 .text._printf_float
                0x000000000800ccfc      0x480 c:/program files/stm/stm32cubeide_1.2.0/stm32cubeide/plugins/com.st.stm32cube.ide.mcu.externaltools.gnu-tools-for-stm32.7-2018-q2-update.win32_1.0.0.201904181610/tools/bin/../lib/gcc/arm-none-eabi/7.3.1/../../../../arm-none-eabi/lib/thumb/v7e-m/fpv4-sp/hard\libc_nano.a(lib_a-nano-vfprintf_float.o)
                0x000000000800ccfc                _printf_float
 .text._printf_common
                0x000000000800d17c       0xea c:/program files/stm/stm32cubeide_1.2.0/stm32cubeide/plugins/com.st.stm32cube.ide.mcu.externaltools.gnu-tools-for-stm32.7-2018-q2-update.win32_1.0.0.201904181610/tools/bin/../lib/gcc/arm-none-eabi/7.3.1/../../../../arm-none-eabi/lib/thumb/v7e-m/fpv4-sp/hard\libc_nano.a(lib_a-nano-vfprintf_i.o)
                0x000000000800d17c                _printf_common
 *fill*         0x000000000800d266        0x2 
 .text._printf_i
                0x000000000800d268      0x224 c:/program files/stm/stm32cubeide_1.2.0/stm32cubeide/plugins/com.st.stm32cube.ide.mcu.externaltools.gnu-tools-for-stm32.7-2018-q2-update.win32_1.0.0.201904181610/tools/bin/../lib/gcc/arm-none-eabi/7.3.1/../../../../arm-none-eabi/lib/thumb/v7e-m/fpv4-sp/hard\libc_nano.a(lib_a-nano-vfprintf_i.o)
                0x000000000800d268                _printf_i
 .text._scanf_float
                0x000000000800d48c      0x3c4 c:/program files/stm/stm32cubeide_1.2.0/stm32cubeide/plugins/com.st.stm32cube.ide.mcu.externaltools.gnu-tools-for-stm32.7-2018-q2-update.win32_1.0.0.201904181610/tools/bin/../lib/gcc/arm-none-eabi/7.3.1/../../../../arm-none-eabi/lib/thumb/v7e-m/fpv4-sp/hard\libc_nano.a(lib_a-nano-vfscanf_float.o)
                0x000000000800d48c                _scanf_float
 .text._sbrk_r  0x000000000800d850       0x20 c:/program files/stm/stm32cubeide_1.2.0/stm32cubeide/plugins/com.st.stm32cube.ide.mcu.externaltools.gnu-tools-for-stm32.7-2018-q2-update.win32_1.0.0.201904181610/tools/bin/../lib/gcc/arm-none-eabi/7.3.1/../../../../arm-none-eabi/lib/thumb/v7e-m/fpv4-sp/hard\libc_nano.a(lib_a-sbrkr.o)
                0x000000000800d850                _sbrk_r
 .text.nanf     0x000000000800d870        0xc c:/program files/stm/stm32cubeide_1.2.0/stm32cubeide/plugins/com.st.stm32cube.ide.mcu.externaltools.gnu-tools-for-stm32.7-2018-q2-update.win32_1.0.0.201904181610/tools/bin/../lib/gcc/arm-none-eabi/7.3.1/../../../../arm-none-eabi/lib/thumb/v7e-m/fpv4-sp/hard\libc_nano.a(lib_a-sf_nan.o)
                0x000000000800d870                nanf
 .text.sprintf  0x000000000800d87c       0x40 c:/program files/stm/stm32cubeide_1.2.0/stm32cubeide/plugins/com.st.stm32cube.ide.mcu.externaltools.gnu-tools-for-stm32.7-2018-q2-update.win32_1.0.0.201904181610/tools/bin/../lib/gcc/arm-none-eabi/7.3.1/../../../../arm-none-eabi/lib/thumb/v7e-m/fpv4-sp/hard\libc_nano.a(lib_a-sprintf.o)
                0x000000000800d87c                siprintf
                0x000000000800d87c                sprintf
 .text.unlikely.sulp
                0x000000000800d8bc       0x38 c:/program files/stm/stm32cubeide_1.2.0/stm32cubeide/plugins/com.st.stm32cube.ide.mcu.externaltools.gnu-tools-for-stm32.7-2018-q2-update.win32_1.0.0.201904181610/tools/bin/../lib/gcc/arm-none-eabi/7.3.1/../../../../arm-none-eabi/lib/thumb/v7e-m/fpv4-sp/hard\libc_nano.a(lib_a-strtod.o)
 *fill*         0x000000000800d8f4        0x4 
 .text._strtod_l
                0x000000000800d8f8      0xbe8 c:/program files/stm/stm32cubeide_1.2.0/stm32cubeide/plugins/com.st.stm32cube.ide.mcu.externaltools.gnu-tools-for-stm32.7-2018-q2-update.win32_1.0.0.201904181610/tools/bin/../lib/gcc/arm-none-eabi/7.3.1/../../../../arm-none-eabi/lib/thumb/v7e-m/fpv4-sp/hard\libc_nano.a(lib_a-strtod.o)
                0x000000000800d8f8                _strtod_l
 .text._strtod_r
                0x000000000800e4e0       0x20 c:/program files/stm/stm32cubeide_1.2.0/stm32cubeide/plugins/com.st.stm32cube.ide.mcu.externaltools.gnu-tools-for-stm32.7-2018-q2-update.win32_1.0.0.201904181610/tools/bin/../lib/gcc/arm-none-eabi/7.3.1/../../../../arm-none-eabi/lib/thumb/v7e-m/fpv4-sp/hard\libc_nano.a(lib_a-strtod.o)
                0x000000000800e4e0                _strtod_r
 .text._strtol_l.isra.0
                0x000000000800e500       0xf6 c:/program files/stm/stm32cubeide_1.2.0/stm32cubeide/plugins/com.st.stm32cube.ide.mcu.externaltools.gnu-tools-for-stm32.7-2018-q2-update.win32_1.0.0.201904181610/tools/bin/../lib/gcc/arm-none-eabi/7.3.1/../../../../arm-none-eabi/lib/thumb/v7e-m/fpv4-sp/hard\libc_nano.a(lib_a-strtol.o)
 *fill*         0x000000000800e5f6        0x2 
 .text._strtol_r
                0x000000000800e5f8       0x24 c:/program files/stm/stm32cubeide_1.2.0/stm32cubeide/plugins/com.st.stm32cube.ide.mcu.externaltools.gnu-tools-for-stm32.7-2018-q2-update.win32_1.0.0.201904181610/tools/bin/../lib/gcc/arm-none-eabi/7.3.1/../../../../arm-none-eabi/lib/thumb/v7e-m/fpv4-sp/hard\libc_nano.a(lib_a-strtol.o)
                0x000000000800e5f8                _strtol_r
 .text.quorem   0x000000000800e61c      0x118 c:/program files/stm/stm32cubeide_1.2.0/stm32cubeide/plugins/com.st.stm32cube.ide.mcu.externaltools.gnu-tools-for-stm32.7-2018-q2-update.win32_1.0.0.201904181610/tools/bin/../lib/gcc/arm-none-eabi/7.3.1/../../../../arm-none-eabi/lib/thumb/v7e-m/fpv4-sp/hard\libc_nano.a(lib_a-dtoa.o)
 *fill*         0x000000000800e734        0x4 
 .text._dtoa_r  0x000000000800e738      0xb70 c:/program files/stm/stm32cubeide_1.2.0/stm32cubeide/plugins/com.st.stm32cube.ide.mcu.externaltools.gnu-tools-for-stm32.7-2018-q2-update.win32_1.0.0.201904181610/tools/bin/../lib/gcc/arm-none-eabi/7.3.1/../../../../arm-none-eabi/lib/thumb/v7e-m/fpv4-sp/hard\libc_nano.a(lib_a-dtoa.o)
                0x000000000800e738                _dtoa_r
 .text.rshift   0x000000000800f2a8       0x74 c:/program files/stm/stm32cubeide_1.2.0/stm32cubeide/plugins/com.st.stm32cube.ide.mcu.externaltools.gnu-tools-for-stm32.7-2018-q2-update.win32_1.0.0.201904181610/tools/bin/../lib/gcc/arm-none-eabi/7.3.1/../../../../arm-none-eabi/lib/thumb/v7e-m/fpv4-sp/hard\libc_nano.a(lib_a-gdtoa-gethex.o)
 .text.__hexdig_fun
                0x000000000800f31c       0x2a c:/program files/stm/stm32cubeide_1.2.0/stm32cubeide/plugins/com.st.stm32cube.ide.mcu.externaltools.gnu-tools-for-stm32.7-2018-q2-update.win32_1.0.0.201904181610/tools/bin/../lib/gcc/arm-none-eabi/7.3.1/../../../../arm-none-eabi/lib/thumb/v7e-m/fpv4-sp/hard\libc_nano.a(lib_a-gdtoa-gethex.o)
                0x000000000800f31c                __hexdig_fun
 .text.__gethex
                0x000000000800f346      0x442 c:/program files/stm/stm32cubeide_1.2.0/stm32cubeide/plugins/com.st.stm32cube.ide.mcu.externaltools.gnu-tools-for-stm32.7-2018-q2-update.win32_1.0.0.201904181610/tools/bin/../lib/gcc/arm-none-eabi/7.3.1/../../../../arm-none-eabi/lib/thumb/v7e-m/fpv4-sp/hard\libc_nano.a(lib_a-gdtoa-gethex.o)
                0x000000000800f346                __gethex
 .text.L_shift  0x000000000800f788       0x24 c:/program files/stm/stm32cubeide_1.2.0/stm32cubeide/plugins/com.st.stm32cube.ide.mcu.externaltools.gnu-tools-for-stm32.7-2018-q2-update.win32_1.0.0.201904181610/tools/bin/../lib/gcc/arm-none-eabi/7.3.1/../../../../arm-none-eabi/lib/thumb/v7e-m/fpv4-sp/hard\libc_nano.a(lib_a-gdtoa-hexnan.o)
 .text.__match  0x000000000800f7ac       0x28 c:/program files/stm/stm32cubeide_1.2.0/stm32cubeide/plugins/com.st.stm32cube.ide.mcu.externaltools.gnu-tools-for-stm32.7-2018-q2-update.win32_1.0.0.201904181610/tools/bin/../lib/gcc/arm-none-eabi/7.3.1/../../../../arm-none-eabi/lib/thumb/v7e-m/fpv4-sp/hard\libc_nano.a(lib_a-gdtoa-hexnan.o)
                0x000000000800f7ac                __match
 .text.__hexnan
                0x000000000800f7d4      0x120 c:/program files/stm/stm32cubeide_1.2.0/stm32cubeide/plugins/com.st.stm32cube.ide.mcu.externaltools.gnu-tools-for-stm32.7-2018-q2-update.win32_1.0.0.201904181610/tools/bin/../lib/gcc/arm-none-eabi/7.3.1/../../../../arm-none-eabi/lib/thumb/v7e-m/fpv4-sp/hard\libc_nano.a(lib_a-gdtoa-hexnan.o)
                0x000000000800f7d4                __hexnan
 .text.__locale_ctype_ptr_l
                0x000000000800f8f4        0x6 c:/program files/stm/stm32cubeide_1.2.0/stm32cubeide/plugins/com.st.stm32cube.ide.mcu.externaltools.gnu-tools-for-stm32.7-2018-q2-update.win32_1.0.0.201904181610/tools/bin/../lib/gcc/arm-none-eabi/7.3.1/../../../../arm-none-eabi/lib/thumb/v7e-m/fpv4-sp/hard\libc_nano.a(lib_a-locale.o)
                0x000000000800f8f4                __locale_ctype_ptr_l
 .text.__localeconv_l
                0x000000000800f8fa        0x4 c:/program files/stm/stm32cubeide_1.2.0/stm32cubeide/plugins/com.st.stm32cube.ide.mcu.externaltools.gnu-tools-for-stm32.7-2018-q2-update.win32_1.0.0.201904181610/tools/bin/../lib/gcc/arm-none-eabi/7.3.1/../../../../arm-none-eabi/lib/thumb/v7e-m/fpv4-sp/hard\libc_nano.a(lib_a-localeconv.o)
                0x000000000800f8fa                __localeconv_l
 *fill*         0x000000000800f8fe        0x2 
 .text._localeconv_r
                0x000000000800f900       0x1c c:/program files/stm/stm32cubeide_1.2.0/stm32cubeide/plugins/com.st.stm32cube.ide.mcu.externaltools.gnu-tools-for-stm32.7-2018-q2-update.win32_1.0.0.201904181610/tools/bin/../lib/gcc/arm-none-eabi/7.3.1/../../../../arm-none-eabi/lib/thumb/v7e-m/fpv4-sp/hard\libc_nano.a(lib_a-localeconv.o)
                0x000000000800f900                _localeconv_r
 .text.__ascii_mbtowc
                0x000000000800f91c       0x24 c:/program files/stm/stm32cubeide_1.2.0/stm32cubeide/plugins/com.st.stm32cube.ide.mcu.externaltools.gnu-tools-for-stm32.7-2018-q2-update.win32_1.0.0.201904181610/tools/bin/../lib/gcc/arm-none-eabi/7.3.1/../../../../arm-none-eabi/lib/thumb/v7e-m/fpv4-sp/hard\libc_nano.a(lib_a-mbtowc_r.o)
                0x000000000800f91c                __ascii_mbtowc
 .text.__malloc_lock
                0x000000000800f940        0x2 c:/program files/stm/stm32cubeide_1.2.0/stm32cubeide/plugins/com.st.stm32cube.ide.mcu.externaltools.gnu-tools-for-stm32.7-2018-q2-update.win32_1.0.0.201904181610/tools/bin/../lib/gcc/arm-none-eabi/7.3.1/../../../../arm-none-eabi/lib/thumb/v7e-m/fpv4-sp/hard\libc_nano.a(lib_a-mlock.o)
                0x000000000800f940                __malloc_lock
 .text.__malloc_unlock
                0x000000000800f942        0x2 c:/program files/stm/stm32cubeide_1.2.0/stm32cubeide/plugins/com.st.stm32cube.ide.mcu.externaltools.gnu-tools-for-stm32.7-2018-q2-update.win32_1.0.0.201904181610/tools/bin/../lib/gcc/arm-none-eabi/7.3.1/../../../../arm-none-eabi/lib/thumb/v7e-m/fpv4-sp/hard\libc_nano.a(lib_a-mlock.o)
                0x000000000800f942                __malloc_unlock
 .text._Balloc  0x000000000800f944       0x68 c:/program files/stm/stm32cubeide_1.2.0/stm32cubeide/plugins/com.st.stm32cube.ide.mcu.externaltools.gnu-tools-for-stm32.7-2018-q2-update.win32_1.0.0.201904181610/tools/bin/../lib/gcc/arm-none-eabi/7.3.1/../../../../arm-none-eabi/lib/thumb/v7e-m/fpv4-sp/hard\libc_nano.a(lib_a-mprec.o)
                0x000000000800f944                _Balloc
 .text._Bfree   0x000000000800f9ac       0x2e c:/program files/stm/stm32cubeide_1.2.0/stm32cubeide/plugins/com.st.stm32cube.ide.mcu.externaltools.gnu-tools-for-stm32.7-2018-q2-update.win32_1.0.0.201904181610/tools/bin/../lib/gcc/arm-none-eabi/7.3.1/../../../../arm-none-eabi/lib/thumb/v7e-m/fpv4-sp/hard\libc_nano.a(lib_a-mprec.o)
                0x000000000800f9ac                _Bfree
 .text.__multadd
                0x000000000800f9da       0x76 c:/program files/stm/stm32cubeide_1.2.0/stm32cubeide/plugins/com.st.stm32cube.ide.mcu.externaltools.gnu-tools-for-stm32.7-2018-q2-update.win32_1.0.0.201904181610/tools/bin/../lib/gcc/arm-none-eabi/7.3.1/../../../../arm-none-eabi/lib/thumb/v7e-m/fpv4-sp/hard\libc_nano.a(lib_a-mprec.o)
                0x000000000800f9da                __multadd
 .text.__s2b    0x000000000800fa50       0x7c c:/program files/stm/stm32cubeide_1.2.0/stm32cubeide/plugins/com.st.stm32cube.ide.mcu.externaltools.gnu-tools-for-stm32.7-2018-q2-update.win32_1.0.0.201904181610/tools/bin/../lib/gcc/arm-none-eabi/7.3.1/../../../../arm-none-eabi/lib/thumb/v7e-m/fpv4-sp/hard\libc_nano.a(lib_a-mprec.o)
                0x000000000800fa50                __s2b
 .text.__hi0bits
                0x000000000800facc       0x3e c:/program files/stm/stm32cubeide_1.2.0/stm32cubeide/plugins/com.st.stm32cube.ide.mcu.externaltools.gnu-tools-for-stm32.7-2018-q2-update.win32_1.0.0.201904181610/tools/bin/../lib/gcc/arm-none-eabi/7.3.1/../../../../arm-none-eabi/lib/thumb/v7e-m/fpv4-sp/hard\libc_nano.a(lib_a-mprec.o)
                0x000000000800facc                __hi0bits
 .text.__lo0bits
                0x000000000800fb0a       0x5e c:/program files/stm/stm32cubeide_1.2.0/stm32cubeide/plugins/com.st.stm32cube.ide.mcu.externaltools.gnu-tools-for-stm32.7-2018-q2-update.win32_1.0.0.201904181610/tools/bin/../lib/gcc/arm-none-eabi/7.3.1/../../../../arm-none-eabi/lib/thumb/v7e-m/fpv4-sp/hard\libc_nano.a(lib_a-mprec.o)
                0x000000000800fb0a                __lo0bits
 .text.__i2b    0x000000000800fb68       0x12 c:/program files/stm/stm32cubeide_1.2.0/stm32cubeide/plugins/com.st.stm32cube.ide.mcu.externaltools.gnu-tools-for-stm32.7-2018-q2-update.win32_1.0.0.201904181610/tools/bin/../lib/gcc/arm-none-eabi/7.3.1/../../../../arm-none-eabi/lib/thumb/v7e-m/fpv4-sp/hard\libc_nano.a(lib_a-mprec.o)
                0x000000000800fb68                __i2b
 .text.__multiply
                0x000000000800fb7a      0x12c c:/program files/stm/stm32cubeide_1.2.0/stm32cubeide/plugins/com.st.stm32cube.ide.mcu.externaltools.gnu-tools-for-stm32.7-2018-q2-update.win32_1.0.0.201904181610/tools/bin/../lib/gcc/arm-none-eabi/7.3.1/../../../../arm-none-eabi/lib/thumb/v7e-m/fpv4-sp/hard\libc_nano.a(lib_a-mprec.o)
                0x000000000800fb7a                __multiply
 *fill*         0x000000000800fca6        0x2 
 .text.__pow5mult
                0x000000000800fca8       0x9c c:/program files/stm/stm32cubeide_1.2.0/stm32cubeide/plugins/com.st.stm32cube.ide.mcu.externaltools.gnu-tools-for-stm32.7-2018-q2-update.win32_1.0.0.201904181610/tools/bin/../lib/gcc/arm-none-eabi/7.3.1/../../../../arm-none-eabi/lib/thumb/v7e-m/fpv4-sp/hard\libc_nano.a(lib_a-mprec.o)
                0x000000000800fca8                __pow5mult
 .text.__lshift