Archive member included to satisfy reference by file (symbol)

c:/program files/stm/stm32cubeide_1.2.0/stm32cubeide/plugins/com.st.stm32cube.ide.mcu.externaltools.gnu-tools-for-stm32.7-2018-q2-update.win32_1.0.0.201904181610/tools/bin/../lib/gcc/arm-none-eabi/7.3.1/../../../../arm-none-eabi/lib/thumb/v7e-m/fpv4-sp/hard\libc_nano.a(lib_a-errno.o)
                              Core/Src/syscalls.o (__errno)
c:/program files/stm/stm32cubeide_1.2.0/stm32cubeide/plugins/com.st.stm32cube.ide.mcu.externaltools.gnu-tools-for-stm32.7-2018-q2-update.win32_1.0.0.201904181610/tools/bin/../lib/gcc/arm-none-eabi/7.3.1/../../../../arm-none-eabi/lib/thumb/v7e-m/fpv4-sp/hard\libc_nano.a(lib_a-exit.o)
                              c:/program files/stm/stm32cubeide_1.2.0/stm32cubeide/plugins/com.st.stm32cube.ide.mcu.externaltools.gnu-tools-for-stm32.7-2018-q2-update.win32_1.0.0.201904181610/tools/bin/../lib/gcc/arm-none-eabi/7.3.1/../../../../arm-none-eabi/lib/thumb/v7e-m/fpv4-sp/hard/crt0.o (exit)
c:/program files/stm/stm32cubeide_1.2.0/stm32cubeide/plugins/com.st.stm32cube.ide.mcu.externaltools.gnu-tools-for-stm32.7-2018-q2-update.win32_1.0.0.201904181610/tools/bin/../lib/gcc/arm-none-eabi/7.3.1/../../../../arm-none-eabi/lib/thumb/v7e-m/fpv4-sp/hard\libc_nano.a(lib_a-impure.o)
                              c:/program files/stm/stm32cubeide_1.2.0/stm32cubeide/plugins/com.st.stm32cube.ide.mcu.externaltools.gnu-tools-for-stm32.7-2018-q2-update.win32_1.0.0.201904181610/tools/bin/../lib/gcc/arm-none-eabi/7.3.1/../../../../arm-none-eabi/lib/thumb/v7e-m/fpv4-sp/hard\libc_nano.a(lib_a-exit.o) (_global_impure_ptr)
c:/program files/stm/stm32cubeide_1.2.0/stm32cubeide/plugins/com.st.stm32cube.ide.mcu.externaltools.gnu-tools-for-stm32.7-2018-q2-update.win32_1.0.0.201904181610/tools/bin/../lib/gcc/arm-none-eabi/7.3.1/../../../../arm-none-eabi/lib/thumb/v7e-m/fpv4-sp/hard\libc_nano.a(lib_a-init.o)
                              c:/program files/stm/stm32cubeide_1.2.0/stm32cubeide/plugins/com.st.stm32cube.ide.mcu.externaltools.gnu-tools-for-stm32.7-2018-q2-update.win32_1.0.0.201904181610/tools/bin/../lib/gcc/arm-none-eabi/7.3.1/../../../../arm-none-eabi/lib/thumb/v7e-m/fpv4-sp/hard/crt0.o (__libc_init_array)
c:/program files/stm/stm32cubeide_1.2.0/stm32cubeide/plugins/com.st.stm32cube.ide.mcu.externaltools.gnu-tools-for-stm32.7-2018-q2-update.win32_1.0.0.201904181610/tools/bin/../lib/gcc/arm-none-eabi/7.3.1/../../../../arm-none-eabi/lib/thumb/v7e-m/fpv4-sp/hard\libc_nano.a(lib_a-malloc.o)
                              Middlewares/ST/STM32_USB_Device_Library/Class/CDC/Src/usbd_cdc.o (malloc)
c:/program files/stm/stm32cubeide_1.2.0/stm32cubeide/plugins/com.st.stm32cube.ide.mcu.externaltools.gnu-tools-for-stm32.7-2018-q2-update.win32_1.0.0.201904181610/tools/bin/../lib/gcc/arm-none-eabi/7.3.1/../../../../arm-none-eabi/lib/thumb/v7e-m/fpv4-sp/hard\libc_nano.a(lib_a-memcpy-stub.o)
                              FATFS/Target/sd_diskio.o (memcpy)
c:/program files/stm/stm32cubeide_1.2.0/stm32cubeide/plugins/com.st.stm32cube.ide.mcu.externaltools.gnu-tools-for-stm32.7-2018-q2-update.win32_1.0.0.201904181610/tools/bin/../lib/gcc/arm-none-eabi/7.3.1/../../../../arm-none-eabi/lib/thumb/v7e-m/fpv4-sp/hard\libc_nano.a(lib_a-memset.o)
                              c:/program files/stm/stm32cubeide_1.2.0/stm32cubeide/plugins/com.st.stm32cube.ide.mcu.externaltools.gnu-tools-for-stm32.7-2018-q2-update.win32_1.0.0.201904181610/tools/bin/../lib/gcc/arm-none-eabi/7.3.1/../../../../arm-none-eabi/lib/thumb/v7e-m/fpv4-sp/hard/crt0.o (memset)
c:/program files/stm/stm32cubeide_1.2.0/stm32cubeide/plugins/com.st.stm32cube.ide.mcu.externaltools.gnu-tools-for-stm32.7-2018-q2-update.win32_1.0.0.201904181610/tools/bin/../lib/gcc/arm-none-eabi/7.3.1/../../../../arm-none-eabi/lib/thumb/v7e-m/fpv4-sp/hard\libc_nano.a(lib_a-nano-freer.o)
                              c:/program files/stm/stm32cubeide_1.2.0/stm32cubeide/plugins/com.st.stm32cube.ide.mcu.externaltools.gnu-tools-for-stm32.7-2018-q2-update.win32_1.0.0.201904181610/tools/bin/../lib/gcc/arm-none-eabi/7.3.1/../../../../arm-none-eabi/lib/thumb/v7e-m/fpv4-sp/hard\libc_nano.a(lib_a-malloc.o) (_free_r)
c:/program files/stm/stm32cubeide_1.2.0/stm32cubeide/plugins/com.st.stm32cube.ide.mcu.externaltools.gnu-tools-for-stm32.7-2018-q2-update.win32_1.0.0.201904181610/tools/bin/../lib/gcc/arm-none-eabi/7.3.1/../../../../arm-none-eabi/lib/thumb/v7e-m/fpv4-sp/hard\libc_nano.a(lib_a-nano-mallocr.o)
                              c:/program files/stm/stm32cubeide_1.2.0/stm32cubeide/plugins/com.st.stm32cube.ide.mcu.externaltools.gnu-tools-for-stm32.7-2018-q2-update.win32_1.0.0.201904181610/tools/bin/../lib/gcc/arm-none-eabi/7.3.1/../../../../arm-none-eabi/lib/thumb/v7e-m/fpv4-sp/hard\libc_nano.a(lib_a-malloc.o) (_malloc_r)
[...]
Memory Configuration

Name             Origin             Length             Attributes
CCMRAM           0x0000000010000000 0x0000000000010000 xrw
RAM              0x0000000020000000 0x0000000000020000 xrw
FLASH            0x0000000008000000 0x0000000000100000 xr
*default*        0x0000000000000000 0xffffffffffffffff

Linker script and memory map

LOAD c:/program files/stm/stm32cubeide_1.2.0/stm32cubeide/plugins/com.st.stm32cube.ide.mcu.externaltools.gnu-tools-for-stm32.7-2018-q2-update.win32_1.0.0.201904181610/tools/bin/../lib/gcc/arm-none-eabi/7.3.1/thumb/v7e-m/fpv4-sp/hard/crti.o
LOAD c:/program files/stm/stm32cubeide_1.2.0/stm32cubeide/plugins/com.st.stm32cube.ide.mcu.externaltools.gnu-tools-for-stm32.7-2018-q2-update.win32_1.0.0.201904181610/tools/bin/../lib/gcc/arm-none-eabi/7.3.1/thumb/v7e-m/fpv4-sp/hard/crtbegin.o
LOAD c:/program files/stm/stm32cubeide_1.2.0/stm32cubeide/plugins/com.st.stm32cube.ide.mcu.externaltools.gnu-tools-for-stm32.7-2018-q2-update.win32_1.0.0.201904181610/tools/bin/../lib/gcc/arm-none-eabi/7.3.1/../../../../arm-none-eabi/lib/thumb/v7e-m/fpv4-sp/hard/crt0.o
LOAD Code/Components/sx1278.o
LOAD Code/Sensors/bmp280.o
LOAD Code/run.o
LOAD Core/Src/main.o
LOAD Core/Src/stm32f4xx_hal_msp.o
LOAD Core/Src/stm32f4xx_it.o
LOAD Core/Src/syscalls.o
LOAD Core/Src/sysmem.o
LOAD Core/Src/system_stm32f4xx.o
LOAD Core/Startup/startup_stm32f405rgtx.o
LOAD Drivers/STM32F4xx_HAL_Driver/Src/stm32f4xx_hal.o
LOAD Drivers/STM32F4xx_HAL_Driver/Src/stm32f4xx_hal_cortex.o
LOAD Drivers/STM32F4xx_HAL_Driver/Src/stm32f4xx_hal_dma.o
LOAD Drivers/STM32F4xx_HAL_Driver/Src/stm32f4xx_hal_dma_ex.o
LOAD Drivers/STM32F4xx_HAL_Driver/Src/stm32f4xx_hal_exti.o
LOAD Drivers/STM32F4xx_HAL_Driver/Src/stm32f4xx_hal_flash.o
LOAD Drivers/STM32F4xx_HAL_Driver/Src/stm32f4xx_hal_flash_ex.o
LOAD Drivers/STM32F4xx_HAL_Driver/Src/stm32f4xx_hal_flash_ramfunc.o
LOAD Drivers/STM32F4xx_HAL_Driver/Src/stm32f4xx_hal_gpio.o
LOAD Drivers/STM32F4xx_HAL_Driver/Src/stm32f4xx_hal_i2c.o
LOAD Drivers/STM32F4xx_HAL_Driver/Src/stm32f4xx_hal_i2c_ex.o
LOAD Drivers/STM32F4xx_HAL_Driver/Src/stm32f4xx_hal_pcd.o
LOAD Drivers/STM32F4xx_HAL_Driver/Src/stm32f4xx_hal_pcd_ex.o
LOAD Drivers/STM32F4xx_HAL_Driver/Src/stm32f4xx_hal_pwr.o
LOAD Drivers/STM32F4xx_HAL_Driver/Src/stm32f4xx_hal_pwr_ex.o
LOAD Drivers/STM32F4xx_HAL_Driver/Src/stm32f4xx_hal_rcc.o
LOAD Drivers/STM32F4xx_HAL_Driver/Src/stm32f4xx_hal_rcc_ex.o
LOAD Drivers/STM32F4xx_HAL_Driver/Src/stm32f4xx_hal_sd.o
LOAD Drivers/STM32F4xx_HAL_Driver/Src/stm32f4xx_hal_spi.o
LOAD Drivers/STM32F4xx_HAL_Driver/Src/stm32f4xx_hal_tim.o
LOAD Drivers/STM32F4xx_HAL_Driver/Src/stm32f4xx_hal_tim_ex.o
LOAD Drivers/STM32F4xx_HAL_Driver/Src/stm32f4xx_hal_uart.o
LOAD Drivers/STM32F4xx_HAL_Driver/Src/stm32f4xx_ll_sdmmc.o
LOAD Drivers/STM32F4xx_HAL_Driver/Src/stm32f4xx_ll_usb.o
LOAD FATFS/App/fatfs.o
LOAD FATFS/Target/bsp_driver_sd.o
LOAD FATFS/Target/fatfs_platform.o
LOAD FATFS/Target/sd_diskio.o
LOAD Middlewares/ST/STM32_USB_Device_Library/Class/CDC/Src/usbd_cdc.o
LOAD Middlewares/ST/STM32_USB_Device_Library/Core/Src/usbd_core.o
LOAD Middlewares/ST/STM32_USB_Device_Library/Core/Src/usbd_ctlreq.o
LOAD Middlewares/ST/STM32_USB_Device_Library/Core/Src/usbd_ioreq.o
LOAD Middlewares/Third_Party/FatFs/src/diskio.o
LOAD Middlewares/Third_Party/FatFs/src/ff.o
LOAD Middlewares/Third_Party/FatFs/src/ff_gen_drv.o
LOAD Middlewares/Third_Party/FatFs/src/option/syscall.o
LOAD USB_DEVICE/App/usb_device.o
LOAD USB_DEVICE/App/usbd_cdc_if.o
LOAD USB_DEVICE/App/usbd_desc.o
LOAD USB_DEVICE/Target/usbd_conf.o
START GROUP
LOAD c:/program files/stm/stm32cubeide_1.2.0/stm32cubeide/plugins/com.st.stm32cube.ide.mcu.externaltools.gnu-tools-for-stm32.7-2018-q2-update.win32_1.0.0.201904181610/tools/bin/../lib/gcc/arm-none-eabi/7.3.1/../../../../arm-none-eabi/lib/thumb/v7e-m/fpv4-sp/hard\libc_nano.a
LOAD c:/program files/stm/stm32cubeide_1.2.0/stm32cubeide/plugins/com.st.stm32cube.ide.mcu.externaltools.gnu-tools-for-stm32.7-2018-q2-update.win32_1.0.0.201904181610/tools/bin/../lib/gcc/arm-none-eabi/7.3.1/../../../../arm-none-eabi/lib/thumb/v7e-m/fpv4-sp/hard\libm.a
END GROUP
START GROUP
LOAD c:/program files/stm/stm32cubeide_1.2.0/stm32cubeide/plugins/com.st.stm32cube.ide.mcu.externaltools.gnu-tools-for-stm32.7-2018-q2-update.win32_1.0.0.201904181610/tools/bin/../lib/gcc/arm-none-eabi/7.3.1/thumb/v7e-m/fpv4-sp/hard\libgcc.a
LOAD c:/program files/stm/stm32cubeide_1.2.0/stm32cubeide/plugins/com.st.stm32cube.ide.mcu.externaltools.gnu-tools-for-stm32.7-2018-q2-update.win32_1.0.0.201904181610/tools/bin/../lib/gcc/arm-none-eabi/7.3.1/../../../../arm-none-eabi/lib/thumb/v7e-m/fpv4-sp/hard\libc_nano.a
END GROUP
START GROUP
LOAD c:/program files/stm/stm32cubeide_1.2.0/stm32cubeide/plugins/com.st.stm32cube.ide.mcu.externaltools.gnu-tools-for-stm32.7-2018-q2-update.win32_1.0.0.201904181610/tools/bin/../lib/gcc/arm-none-eabi/7.3.1/thumb/v7e-m/fpv4-sp/hard\libgcc.a
LOAD c:/program files/stm/stm32cubeide_1.2.0/stm32cubeide/plugins/com.st.stm32cube.ide.mcu.externaltools.gnu-tools-for-stm32.7-2018-q2-update.win32_1.0.0.201904181610/tools/bin/../lib/gcc/arm-none-eabi/7.3.1/../../../../arm-none-eabi/lib/thumb/v7e-m/fpv4-sp/hard\libc_nano.a
LOAD c:/program files/stm/stm32cubeide_1.2.0/stm32cubeide/plugins/com.st.stm32cube.ide.mcu.externaltools.gnu-tools-for-stm32.7-2018-q2-update.win32_1.0.0.201904181610/tools/bin/../lib/gcc/arm-none-eabi/7.3.1/../../../../arm-none-eabi/lib/thumb/v7e-m/fpv4-sp/hard\libnosys.a
END GROUP
START GROUP
LOAD c:/program files/stm/stm32cubeide_1.2.0/stm32cubeide/plugins/com.st.stm32cube.ide.mcu.externaltools.gnu-tools-for-stm32.7-2018-q2-update.win32_1.0.0.201904181610/tools/bin/../lib/gcc/arm-none-eabi/7.3.1/thumb/v7e-m/fpv4-sp/hard\libgcc.a
LOAD c:/program files/stm/stm32cubeide_1.2.0/stm32cubeide/plugins/com.st.stm32cube.ide.mcu.externaltools.gnu-tools-for-stm32.7-2018-q2-update.win32_1.0.0.201904181610/tools/bin/../lib/gcc/arm-none-eabi/7.3.1/../../../../arm-none-eabi/lib/thumb/v7e-m/fpv4-sp/hard\libc_nano.a
LOAD c:/program files/stm/stm32cubeide_1.2.0/stm32cubeide/plugins/com.st.stm32cube.ide.mcu.externaltools.gnu-tools-for-stm32.7-2018-q2-update.win32_1.0.0.201904181610/tools/bin/../lib/gcc/arm-none-eabi/7.3.1/../../../../arm-none-eabi/lib/thumb/v7e-m/fpv4-sp/hard\libnosys.a
END GROUP
LOAD c:/program files/stm/stm32cubeide_1.2.0/stm32cubeide/plugins/com.st.stm32cube.ide.mcu.externaltools.gnu-tools-for-stm32.7-2018-q2-update.win32_1.0.0.201904181610/tools/bin/../lib/gcc/arm-none-eabi/7.3.1/thumb/v7e-m/fpv4-sp/hard/crtend.o
LOAD c:/program files/stm/stm32cubeide_1.2.0/stm32cubeide/plugins/com.st.stm32cube.ide.mcu.externaltools.gnu-tools-for-stm32.7-2018-q2-update.win32_1.0.0.201904181610/tools/bin/../lib/gcc/arm-none-eabi/7.3.1/thumb/v7e-m/fpv4-sp/hard/crtn.o
                0x0000000020020000                _estack = (ORIGIN (RAM) + LENGTH (RAM))
                0x0000000000000200                _Min_Heap_Size = 0x200
                0x0000000000000400                _Min_Stack_Size = 0x400

.isr_vector     0x0000000008000000      0x188
                0x0000000008000000                . = ALIGN (0x4)
 *(.isr_vector)
 .isr_vector    0x0000000008000000      0x188 Core/Startup/startup_stm32f405rgtx.o
                0x0000000008000000                g_pfnVectors
                0x0000000008000188                . = ALIGN (0x4)

.text           0x0000000008000190    0x11808
                0x0000000008000190                . = ALIGN (0x4)
 *(.text)
 .text          0x0000000008000190       0x40 c:/program files/stm/stm32cubeide_1.2.0/stm32cubeide/plugins/com.st.stm32cube.ide.mcu.externaltools.gnu-tools-for-stm32.7-2018-q2-update.win32_1.0.0.201904181610/tools/bin/../lib/gcc/arm-none-eabi/7.3.1/thumb/v7e-m/fpv4-sp/hard/crtbegin.o
 .text          0x00000000080001d0       0x10 c:/program files/stm/stm32cubeide_1.2.0/stm32cubeide/plugins/com.st.stm32cube.ide.mcu.externaltools.gnu-tools-for-stm32.7-2018-q2-update.win32_1.0.0.201904181610/tools/bin/../lib/gcc/arm-none-eabi/7.3.1/../../../../arm-none-eabi/lib/thumb/v7e-m/fpv4-sp/hard\libc_nano.a(lib_a-strlen.o)
                0x00000000080001d0                strlen
 .text          0x00000000080001e0       0xa0 c:/program files/stm/stm32cubeide_1.2.0/stm32cubeide/plugins/com.st.stm32cube.ide.mcu.externaltools.gnu-tools-for-stm32.7-2018-q2-update.win32_1.0.0.201904181610/tools/bin/../lib/gcc/arm-none-eabi/7.3.1/../../../../arm-none-eabi/lib/thumb/v7e-m/fpv4-sp/hard\libc_nano.a(lib_a-memchr.o)
                0x00000000080001e0                memchr
 .text          0x0000000008000280      0x378 c:/program files/stm/stm32cubeide_1.2.0/stm32cubeide/plugins/com.st.stm32cube.ide.mcu.externaltools.gnu-tools-for-stm32.7-2018-q2-update.win32_1.0.0.201904181610/tools/bin/../lib/gcc/arm-none-eabi/7.3.1/thumb/v7e-m/fpv4-sp/hard\libgcc.a(_arm_addsubdf3.o)
                0x0000000008000280                __aeabi_drsub
                0x0000000008000288                __aeabi_dsub
                0x0000000008000288                __subdf3
                0x000000000800028c                __aeabi_dadd
                0x000000000800028c                __adddf3
                0x0000000008000504                __floatunsidf
                0x0000000008000504                __aeabi_ui2d
                0x0000000008000524                __floatsidf
                0x0000000008000524                __aeabi_i2d
                0x0000000008000548                __aeabi_f2d
                0x0000000008000548                __extendsfdf2
                0x000000000800058c                __floatundidf
                0x000000000800058c                __aeabi_ul2d
                0x000000000800059c                __floatdidf
                0x000000000800059c                __aeabi_l2d
 .text          0x00000000080005f8      0x424 c:/program files/stm/stm32cubeide_1.2.0/stm32cubeide/plugins/com.st.stm32cube.ide.mcu.externaltools.gnu-tools-for-stm32.7-2018-q2-update.win32_1.0.0.201904181610/tools/bin/../lib/gcc/arm-none-eabi/7.3.1/thumb/v7e-m/fpv4-sp/hard\libgcc.a(_arm_muldivdf3.o)
                0x00000000080005f8                __aeabi_dmul
                0x00000000080005f8                __muldf3
                0x000000000800084c                __divdf3
                0x000000000800084c                __aeabi_ddiv
 .text          0x0000000008000a1c      0x110 c:/program files/stm/stm32cubeide_1.2.0/stm32cubeide/plugins/com.st.stm32cube.ide.mcu.externaltools.gnu-tools-for-stm32.7-2018-q2-update.win32_1.0.0.201904181610/tools/bin/../lib/gcc/arm-none-eabi/7.3.1/thumb/v7e-m/fpv4-sp/hard\libgcc.a(_arm_cmpdf2.o)
                0x0000000008000a1c                __gtdf2
                0x0000000008000a1c                __gedf2
                0x0000000008000a24                __ltdf2
                0x0000000008000a24                __ledf2
                0x0000000008000a2c                __nedf2
                0x0000000008000a2c                __eqdf2
                0x0000000008000a2c                __cmpdf2
                0x0000000008000aa8                __aeabi_cdrcmple
                0x0000000008000ab8                __aeabi_cdcmpeq
                0x0000000008000ab8                __aeabi_cdcmple
                0x0000000008000ac8                __aeabi_dcmpeq
                0x0000000008000adc                __aeabi_dcmplt
                0x0000000008000af0                __aeabi_dcmple
                0x0000000008000b04                __aeabi_dcmpge
                0x0000000008000b18                __aeabi_dcmpgt
 .text          0x0000000008000b2c       0x2c c:/program files/stm/stm32cubeide_1.2.0/stm32cubeide/plugins/com.st.stm32cube.ide.mcu.externaltools.gnu-tools-for-stm32.7-2018-q2-update.win32_1.0.0.201904181610/tools/bin/../lib/gcc/arm-none-eabi/7.3.1/thumb/v7e-m/fpv4-sp/hard\libgcc.a(_arm_unorddf2.o)
                0x0000000008000b2c                __unorddf2
                0x0000000008000b2c                __aeabi_dcmpun
 .text          0x0000000008000b58       0x50 c:/program files/stm/stm32cubeide_1.2.0/stm32cubeide/plugins/com.st.stm32cube.ide.mcu.externaltools.gnu-tools-for-stm32.7-2018-q2-update.win32_1.0.0.201904181610/tools/bin/../lib/gcc/arm-none-eabi/7.3.1/thumb/v7e-m/fpv4-sp/hard\libgcc.a(_arm_fixdfsi.o)
                0x0000000008000b58                __aeabi_d2iz
                0x0000000008000b58                __fixdfsi
 .text          0x0000000008000ba8       0x40 c:/program files/stm/stm32cubeide_1.2.0/stm32cubeide/plugins/com.st.stm32cube.ide.mcu.externaltools.gnu-tools-for-stm32.7-2018-q2-update.win32_1.0.0.201904181610/tools/bin/../lib/gcc/arm-none-eabi/7.3.1/thumb/v7e-m/fpv4-sp/hard\libgcc.a(_arm_fixunsdfsi.o)
                0x0000000008000ba8                __aeabi_d2uiz
                0x0000000008000ba8                __fixunsdfsi
 .text          0x0000000008000be8       0xa0 c:/program files/stm/stm32cubeide_1.2.0/stm32cubeide/plugins/com.st.stm32cube.ide.mcu.externaltools.gnu-tools-for-stm32.7-2018-q2-update.win32_1.0.0.201904181610/tools/bin/../lib/gcc/arm-none-eabi/7.3.1/thumb/v7e-m/fpv4-sp/hard\libgcc.a(_arm_truncdfsf2.o)
                0x0000000008000be8                __truncdfsf2
                0x0000000008000be8                __aeabi_d2f
 .text          0x0000000008000c88       0xa0 c:/program files/stm/stm32cubeide_1.2.0/stm32cubeide/plugins/com.st.stm32cube.ide.mcu.externaltools.gnu-tools-for-stm32.7-2018-q2-update.win32_1.0.0.201904181610/tools/bin/../lib/gcc/arm-none-eabi/7.3.1/thumb/v7e-m/fpv4-sp/hard\libgcc.a(_aeabi_ldivmod.o)
                0x0000000008000c88                __aeabi_ldivmod
 .text          0x0000000008000d28       0x30 c:/program files/stm/stm32cubeide_1.2.0/stm32cubeide/plugins/com.st.stm32cube.ide.mcu.externaltools.gnu-tools-for-stm32.7-2018-q2-update.win32_1.0.0.201904181610/tools/bin/../lib/gcc/arm-none-eabi/7.3.1/thumb/v7e-m/fpv4-sp/hard\libgcc.a(_aeabi_uldivmod.o)
                0x0000000008000d28                __aeabi_uldivmod
 .text          0x0000000008000d58      0x2cc c:/program files/stm/stm32cubeide_1.2.0/stm32cubeide/plugins/com.st.stm32cube.ide.mcu.externaltools.gnu-tools-for-stm32.7-2018-q2-update.win32_1.0.0.201904181610/tools/bin/../lib/gcc/arm-none-eabi/7.3.1/thumb/v7e-m/fpv4-sp/hard\libgcc.a(_udivmoddi4.o)
                0x0000000008000d58                __udivmoddi4
 .text          0x0000000008001024        0x4 c:/program files/stm/stm32cubeide_1.2.0/stm32cubeide/plugins/com.st.stm32cube.ide.mcu.externaltools.gnu-tools-for-stm32.7-2018-q2-update.win32_1.0.0.201904181610/tools/bin/../lib/gcc/arm-none-eabi/7.3.1/thumb/v7e-m/fpv4-sp/hard\libgcc.a(_dvmd_tls.o)
                0x0000000008001024                __aeabi_idiv0
                0x0000000008001024                __aeabi_ldiv0
 *(.text*)
 .text.SX1278_write
                0x0000000008001028       0x30 Code/Components/sx1278.o
                0x0000000008001028                SX1278_write
 .text.SX1278_command
                0x0000000008001058       0x5a Code/Components/sx1278.o
                0x0000000008001058                SX1278_command
 .text.SX1278_command_burst
                0x00000000080010b2       0x7e Code/Components/sx1278.o
                0x00000000080010b2                SX1278_command_burst
 .text.SX1278_read
                0x0000000008001130       0x3e Code/Components/sx1278.o
                0x0000000008001130                SX1278_read
 .text.SX1278_read_address
                0x000000000800116e       0x52 Code/Components/sx1278.o
                0x000000000800116e                SX1278_read_address
 .text.SX1278_read_burst
                0x00000000080011c0       0x7a Code/Components/sx1278.o
                0x00000000080011c0                SX1278_read_burst
 .text.SX1278_init
                0x000000000800123a      0x20a Code/Components/sx1278.o
                0x000000000800123a                SX1278_init
 .text.SX1278_transmit
                0x0000000008001444       0x70 Code/Components/sx1278.o
                0x0000000008001444                SX1278_transmit
 .text.SX1278_receive
                0x00000000080014b4       0x66 Code/Components/sx1278.o
                0x00000000080014b4                SX1278_receive
 .text.SX1278_tx_input
                0x000000000800151a       0x36 Code/Components/sx1278.o
                0x000000000800151a                SX1278_tx_input
 .text.SX1278_tx_push
                0x0000000008001550       0x1a Code/Components/sx1278.o
                0x0000000008001550                SX1278_tx_push
 .text.SX1278_tx_finish
                0x000000000800156a       0x4a Code/Components/sx1278.o
                0x000000000800156a                SX1278_tx_finish
 .text.SX1278_rx_get_packet
                0x00000000080015b4       0xa4 Code/Components/sx1278.o
                0x00000000080015b4                SX1278_rx_get_packet
 .text.SX1278_tx_mode
                0x0000000008001658       0x50 Code/Components/sx1278.o
                0x0000000008001658                SX1278_tx_mode
 .text.SX1278_rx_mode
                0x00000000080016a8       0x62 Code/Components/sx1278.o
                0x00000000080016a8                SX1278_rx_mode
 .text.SX1278_sleep
                0x000000000800170a       0x20 Code/Components/sx1278.o
                0x000000000800170a                SX1278_sleep
 .text.SX1278_standby
                0x000000000800172a       0x20 Code/Components/sx1278.o
                0x000000000800172a                SX1278_standby
 .text.SX1278_dio0_IRQ
                0x000000000800174a       0x5a Code/Components/sx1278.o
                0x000000000800174a                SX1278_dio0_IRQ
 .text.SX1278_update_IRQ_status
                0x00000000080017a4       0x70 Code/Components/sx1278.o
                0x00000000080017a4                SX1278_update_IRQ_status
 .text.SX1278_clearLoRaIrq
                0x0000000008001814       0x1a Code/Components/sx1278.o
                0x0000000008001814                SX1278_clearLoRaIrq
 .text.SX1278_getRSSI
                0x000000000800182e       0x1c Code/Components/sx1278.o
                0x000000000800182e                SX1278_getRSSI
 .text.read_data
                0x000000000800184a       0x52 Code/Sensors/bmp280.o
 .text.write_register8
                0x000000000800189c       0x4a Code/Sensors/bmp280.o
 .text.read_register16
                0x00000000080018e6       0x5e Code/Sensors/bmp280.o
 .text.read_calibration_data
                0x0000000008001944      0x10c Code/Sensors/bmp280.o
 .text.bmp280_init
                0x0000000008001a50      0x132 Code/Sensors/bmp280.o
                0x0000000008001a50                bmp280_init
 .text.compensate_temperature
                0x0000000008001b82       0x72 Code/Sensors/bmp280.o
 .text.compensate_pressure
                0x0000000008001bf4      0x354 Code/Sensors/bmp280.o
 .text.bmp280_read_fixed
                0x0000000008001f48       0x82 Code/Sensors/bmp280.o
                0x0000000008001f48                bmp280_read_fixed
 *fill*         0x0000000008001fca        0x2 
 .text.bmp280_read_float
                0x0000000008001fcc       0x68 Code/Sensors/bmp280.o
                0x0000000008001fcc                bmp280_read_float
 .text.print    0x0000000008002034       0x22 Core/Src/main.o
 *fill*         0x0000000008002056        0x2 
 .text.setup    0x0000000008002058       0x5c Core/Src/main.o
 .text.loop     0x00000000080020b4       0xc8 Core/Src/main.o
 .text.radio_procedure
                0x000000000800217c       0x74 Core/Src/main.o
 .text.bmp280_begin
                0x00000000080021f0       0x78 Core/Src/main.o
 .text.dio0_IRQ
                0x0000000008002268       0x18 Core/Src/main.o
 .text.radio_begin
                0x0000000008002280       0xc8 Core/Src/main.o
 .text.main     0x0000000008002348       0x36 Core/Src/main.o
                0x0000000008002348                main
 *fill*         0x000000000800237e        0x2 
 .text.SystemClock_Config
                0x0000000008002380       0xd4 Core/Src/main.o
                0x0000000008002380                SystemClock_Config
 .text.MX_I2C1_Init
                0x0000000008002454       0x5c Core/Src/main.o
 .text.MX_SDIO_SD_Init
                0x00000000080024b0       0x40 Core/Src/main.o
 .text.MX_SPI1_Init
                0x00000000080024f0       0x6c Core/Src/main.o
 .text.MX_USART3_UART_Init
                0x000000000800255c       0x54 Core/Src/main.o
 .text.MX_DMA_Init
                0x00000000080025b0       0x50 Core/Src/main.o
 .text.MX_GPIO_Init
                0x0000000008002600      0x1e8 Core/Src/main.o
 .text.Get_I2C1_Instance
                0x00000000080027e8       0x14 Core/Src/main.o
                0x00000000080027e8                Get_I2C1_Instance
 .text.Get_SPI1_Instance
                0x00000000080027fc       0x14 Core/Src/main.o
                0x00000000080027fc                Get_SPI1_Instance
 .text.HAL_GPIO_EXTI_Callback
                0x0000000008002810       0x1c Core/Src/main.o
                0x0000000008002810                HAL_GPIO_EXTI_Callback
 .text.Error_Handler
                0x000000000800282c        0xe Core/Src/main.o
                0x000000000800282c                Error_Handler
 *fill*         0x000000000800283a        0x2 
 .text.HAL_MspInit
                0x000000000800283c       0x50 Core/Src/stm32f4xx_hal_msp.o
                0x000000000800283c                HAL_MspInit
 .text.HAL_I2C_MspInit
                0x000000000800288c       0x90 Core/Src/stm32f4xx_hal_msp.o
                0x000000000800288c                HAL_I2C_MspInit
 .text.HAL_SD_MspInit
                0x000000000800291c      0x200 Core/Src/stm32f4xx_hal_msp.o
                0x000000000800291c                HAL_SD_MspInit
 .text.HAL_SPI_MspInit
                0x0000000008002b1c       0x90 Core/Src/stm32f4xx_hal_msp.o
                0x0000000008002b1c                HAL_SPI_MspInit
 .text.HAL_UART_MspInit
                0x0000000008002bac       0x90 Core/Src/stm32f4xx_hal_msp.o
                0x0000000008002bac                HAL_UART_MspInit
 .text.NMI_Handler
                0x0000000008002c3c        0xe Core/Src/stm32f4xx_it.o
                0x0000000008002c3c                NMI_Handler
 .text.HardFault_Handler
                0x0000000008002c4a        0x6 Core/Src/stm32f4xx_it.o
                0x0000000008002c4a                HardFault_Handler
 .text.MemManage_Handler
                0x0000000008002c50        0x6 Core/Src/stm32f4xx_it.o
                0x0000000008002c50                MemManage_Handler
 .text.BusFault_Handler
                0x0000000008002c56        0x6 Core/Src/stm32f4xx_it.o
                0x0000000008002c56                BusFault_Handler
 .text.UsageFault_Handler
                0x0000000008002c5c        0x6 Core/Src/stm32f4xx_it.o
                0x0000000008002c5c                UsageFault_Handler
 .text.SVC_Handler
                0x0000000008002c62        0xe Core/Src/stm32f4xx_it.o
                0x0000000008002c62                SVC_Handler
 .text.DebugMon_Handler
                0x0000000008002c70        0xe Core/Src/stm32f4xx_it.o
                0x0000000008002c70                DebugMon_Handler
 .text.PendSV_Handler
                0x0000000008002c7e        0xe Core/Src/stm32f4xx_it.o
                0x0000000008002c7e                PendSV_Handler
 .text.SysTick_Handler
                0x0000000008002c8c        0xc Core/Src/stm32f4xx_it.o
                0x0000000008002c8c                SysTick_Handler
 .text.EXTI9_5_IRQHandler
                0x0000000008002c98        0xe Core/Src/stm32f4xx_it.o
                0x0000000008002c98                EXTI9_5_IRQHandler
 *fill*         0x0000000008002ca6        0x2 
 .text.SDIO_IRQHandler
                0x0000000008002ca8       0x14 Core/Src/stm32f4xx_it.o
                0x0000000008002ca8                SDIO_IRQHandler
 .text.DMA2_Stream3_IRQHandler
                0x0000000008002cbc       0x14 Core/Src/stm32f4xx_it.o
                0x0000000008002cbc                DMA2_Stream3_IRQHandler
 .text.OTG_FS_IRQHandler
                0x0000000008002cd0       0x14 Core/Src/stm32f4xx_it.o
                0x0000000008002cd0                OTG_FS_IRQHandler
 .text.DMA2_Stream6_IRQHandler
                0x0000000008002ce4       0x14 Core/Src/stm32f4xx_it.o
                0x0000000008002ce4                DMA2_Stream6_IRQHandler
 .text._read    0x0000000008002cf8       0x3a Core/Src/syscalls.o
                0x0000000008002cf8                _read
 .text._write   0x0000000008002d32       0x38 Core/Src/syscalls.o
                0x0000000008002d32                _write
 .text._close   0x0000000008002d6a       0x18 Core/Src/syscalls.o
                0x0000000008002d6a                _close
 .text._fstat   0x0000000008002d82       0x20 Core/Src/syscalls.o
                0x0000000008002d82                _fstat
 .text._isatty  0x0000000008002da2       0x16 Core/Src/syscalls.o
                0x0000000008002da2                _isatty
 .text._lseek   0x0000000008002db8       0x1a Core/Src/syscalls.o
                0x0000000008002db8                _lseek
 *fill*         0x0000000008002dd2        0x2 
 .text._sbrk    0x0000000008002dd4       0x58 Core/Src/sysmem.o
                0x0000000008002dd4                _sbrk
 .text.SystemInit
                0x0000000008002e2c       0x2c Core/Src/system_stm32f4xx.o
                0x0000000008002e2c                SystemInit
 .text.Reset_Handler
                0x0000000008002e58       0x50 Core/Startup/startup_stm32f405rgtx.o
                0x0000000008002e58                Reset_Handler
 .text.Default_Handler
                0x0000000008002ea8        0x2 Core/Startup/startup_stm32f405rgtx.o
                0x0000000008002ea8                RTC_Alarm_IRQHandler
                0x0000000008002ea8                HASH_RNG_IRQHandler
                0x0000000008002ea8                EXTI2_IRQHandler
                0x0000000008002ea8                TIM8_CC_IRQHandler
                0x0000000008002ea8                TIM1_CC_IRQHandler
                0x0000000008002ea8                DMA2_Stream5_IRQHandler
                0x0000000008002ea8                DMA1_Stream5_IRQHandler
                0x0000000008002ea8                PVD_IRQHandler
                0x0000000008002ea8                TAMP_STAMP_IRQHandler
                0x0000000008002ea8                CAN2_RX1_IRQHandler
                0x0000000008002ea8                EXTI3_IRQHandler
                0x0000000008002ea8                TIM8_TRG_COM_TIM14_IRQHandler
                0x0000000008002ea8                TIM1_UP_TIM10_IRQHandler
                0x0000000008002ea8                TIM8_UP_TIM13_IRQHandler
                0x0000000008002ea8                I2C3_ER_IRQHandler
                0x0000000008002ea8                EXTI0_IRQHandler
                0x0000000008002ea8                I2C2_EV_IRQHandler
                0x0000000008002ea8                DMA1_Stream2_IRQHandler
                0x0000000008002ea8                CAN1_RX0_IRQHandler
                0x0000000008002ea8                FPU_IRQHandler
                0x0000000008002ea8                OTG_HS_WKUP_IRQHandler
                0x0000000008002ea8                CAN2_SCE_IRQHandler
                0x0000000008002ea8                DMA2_Stream2_IRQHandler
                0x0000000008002ea8                SPI1_IRQHandler
                0x0000000008002ea8                TIM6_DAC_IRQHandler
                0x0000000008002ea8                TIM1_BRK_TIM9_IRQHandler
                0x0000000008002ea8                CAN2_RX0_IRQHandler
                0x0000000008002ea8                USART6_IRQHandler
                0x0000000008002ea8                USART3_IRQHandler
                0x0000000008002ea8                CAN1_RX1_IRQHandler
                0x0000000008002ea8                UART5_IRQHandler
                0x0000000008002ea8                DMA2_Stream0_IRQHandler
                0x0000000008002ea8                TIM4_IRQHandler
                0x0000000008002ea8                I2C1_EV_IRQHandler
                0x0000000008002ea8                DMA1_Stream6_IRQHandler
                0x0000000008002ea8                DMA1_Stream1_IRQHandler
                0x0000000008002ea8                UART4_IRQHandler
                0x0000000008002ea8                TIM3_IRQHandler
                0x0000000008002ea8                RCC_IRQHandler
                0x0000000008002ea8                TIM8_BRK_TIM12_IRQHandler
                0x0000000008002ea8                Default_Handler
                0x0000000008002ea8                EXTI15_10_IRQHandler
                0x0000000008002ea8                ADC_IRQHandler
                0x0000000008002ea8                DMA1_Stream7_IRQHandler
                0x0000000008002ea8                TIM7_IRQHandler
                0x0000000008002ea8                CAN2_TX_IRQHandler
                0x0000000008002ea8                TIM5_IRQHandler
                0x0000000008002ea8                DMA2_Stream7_IRQHandler
                0x0000000008002ea8                I2C3_EV_IRQHandler
                0x0000000008002ea8                RTC_WKUP_IRQHandler
                0x0000000008002ea8                SPI2_IRQHandler
                0x0000000008002ea8                OTG_HS_EP1_IN_IRQHandler
                0x0000000008002ea8                DMA1_Stream0_IRQHandler
                0x0000000008002ea8                CAN1_TX_IRQHandler
                0x0000000008002ea8                EXTI4_IRQHandler
                0x0000000008002ea8                FSMC_IRQHandler
                0x0000000008002ea8                OTG_HS_EP1_OUT_IRQHandler
                0x0000000008002ea8                WWDG_IRQHandler
                0x0000000008002ea8                TIM2_IRQHandler
                0x0000000008002ea8                OTG_FS_WKUP_IRQHandler
                0x0000000008002ea8                TIM1_TRG_COM_TIM11_IRQHandler
                0x0000000008002ea8                OTG_HS_IRQHandler
                0x0000000008002ea8                EXTI1_IRQHandler
                0x0000000008002ea8                USART2_IRQHandler
                0x0000000008002ea8                I2C2_ER_IRQHandler
                0x0000000008002ea8                DMA2_Stream1_IRQHandler
                0x0000000008002ea8                CAN1_SCE_IRQHandler
                0x0000000008002ea8                FLASH_IRQHandler
                0x0000000008002ea8                DMA2_Stream4_IRQHandler
                0x0000000008002ea8                USART1_IRQHandler
                0x0000000008002ea8                SPI3_IRQHandler
                0x0000000008002ea8                DMA1_Stream4_IRQHandler
                0x0000000008002ea8                I2C1_ER_IRQHandler
                0x0000000008002ea8                DMA1_Stream3_IRQHandler
 *fill*         0x0000000008002eaa        0x2 
 .text.HAL_Init
                0x0000000008002eac       0x44 Drivers/STM32F4xx_HAL_Driver/Src/stm32f4xx_hal.o
                0x0000000008002eac                HAL_Init
 .text.HAL_InitTick
                0x0000000008002ef0       0x60 Drivers/STM32F4xx_HAL_Driver/Src/stm32f4xx_hal.o
                0x0000000008002ef0                HAL_InitTick
 .text.HAL_IncTick
                0x0000000008002f50       0x28 Drivers/STM32F4xx_HAL_Driver/Src/stm32f4xx_hal.o
                0x0000000008002f50                HAL_IncTick
 .text.HAL_GetTick
                0x0000000008002f78       0x18 Drivers/STM32F4xx_HAL_Driver/Src/stm32f4xx_hal.o
                0x0000000008002f78                HAL_GetTick
 .text.HAL_Delay
                0x0000000008002f90       0x44 Drivers/STM32F4xx_HAL_Driver/Src/stm32f4xx_hal.o
                0x0000000008002f90                HAL_Delay
 .text.__NVIC_SetPriorityGrouping
                0x0000000008002fd4       0x48 Drivers/STM32F4xx_HAL_Driver/Src/stm32f4xx_hal_cortex.o
 .text.__NVIC_GetPriorityGrouping
                0x000000000800301c       0x1c Drivers/STM32F4xx_HAL_Driver/Src/stm32f4xx_hal_cortex.o
 .text.__NVIC_EnableIRQ
                0x0000000008003038       0x3c Drivers/STM32F4xx_HAL_Driver/Src/stm32f4xx_hal_cortex.o
 .text.__NVIC_SetPriority
                0x0000000008003074       0x54 Drivers/STM32F4xx_HAL_Driver/Src/stm32f4xx_hal_cortex.o
 .text.NVIC_EncodePriority
                0x00000000080030c8       0x66 Drivers/STM32F4xx_HAL_Driver/Src/stm32f4xx_hal_cortex.o
 *fill*         0x000000000800312e        0x2 
 .text.SysTick_Config
                0x0000000008003130       0x44 Drivers/STM32F4xx_HAL_Driver/Src/stm32f4xx_hal_cortex.o
 .text.HAL_NVIC_SetPriorityGrouping
                0x0000000008003174       0x16 Drivers/STM32F4xx_HAL_Driver/Src/stm32f4xx_hal_cortex.o
                0x0000000008003174                HAL_NVIC_SetPriorityGrouping
 .text.HAL_NVIC_SetPriority
                0x000000000800318a       0x38 Drivers/STM32F4xx_HAL_Driver/Src/stm32f4xx_hal_cortex.o
                0x000000000800318a                HAL_NVIC_SetPriority
 .text.HAL_NVIC_EnableIRQ
                0x00000000080031c2       0x1c Drivers/STM32F4xx_HAL_Driver/Src/stm32f4xx_hal_cortex.o
                0x00000000080031c2                HAL_NVIC_EnableIRQ
 .text.HAL_SYSTICK_Config
                0x00000000080031de       0x18 Drivers/STM32F4xx_HAL_Driver/Src/stm32f4xx_hal_cortex.o
                0x00000000080031de                HAL_SYSTICK_Config
 *fill*         0x00000000080031f6        0x2 
 .text.HAL_DMA_Init
                0x00000000080031f8      0x15c Drivers/STM32F4xx_HAL_Driver/Src/stm32f4xx_hal_dma.o
                0x00000000080031f8                HAL_DMA_Init
 .text.HAL_DMA_Start_IT
                0x0000000008003354       0xb0 Drivers/STM32F4xx_HAL_Driver/Src/stm32f4xx_hal_dma.o
                0x0000000008003354                HAL_DMA_Start_IT
 .text.HAL_DMA_Abort_IT
                0x0000000008003404       0x44 Drivers/STM32F4xx_HAL_Driver/Src/stm32f4xx_hal_dma.o
                0x0000000008003404                HAL_DMA_Abort_IT
 .text.HAL_DMA_IRQHandler
                0x0000000008003448      0x314 Drivers/STM32F4xx_HAL_Driver/Src/stm32f4xx_hal_dma.o
                0x0000000008003448                HAL_DMA_IRQHandler
 .text.HAL_DMA_GetError
                0x000000000800375c       0x18 Drivers/STM32F4xx_HAL_Driver/Src/stm32f4xx_hal_dma.o
                0x000000000800375c                HAL_DMA_GetError
 .text.DMA_SetConfig
                0x0000000008003774       0x5c Drivers/STM32F4xx_HAL_Driver/Src/stm32f4xx_hal_dma.o
 .text.DMA_CalcBaseAndBitshift
                0x00000000080037d0       0x6c Drivers/STM32F4xx_HAL_Driver/Src/stm32f4xx_hal_dma.o
 .text.DMA_CheckFifoParam
                0x000000000800383c       0xf4 Drivers/STM32F4xx_HAL_Driver/Src/stm32f4xx_hal_dma.o
 .text.HAL_GPIO_Init
                0x0000000008003930      0x334 Drivers/STM32F4xx_HAL_Driver/Src/stm32f4xx_hal_gpio.o
                0x0000000008003930                HAL_GPIO_Init
 .text.HAL_GPIO_ReadPin
                0x0000000008003c64       0x30 Drivers/STM32F4xx_HAL_Driver/Src/stm32f4xx_hal_gpio.o
                0x0000000008003c64                HAL_GPIO_ReadPin
 .text.HAL_GPIO_WritePin
                0x0000000008003c94       0x32 Drivers/STM32F4xx_HAL_Driver/Src/stm32f4xx_hal_gpio.o
                0x0000000008003c94                HAL_GPIO_WritePin
 .text.HAL_GPIO_TogglePin
                0x0000000008003cc6       0x36 Drivers/STM32F4xx_HAL_Driver/Src/stm32f4xx_hal_gpio.o
                0x0000000008003cc6                HAL_GPIO_TogglePin
 .text.HAL_GPIO_EXTI_IRQHandler
                0x0000000008003cfc       0x30 Drivers/STM32F4xx_HAL_Driver/Src/stm32f4xx_hal_gpio.o
                0x0000000008003cfc                HAL_GPIO_EXTI_IRQHandler
 .text.HAL_I2C_Init
                0x0000000008003d2c      0x270 Drivers/STM32F4xx_HAL_Driver/Src/stm32f4xx_hal_i2c.o
                0x0000000008003d2c                HAL_I2C_Init
 .text.HAL_I2C_Mem_Write
                0x0000000008003f9c      0x1f4 Drivers/STM32F4xx_HAL_Driver/Src/stm32f4xx_hal_i2c.o
                0x0000000008003f9c                HAL_I2C_Mem_Write
 .text.HAL_I2C_Mem_Read
                0x0000000008004190      0x44c Drivers/STM32F4xx_HAL_Driver/Src/stm32f4xx_hal_i2c.o
                0x0000000008004190                HAL_I2C_Mem_Read
 .text.I2C_RequestMemoryWrite
                0x00000000080045dc      0x128 Drivers/STM32F4xx_HAL_Driver/Src/stm32f4xx_hal_i2c.o
 .text.I2C_RequestMemoryRead
                0x0000000008004704      0x1cc Drivers/STM32F4xx_HAL_Driver/Src/stm32f4xx_hal_i2c.o
 .text.I2C_WaitOnFlagUntilTimeout
                0x00000000080048d0       0xae Drivers/STM32F4xx_HAL_Driver/Src/stm32f4xx_hal_i2c.o
 .text.I2C_WaitOnMasterAddressFlagUntilTimeout
                0x000000000800497e       0xfe Drivers/STM32F4xx_HAL_Driver/Src/stm32f4xx_hal_i2c.o
 .text.I2C_WaitOnTXEFlagUntilTimeout
                0x0000000008004a7c       0x82 Drivers/STM32F4xx_HAL_Driver/Src/stm32f4xx_hal_i2c.o
 .text.I2C_WaitOnBTFFlagUntilTimeout
                0x0000000008004afe       0x82 Drivers/STM32F4xx_HAL_Driver/Src/stm32f4xx_hal_i2c.o
 .text.I2C_WaitOnRXNEFlagUntilTimeout
                0x0000000008004b80       0xac Drivers/STM32F4xx_HAL_Driver/Src/stm32f4xx_hal_i2c.o
 .text.I2C_IsAcknowledgeFailed
                0x0000000008004c2c       0x5e Drivers/STM32F4xx_HAL_Driver/Src/stm32f4xx_hal_i2c.o
 .text.HAL_PCD_Init
                0x0000000008004c8a      0x23a Drivers/STM32F4xx_HAL_Driver/Src/stm32f4xx_hal_pcd.o
                0x0000000008004c8a                HAL_PCD_Init
 .text.HAL_PCD_Start
                0x0000000008004ec4       0x66 Drivers/STM32F4xx_HAL_Driver/Src/stm32f4xx_hal_pcd.o
                0x0000000008004ec4                HAL_PCD_Start
 .text.HAL_PCD_IRQHandler
                0x0000000008004f2a      0x746 Drivers/STM32F4xx_HAL_Driver/Src/stm32f4xx_hal_pcd.o
                0x0000000008004f2a                HAL_PCD_IRQHandler
 .text.HAL_PCD_SetAddress
                0x0000000008005670       0x4a Drivers/STM32F4xx_HAL_Driver/Src/stm32f4xx_hal_pcd.o
                0x0000000008005670                HAL_PCD_SetAddress
 .text.HAL_PCD_EP_Open
                0x00000000080056ba       0xd0 Drivers/STM32F4xx_HAL_Driver/Src/stm32f4xx_hal_pcd.o
                0x00000000080056ba                HAL_PCD_EP_Open
 .text.HAL_PCD_EP_Close
                0x000000000800578a       0x94 Drivers/STM32F4xx_HAL_Driver/Src/stm32f4xx_hal_pcd.o
                0x000000000800578a                HAL_PCD_EP_Close
 .text.HAL_PCD_EP_Receive
                0x000000000800581e       0x96 Drivers/STM32F4xx_HAL_Driver/Src/stm32f4xx_hal_pcd.o
                0x000000000800581e                HAL_PCD_EP_Receive
 .text.HAL_PCD_EP_GetRxCount
                0x00000000080058b4       0x30 Drivers/STM32F4xx_HAL_Driver/Src/stm32f4xx_hal_pcd.o
                0x00000000080058b4                HAL_PCD_EP_GetRxCount
 .text.HAL_PCD_EP_Transmit
                0x00000000080058e4       0x94 Drivers/STM32F4xx_HAL_Driver/Src/stm32f4xx_hal_pcd.o
                0x00000000080058e4                HAL_PCD_EP_Transmit
 .text.HAL_PCD_EP_SetStall
                0x0000000008005978       0xc8 Drivers/STM32F4xx_HAL_Driver/Src/stm32f4xx_hal_pcd.o
                0x0000000008005978                HAL_PCD_EP_SetStall
 .text.HAL_PCD_EP_ClrStall
                0x0000000008005a40       0xac Drivers/STM32F4xx_HAL_Driver/Src/stm32f4xx_hal_pcd.o
                0x0000000008005a40                HAL_PCD_EP_ClrStall
 .text.PCD_WriteEmptyTxFifo
                0x0000000008005aec      0x11a Drivers/STM32F4xx_HAL_Driver/Src/stm32f4xx_hal_pcd.o
 *fill*         0x0000000008005c06        0x2 
 .text.PCD_EP_OutXfrComplete_int
                0x0000000008005c08      0x210 Drivers/STM32F4xx_HAL_Driver/Src/stm32f4xx_hal_pcd.o
 .text.PCD_EP_OutSetupPacket_int
                0x0000000008005e18       0xc0 Drivers/STM32F4xx_HAL_Driver/Src/stm32f4xx_hal_pcd.o
 .text.HAL_PCDEx_SetTxFiFo
                0x0000000008005ed8       0x8e Drivers/STM32F4xx_HAL_Driver/Src/stm32f4xx_hal_pcd_ex.o
                0x0000000008005ed8                HAL_PCDEx_SetTxFiFo
 .text.HAL_PCDEx_SetRxFiFo
                0x0000000008005f66       0x22 Drivers/STM32F4xx_HAL_Driver/Src/stm32f4xx_hal_pcd_ex.o
                0x0000000008005f66                HAL_PCDEx_SetRxFiFo
 .text.HAL_PCDEx_LPM_Callback
                0x0000000008005f88       0x18 Drivers/STM32F4xx_HAL_Driver/Src/stm32f4xx_hal_pcd_ex.o
                0x0000000008005f88                HAL_PCDEx_LPM_Callback
 .text.HAL_RCC_OscConfig
                0x0000000008005fa0      0x4e0 Drivers/STM32F4xx_HAL_Driver/Src/stm32f4xx_hal_rcc.o
                0x0000000008005fa0                HAL_RCC_OscConfig
 .text.HAL_RCC_ClockConfig
                0x0000000008006480      0x1cc Drivers/STM32F4xx_HAL_Driver/Src/stm32f4xx_hal_rcc.o
                0x0000000008006480                HAL_RCC_ClockConfig
 .text.HAL_RCC_GetSysClockFreq
                0x000000000800664c      0x164 Drivers/STM32F4xx_HAL_Driver/Src/stm32f4xx_hal_rcc.o
                0x000000000800664c                HAL_RCC_GetSysClockFreq
 .text.HAL_RCC_GetHCLKFreq
                0x00000000080067b0       0x18 Drivers/STM32F4xx_HAL_Driver/Src/stm32f4xx_hal_rcc.o
                0x00000000080067b0                HAL_RCC_GetHCLKFreq
 .text.HAL_RCC_GetPCLK1Freq
                0x00000000080067c8       0x28 Drivers/STM32F4xx_HAL_Driver/Src/stm32f4xx_hal_rcc.o
                0x00000000080067c8                HAL_RCC_GetPCLK1Freq
 .text.HAL_RCC_GetPCLK2Freq
                0x00000000080067f0       0x28 Drivers/STM32F4xx_HAL_Driver/Src/stm32f4xx_hal_rcc.o
                0x00000000080067f0                HAL_RCC_GetPCLK2Freq
 .text.HAL_SD_Init
                0x0000000008006818       0x60 Drivers/STM32F4xx_HAL_Driver/Src/stm32f4xx_hal_sd.o
                0x0000000008006818                HAL_SD_Init
 .text.HAL_SD_InitCard
                0x0000000008006878       0xc0 Drivers/STM32F4xx_HAL_Driver/Src/stm32f4xx_hal_sd.o
                0x0000000008006878                HAL_SD_InitCard
 .text.HAL_SD_ReadBlocks_DMA
                0x0000000008006938      0x1d4 Drivers/STM32F4xx_HAL_Driver/Src/stm32f4xx_hal_sd.o
                0x0000000008006938                HAL_SD_ReadBlocks_DMA
 .text.HAL_SD_WriteBlocks_DMA
                0x0000000008006b0c      0x1e0 Drivers/STM32F4xx_HAL_Driver/Src/stm32f4xx_hal_sd.o
                0x0000000008006b0c                HAL_SD_WriteBlocks_DMA
 .text.HAL_SD_IRQHandler
                0x0000000008006cec      0x30c Drivers/STM32F4xx_HAL_Driver/Src/stm32f4xx_hal_sd.o
                0x0000000008006cec                HAL_SD_IRQHandler
 .text.HAL_SD_TxCpltCallback
                0x0000000008006ff8       0x14 Drivers/STM32F4xx_HAL_Driver/Src/stm32f4xx_hal_sd.o
                0x0000000008006ff8                HAL_SD_TxCpltCallback
 .text.HAL_SD_RxCpltCallback
                0x000000000800700c       0x14 Drivers/STM32F4xx_HAL_Driver/Src/stm32f4xx_hal_sd.o
                0x000000000800700c                HAL_SD_RxCpltCallback
 .text.HAL_SD_ErrorCallback
                0x0000000008007020       0x14 Drivers/STM32F4xx_HAL_Driver/Src/stm32f4xx_hal_sd.o
                0x0000000008007020                HAL_SD_ErrorCallback
 .text.HAL_SD_AbortCallback
                0x0000000008007034       0x14 Drivers/STM32F4xx_HAL_Driver/Src/stm32f4xx_hal_sd.o
                0x0000000008007034                HAL_SD_AbortCallback
 .text.HAL_SD_GetCardCSD
                0x0000000008007048      0x348 Drivers/STM32F4xx_HAL_Driver/Src/stm32f4xx_hal_sd.o
                0x0000000008007048                HAL_SD_GetCardCSD
 .text.HAL_SD_GetCardInfo
                0x0000000008007390       0x58 Drivers/STM32F4xx_HAL_Driver/Src/stm32f4xx_hal_sd.o
                0x0000000008007390                HAL_SD_GetCardInfo
 .text.HAL_SD_ConfigWideBusOperation
                0x00000000080073e8       0xf8 Drivers/STM32F4xx_HAL_Driver/Src/stm32f4xx_hal_sd.o
                0x00000000080073e8                HAL_SD_ConfigWideBusOperation
 .text.HAL_SD_GetCardState
                0x00000000080074e0       0x40 Drivers/STM32F4xx_HAL_Driver/Src/stm32f4xx_hal_sd.o
                0x00000000080074e0                HAL_SD_GetCardState
 .text.SD_DMATransmitCplt
                0x0000000008007520       0x2a Drivers/STM32F4xx_HAL_Driver/Src/stm32f4xx_hal_sd.o
 .text.SD_DMAReceiveCplt
                0x000000000800754a       0x70 Drivers/STM32F4xx_HAL_Driver/Src/stm32f4xx_hal_sd.o
 *fill*         0x00000000080075ba        0x2 
 .text.SD_DMAError
                0x00000000080075bc       0xa4 Drivers/STM32F4xx_HAL_Driver/Src/stm32f4xx_hal_sd.o
 .text.SD_DMATxAbort
                0x0000000008007660       0x6e Drivers/STM32F4xx_HAL_Driver/Src/stm32f4xx_hal_sd.o
 .text.SD_DMARxAbort
                0x00000000080076ce       0x6e Drivers/STM32F4xx_HAL_Driver/Src/stm32f4xx_hal_sd.o
 .text.SD_InitCard
                0x000000000800773c      0x19a Drivers/STM32F4xx_HAL_Driver/Src/stm32f4xx_hal_sd.o
 *fill*         0x00000000080078d6        0x2 
 .text.SD_PowerON
                0x00000000080078d8      0x11c Drivers/STM32F4xx_HAL_Driver/Src/stm32f4xx_hal_sd.o
 .text.SD_SendStatus
                0x00000000080079f4       0x50 Drivers/STM32F4xx_HAL_Driver/Src/stm32f4xx_hal_sd.o
 .text.SD_WideBus_Enable
                0x0000000008007a44       0x96 Drivers/STM32F4xx_HAL_Driver/Src/stm32f4xx_hal_sd.o
 .text.SD_WideBus_Disable
                0x0000000008007ada       0x96 Drivers/STM32F4xx_HAL_Driver/Src/stm32f4xx_hal_sd.o
 .text.SD_FindSCR
                0x0000000008007b70      0x194 Drivers/STM32F4xx_HAL_Driver/Src/stm32f4xx_hal_sd.o
 .text.SD_Read_IT
                0x0000000008007d04       0xa2 Drivers/STM32F4xx_HAL_Driver/Src/stm32f4xx_hal_sd.o
 .text.SD_Write_IT
                0x0000000008007da6       0xaa Drivers/STM32F4xx_HAL_Driver/Src/stm32f4xx_hal_sd.o
 .text.HAL_SPI_Init
                0x0000000008007e50       0xc8 Drivers/STM32F4xx_HAL_Driver/Src/stm32f4xx_hal_spi.o
                0x0000000008007e50                HAL_SPI_Init
 .text.HAL_SPI_Transmit
                0x0000000008007f18      0x268 Drivers/STM32F4xx_HAL_Driver/Src/stm32f4xx_hal_spi.o
                0x0000000008007f18                HAL_SPI_Transmit
 .text.HAL_SPI_TransmitReceive
                0x0000000008008180      0x344 Drivers/STM32F4xx_HAL_Driver/Src/stm32f4xx_hal_spi.o
                0x0000000008008180                HAL_SPI_TransmitReceive
 .text.HAL_SPI_GetState
                0x00000000080084c4       0x1c Drivers/STM32F4xx_HAL_Driver/Src/stm32f4xx_hal_spi.o
                0x00000000080084c4                HAL_SPI_GetState
 .text.SPI_WaitFlagStateUntilTimeout
                0x00000000080084e0       0xd4 Drivers/STM32F4xx_HAL_Driver/Src/stm32f4xx_hal_spi.o
 .text.SPI_EndRxTxTransaction
                0x00000000080085b4       0x84 Drivers/STM32F4xx_HAL_Driver/Src/stm32f4xx_hal_spi.o
 .text.HAL_UART_Init
                0x0000000008008638       0x9a Drivers/STM32F4xx_HAL_Driver/Src/stm32f4xx_hal_uart.o
                0x0000000008008638                HAL_UART_Init
 *fill*         0x00000000080086d2        0x2 
 .text.UART_SetConfig
                0x00000000080086d4      0x6f8 Drivers/STM32F4xx_HAL_Driver/Src/stm32f4xx_hal_uart.o
 .text.SDIO_Init
                0x0000000008008dcc       0x56 Drivers/STM32F4xx_HAL_Driver/Src/stm32f4xx_ll_sdmmc.o
                0x0000000008008dcc                SDIO_Init
 .text.SDIO_ReadFIFO
                0x0000000008008e22       0x1a Drivers/STM32F4xx_HAL_Driver/Src/stm32f4xx_ll_sdmmc.o
                0x0000000008008e22                SDIO_ReadFIFO
 .text.SDIO_WriteFIFO
                0x0000000008008e3c       0x22 Drivers/STM32F4xx_HAL_Driver/Src/stm32f4xx_ll_sdmmc.o
                0x0000000008008e3c                SDIO_WriteFIFO
 .text.SDIO_PowerState_ON
                0x0000000008008e5e       0x1e Drivers/STM32F4xx_HAL_Driver/Src/stm32f4xx_ll_sdmmc.o
                0x0000000008008e5e                SDIO_PowerState_ON
 .text.SDIO_GetPowerState
                0x0000000008008e7c       0x1c Drivers/STM32F4xx_HAL_Driver/Src/stm32f4xx_ll_sdmmc.o
                0x0000000008008e7c                SDIO_GetPowerState
 .text.SDIO_SendCommand
                0x0000000008008e98       0x54 Drivers/STM32F4xx_HAL_Driver/Src/stm32f4xx_ll_sdmmc.o
                0x0000000008008e98                SDIO_SendCommand
 .text.SDIO_GetCommandResponse
                0x0000000008008eec       0x1a Drivers/STM32F4xx_HAL_Driver/Src/stm32f4xx_ll_sdmmc.o
                0x0000000008008eec                SDIO_GetCommandResponse
 .text.SDIO_GetResponse
                0x0000000008008f06       0x26 Drivers/STM32F4xx_HAL_Driver/Src/stm32f4xx_ll_sdmmc.o
                0x0000000008008f06                SDIO_GetResponse
 .text.SDIO_ConfigData
                0x0000000008008f2c       0x58 Drivers/STM32F4xx_HAL_Driver/Src/stm32f4xx_ll_sdmmc.o
                0x0000000008008f2c                SDIO_ConfigData
 .text.SDMMC_CmdBlockLength
                0x0000000008008f84       0x44 Drivers/STM32F4xx_HAL_Driver/Src/stm32f4xx_ll_sdmmc.o
                0x0000000008008f84                SDMMC_CmdBlockLength
 .text.SDMMC_CmdReadSingleBlock
                0x0000000008008fc8       0x44 Drivers/STM32F4xx_HAL_Driver/Src/stm32f4xx_ll_sdmmc.o
                0x0000000008008fc8                SDMMC_CmdReadSingleBlock
 .text.SDMMC_CmdReadMultiBlock
                0x000000000800900c       0x44 Drivers/STM32F4xx_HAL_Driver/Src/stm32f4xx_ll_sdmmc.o
                0x000000000800900c                SDMMC_CmdReadMultiBlock
 .text.SDMMC_CmdWriteSingleBlock
                0x0000000008009050       0x44 Drivers/STM32F4xx_HAL_Driver/Src/stm32f4xx_ll_sdmmc.o
                0x0000000008009050                SDMMC_CmdWriteSingleBlock
 .text.SDMMC_CmdWriteMultiBlock
                0x0000000008009094       0x44 Drivers/STM32F4xx_HAL_Driver/Src/stm32f4xx_ll_sdmmc.o
                0x0000000008009094                SDMMC_CmdWriteMultiBlock
 .text.SDMMC_CmdStopTransfer
                0x00000000080090d8       0x44 Drivers/STM32F4xx_HAL_Driver/Src/stm32f4xx_ll_sdmmc.o
                0x00000000080090d8                SDMMC_CmdStopTransfer
 .text.SDMMC_CmdSelDesel
                0x000000000800911c       0x46 Drivers/STM32F4xx_HAL_Driver/Src/stm32f4xx_ll_sdmmc.o
                0x000000000800911c                SDMMC_CmdSelDesel
 .text.SDMMC_CmdGoIdleState
                0x0000000008009162       0x3c Drivers/STM32F4xx_HAL_Driver/Src/stm32f4xx_ll_sdmmc.o
                0x0000000008009162                SDMMC_CmdGoIdleState
 .text.SDMMC_CmdOperCond
                0x000000000800919e       0x3e Drivers/STM32F4xx_HAL_Driver/Src/stm32f4xx_ll_sdmmc.o
                0x000000000800919e                SDMMC_CmdOperCond
 .text.SDMMC_CmdAppCommand
                0x00000000080091dc       0x44 Drivers/STM32F4xx_HAL_Driver/Src/stm32f4xx_ll_sdmmc.o
                0x00000000080091dc                SDMMC_CmdAppCommand
 .text.SDMMC_CmdAppOperCommand
                0x0000000008009220       0x46 Drivers/STM32F4xx_HAL_Driver/Src/stm32f4xx_ll_sdmmc.o
                0x0000000008009220                SDMMC_CmdAppOperCommand
 .text.SDMMC_CmdBusWidth
                0x0000000008009266       0x44 Drivers/STM32F4xx_HAL_Driver/Src/stm32f4xx_ll_sdmmc.o
                0x0000000008009266                SDMMC_CmdBusWidth
 .text.SDMMC_CmdSendSCR
                0x00000000080092aa       0x42 Drivers/STM32F4xx_HAL_Driver/Src/stm32f4xx_ll_sdmmc.o
                0x00000000080092aa                SDMMC_CmdSendSCR
 .text.SDMMC_CmdSendCID
                0x00000000080092ec       0x3c Drivers/STM32F4xx_HAL_Driver/Src/stm32f4xx_ll_sdmmc.o
                0x00000000080092ec                SDMMC_CmdSendCID
 .text.SDMMC_CmdSendCSD
                0x0000000008009328       0x3e Drivers/STM32F4xx_HAL_Driver/Src/stm32f4xx_ll_sdmmc.o
                0x0000000008009328                SDMMC_CmdSendCSD
 .text.SDMMC_CmdSetRelAdd
                0x0000000008009366       0x42 Drivers/STM32F4xx_HAL_Driver/Src/stm32f4xx_ll_sdmmc.o
                0x0000000008009366                SDMMC_CmdSetRelAdd
 .text.SDMMC_CmdSendStatus
                0x00000000080093a8       0x44 Drivers/STM32F4xx_HAL_Driver/Src/stm32f4xx_ll_sdmmc.o
                0x00000000080093a8                SDMMC_CmdSendStatus
 .text.SDMMC_GetCmdError
                0x00000000080093ec       0x50 Drivers/STM32F4xx_HAL_Driver/Src/stm32f4xx_ll_sdmmc.o
 .text.SDMMC_GetCmdResp1
                0x000000000800943c      0x1d8 Drivers/STM32F4xx_HAL_Driver/Src/stm32f4xx_ll_sdmmc.o
 .text.SDMMC_GetCmdResp2
                0x0000000008009614       0x8c Drivers/STM32F4xx_HAL_Driver/Src/stm32f4xx_ll_sdmmc.o
 .text.SDMMC_GetCmdResp3
                0x00000000080096a0       0x74 Drivers/STM32F4xx_HAL_Driver/Src/stm32f4xx_ll_sdmmc.o
 .text.SDMMC_GetCmdResp6
                0x0000000008009714       0xe8 Drivers/STM32F4xx_HAL_Driver/Src/stm32f4xx_ll_sdmmc.o
 .text.SDMMC_GetCmdResp7
                0x00000000080097fc       0x98 Drivers/STM32F4xx_HAL_Driver/Src/stm32f4xx_ll_sdmmc.o
 .text.USB_CoreInit
                0x0000000008009894       0xc2 Drivers/STM32F4xx_HAL_Driver/Src/stm32f4xx_ll_usb.o
                0x0000000008009894                USB_CoreInit
 *fill*         0x0000000008009956        0x2 
 .text.USB_SetTurnaroundTime
                0x0000000008009958      0x144 Drivers/STM32F4xx_HAL_Driver/Src/stm32f4xx_ll_usb.o
                0x0000000008009958                USB_SetTurnaroundTime
 .text.USB_EnableGlobalInt
                0x0000000008009a9c       0x22 Drivers/STM32F4xx_HAL_Driver/Src/stm32f4xx_ll_usb.o
                0x0000000008009a9c                USB_EnableGlobalInt
 .text.USB_DisableGlobalInt
                0x0000000008009abe       0x22 Drivers/STM32F4xx_HAL_Driver/Src/stm32f4xx_ll_usb.o
                0x0000000008009abe                USB_DisableGlobalInt
 .text.USB_SetCurrentMode
                0x0000000008009ae0       0x54 Drivers/STM32F4xx_HAL_Driver/Src/stm32f4xx_ll_usb.o
                0x0000000008009ae0                USB_SetCurrentMode
 .text.USB_DevInit
                0x0000000008009b34      0x2e4 Drivers/STM32F4xx_HAL_Driver/Src/stm32f4xx_ll_usb.o
                0x0000000008009b34                USB_DevInit
 .text.USB_FlushTxFifo
                0x0000000008009e18       0x4c Drivers/STM32F4xx_HAL_Driver/Src/stm32f4xx_ll_usb.o
                0x0000000008009e18                USB_FlushTxFifo
 .text.USB_FlushRxFifo
                0x0000000008009e64       0x44 Drivers/STM32F4xx_HAL_Driver/Src/stm32f4xx_ll_usb.o
                0x0000000008009e64                USB_FlushRxFifo
 .text.USB_SetDevSpeed
                0x0000000008009ea8       0x32 Drivers/STM32F4xx_HAL_Driver/Src/stm32f4xx_ll_usb.o
                0x0000000008009ea8                USB_SetDevSpeed
 .text.USB_GetDevSpeed
                0x0000000008009eda       0x4a Drivers/STM32F4xx_HAL_Driver/Src/stm32f4xx_ll_usb.o
                0x0000000008009eda                USB_GetDevSpeed
 .text.USB_ActivateEndpoint
                0x0000000008009f24      0x10e Drivers/STM32F4xx_HAL_Driver/Src/stm32f4xx_ll_usb.o
                0x0000000008009f24                USB_ActivateEndpoint
 *fill*         0x000000000800a032        0x2 
 .text.USB_DeactivateEndpoint
                0x000000000800a034      0x108 Drivers/STM32F4xx_HAL_Driver/Src/stm32f4xx_ll_usb.o
                0x000000000800a034                USB_DeactivateEndpoint
 .text.USB_EPStartXfer
                0x000000000800a13c      0x488 Drivers/STM32F4xx_HAL_Driver/Src/stm32f4xx_ll_usb.o
                0x000000000800a13c                USB_EPStartXfer
 .text.USB_EP0StartXfer
                0x000000000800a5c4      0x2a6 Drivers/STM32F4xx_HAL_Driver/Src/stm32f4xx_ll_usb.o
                0x000000000800a5c4                USB_EP0StartXfer
 .text.USB_WritePacket
                0x000000000800a86a       0x6a Drivers/STM32F4xx_HAL_Driver/Src/stm32f4xx_ll_usb.o
                0x000000000800a86a                USB_WritePacket
 .text.USB_ReadPacket
                0x000000000800a8d4       0x52 Drivers/STM32F4xx_HAL_Driver/Src/stm32f4xx_ll_usb.o
                0x000000000800a8d4                USB_ReadPacket
 .text.USB_EPSetStall
                0x000000000800a926       0xdc Drivers/STM32F4xx_HAL_Driver/Src/stm32f4xx_ll_usb.o
                0x000000000800a926                USB_EPSetStall
 .text.USB_EPClearStall
                0x000000000800aa02       0xcc Drivers/STM32F4xx_HAL_Driver/Src/stm32f4xx_ll_usb.o
                0x000000000800aa02                USB_EPClearStall
 .text.USB_SetDevAddress
                0x000000000800aace       0x4c Drivers/STM32F4xx_HAL_Driver/Src/stm32f4xx_ll_usb.o
                0x000000000800aace                USB_SetDevAddress
 .text.USB_DevConnect
                0x000000000800ab1a       0x30 Drivers/STM32F4xx_HAL_Driver/Src/stm32f4xx_ll_usb.o
                0x000000000800ab1a                USB_DevConnect
 .text.USB_DevDisconnect
                0x000000000800ab4a       0x30 Drivers/STM32F4xx_HAL_Driver/Src/stm32f4xx_ll_usb.o
                0x000000000800ab4a                USB_DevDisconnect
 .text.USB_ReadInterrupts
                0x000000000800ab7a       0x26 Drivers/STM32F4xx_HAL_Driver/Src/stm32f4xx_ll_usb.o
                0x000000000800ab7a                USB_ReadInterrupts
 .text.USB_ReadDevAllOutEpInterrupt
                0x000000000800aba0       0x34 Drivers/STM32F4xx_HAL_Driver/Src/stm32f4xx_ll_usb.o
                0x000000000800aba0                USB_ReadDevAllOutEpInterrupt
 .text.USB_ReadDevAllInEpInterrupt
                0x000000000800abd4       0x34 Drivers/STM32F4xx_HAL_Driver/Src/stm32f4xx_ll_usb.o
                0x000000000800abd4                USB_ReadDevAllInEpInterrupt
 .text.USB_ReadDevOutEPInterrupt
                0x000000000800ac08       0x3c Drivers/STM32F4xx_HAL_Driver/Src/stm32f4xx_ll_usb.o
                0x000000000800ac08                USB_ReadDevOutEPInterrupt
 .text.USB_ReadDevInEPInterrupt
                0x000000000800ac44       0x5c Drivers/STM32F4xx_HAL_Driver/Src/stm32f4xx_ll_usb.o
                0x000000000800ac44                USB_ReadDevInEPInterrupt
 .text.USB_GetMode
                0x000000000800aca0       0x1c Drivers/STM32F4xx_HAL_Driver/Src/stm32f4xx_ll_usb.o
                0x000000000800aca0                USB_GetMode
 .text.USB_ActivateSetup
                0x000000000800acbc       0x6a Drivers/STM32F4xx_HAL_Driver/Src/stm32f4xx_ll_usb.o
                0x000000000800acbc                USB_ActivateSetup
 *fill*         0x000000000800ad26        0x2 
 .text.USB_EP0_OutStart
                0x000000000800ad28       0xbc Drivers/STM32F4xx_HAL_Driver/Src/stm32f4xx_ll_usb.o
                0x000000000800ad28                USB_EP0_OutStart
 .text.USB_CoreReset
                0x000000000800ade4       0x68 Drivers/STM32F4xx_HAL_Driver/Src/stm32f4xx_ll_usb.o
 .text.MX_FATFS_Init
                0x000000000800ae4c       0x24 FATFS/App/fatfs.o
                0x000000000800ae4c                MX_FATFS_Init
 .text.BSP_SD_Init
                0x000000000800ae70       0x4c FATFS/Target/bsp_driver_sd.o
                0x000000000800ae70                BSP_SD_Init
 .text.BSP_SD_ReadBlocks_DMA
                0x000000000800aebc       0x34 FATFS/Target/bsp_driver_sd.o
                0x000000000800aebc                BSP_SD_ReadBlocks_DMA
 .text.BSP_SD_WriteBlocks_DMA
                0x000000000800aef0       0x34 FATFS/Target/bsp_driver_sd.o
                0x000000000800aef0                BSP_SD_WriteBlocks_DMA
 .text.BSP_SD_GetCardState
                0x000000000800af24       0x20 FATFS/Target/bsp_driver_sd.o
                0x000000000800af24                BSP_SD_GetCardState
 .text.BSP_SD_GetCardInfo
                0x000000000800af44       0x1c FATFS/Target/bsp_driver_sd.o
                0x000000000800af44                BSP_SD_GetCardInfo
 .text.BSP_SD_IsDetected
                0x000000000800af60       0x24 FATFS/Target/bsp_driver_sd.o
                0x000000000800af60                BSP_SD_IsDetected
 .text.BSP_PlatformIsDetected
                0x000000000800af84       0x2c FATFS/Target/fatfs_platform.o
                0x000000000800af84                BSP_PlatformIsDetected
 .text.SD_CheckStatusWithTimeout
                0x000000000800afb0       0x3a FATFS/Target/sd_diskio.o
 *fill*         0x000000000800afea        0x2 
 .text.SD_CheckStatus
                0x000000000800afec       0x3c FATFS/Target/sd_diskio.o
 .text.SD_initialize
                0x000000000800b028       0x38 FATFS/Target/sd_diskio.o
                0x000000000800b028                SD_initialize
 .text.SD_status
                0x000000000800b060       0x1c FATFS/Target/sd_diskio.o
                0x000000000800b060                SD_status
 .text.SD_read  0x000000000800b07c      0x150 FATFS/Target/sd_diskio.o
                0x000000000800b07c                SD_read
 .text.SD_write
                0x000000000800b1cc      0x150 FATFS/Target/sd_diskio.o
                0x000000000800b1cc                SD_write
 .text.SD_ioctl
                0x000000000800b31c       0xb0 FATFS/Target/sd_diskio.o
                0x000000000800b31c                SD_ioctl
 .text.USBD_CDC_Init
                0x000000000800b3cc       0xf6 Middlewares/ST/STM32_USB_Device_Library/Class/CDC/Src/usbd_cdc.o
 .text.USBD_CDC_DeInit
                0x000000000800b4c2       0x6e Middlewares/ST/STM32_USB_Device_Library/Class/CDC/Src/usbd_cdc.o
 .text.USBD_CDC_Setup
                0x000000000800b530      0x140 Middlewares/ST/STM32_USB_Device_Library/Class/CDC/Src/usbd_cdc.o
 .text.USBD_CDC_DataIn
                0x000000000800b670       0xa6 Middlewares/ST/STM32_USB_Device_Library/Class/CDC/Src/usbd_cdc.o
 .text.USBD_CDC_DataOut
                0x000000000800b716       0x56 Middlewares/ST/STM32_USB_Device_Library/Class/CDC/Src/usbd_cdc.o
 .text.USBD_CDC_EP0_RxReady
                0x000000000800b76c       0x50 Middlewares/ST/STM32_USB_Device_Library/Class/CDC/Src/usbd_cdc.o
 .text.USBD_CDC_GetFSCfgDesc
                0x000000000800b7bc       0x20 Middlewares/ST/STM32_USB_Device_Library/Class/CDC/Src/usbd_cdc.o
 .text.USBD_CDC_GetHSCfgDesc
                0x000000000800b7dc       0x20 Middlewares/ST/STM32_USB_Device_Library/Class/CDC/Src/usbd_cdc.o
 .text.USBD_CDC_GetOtherSpeedCfgDesc
                0x000000000800b7fc       0x20 Middlewares/ST/STM32_USB_Device_Library/Class/CDC/Src/usbd_cdc.o
 .text.USBD_CDC_GetDeviceQualifierDescriptor
                0x000000000800b81c       0x20 Middlewares/ST/STM32_USB_Device_Library/Class/CDC/Src/usbd_cdc.o
                0x000000000800b81c                USBD_CDC_GetDeviceQualifierDescriptor
 .text.USBD_CDC_RegisterInterface
                0x000000000800b83c       0x2e Middlewares/ST/STM32_USB_Device_Library/Class/CDC/Src/usbd_cdc.o
                0x000000000800b83c                USBD_CDC_RegisterInterface
 .text.USBD_CDC_SetTxBuffer
                0x000000000800b86a       0x34 Middlewares/ST/STM32_USB_Device_Library/Class/CDC/Src/usbd_cdc.o
                0x000000000800b86a                USBD_CDC_SetTxBuffer
 .text.USBD_CDC_SetRxBuffer
                0x000000000800b89e       0x28 Middlewares/ST/STM32_USB_Device_Library/Class/CDC/Src/usbd_cdc.o
                0x000000000800b89e                USBD_CDC_SetRxBuffer
 .text.USBD_CDC_TransmitPacket
                0x000000000800b8c6       0x5e Middlewares/ST/STM32_USB_Device_Library/Class/CDC/Src/usbd_cdc.o
                0x000000000800b8c6                USBD_CDC_TransmitPacket
 .text.USBD_CDC_ReceivePacket
                0x000000000800b924       0x54 Middlewares/ST/STM32_USB_Device_Library/Class/CDC/Src/usbd_cdc.o
                0x000000000800b924                USBD_CDC_ReceivePacket
 .text.USBD_Init
                0x000000000800b978       0x56 Middlewares/ST/STM32_USB_Device_Library/Core/Src/usbd_core.o
                0x000000000800b978                USBD_Init
 .text.USBD_RegisterClass
                0x000000000800b9ce       0x34 Middlewares/ST/STM32_USB_Device_Library/Core/Src/usbd_core.o
                0x000000000800b9ce                USBD_RegisterClass
 .text.USBD_Start
                0x000000000800ba02       0x18 Middlewares/ST/STM32_USB_Device_Library/Core/Src/usbd_core.o
                0x000000000800ba02                USBD_Start
 .text.USBD_RunTestMode
                0x000000000800ba1a       0x16 Middlewares/ST/STM32_USB_Device_Library/Core/Src/usbd_core.o
                0x000000000800ba1a                USBD_RunTestMode
 .text.USBD_SetClassConfig
                0x000000000800ba30       0x3e Middlewares/ST/STM32_USB_Device_Library/Core/Src/usbd_core.o
                0x000000000800ba30                USBD_SetClassConfig
 .text.USBD_ClrClassConfig
                0x000000000800ba6e       0x26 Middlewares/ST/STM32_USB_Device_Library/Core/Src/usbd_core.o
                0x000000000800ba6e                USBD_ClrClassConfig
 .text.USBD_LL_SetupStage
                0x000000000800ba94       0x96 Middlewares/ST/STM32_USB_Device_Library/Core/Src/usbd_core.o
                0x000000000800ba94                USBD_LL_SetupStage
 .text.USBD_LL_DataOutStage
                0x000000000800bb2a       0xe2 Middlewares/ST/STM32_USB_Device_Library/Core/Src/usbd_core.o
                0x000000000800bb2a                USBD_LL_DataOutStage
 .text.USBD_LL_DataInStage
                0x000000000800bc0c      0x14a Middlewares/ST/STM32_USB_Device_Library/Core/Src/usbd_core.o
                0x000000000800bc0c                USBD_LL_DataInStage
 .text.USBD_LL_Reset
                0x000000000800bd56       0x82 Middlewares/ST/STM32_USB_Device_Library/Core/Src/usbd_core.o
                0x000000000800bd56                USBD_LL_Reset
 .text.USBD_LL_SetSpeed
                0x000000000800bdd8       0x20 Middlewares/ST/STM32_USB_Device_Library/Core/Src/usbd_core.o
                0x000000000800bdd8                USBD_LL_SetSpeed
 .text.USBD_LL_Suspend
                0x000000000800bdf8       0x2a Middlewares/ST/STM32_USB_Device_Library/Core/Src/usbd_core.o
                0x000000000800bdf8                USBD_LL_Suspend
 .text.USBD_LL_Resume
                0x000000000800be22       0x22 Middlewares/ST/STM32_USB_Device_Library/Core/Src/usbd_core.o
                0x000000000800be22                USBD_LL_Resume
 .text.USBD_LL_SOF
                0x000000000800be44       0x34 Middlewares/ST/STM32_USB_Device_Library/Core/Src/usbd_core.o
                0x000000000800be44                USBD_LL_SOF
 .text.USBD_LL_IsoINIncomplete
                0x000000000800be78       0x1a Middlewares/ST/STM32_USB_Device_Library/Core/Src/usbd_core.o
                0x000000000800be78                USBD_LL_IsoINIncomplete
 .text.USBD_LL_IsoOUTIncomplete
                0x000000000800be92       0x1a Middlewares/ST/STM32_USB_Device_Library/Core/Src/usbd_core.o
                0x000000000800be92                USBD_LL_IsoOUTIncomplete
 .text.USBD_LL_DevConnected
                0x000000000800beac       0x16 Middlewares/ST/STM32_USB_Device_Library/Core/Src/usbd_core.o
                0x000000000800beac                USBD_LL_DevConnected
 .text.USBD_LL_DevDisconnected
                0x000000000800bec2       0x2e Middlewares/ST/STM32_USB_Device_Library/Core/Src/usbd_core.o
                0x000000000800bec2                USBD_LL_DevDisconnected
 .text.USBD_StdDevReq
                0x000000000800bef0       0xd4 Middlewares/ST/STM32_USB_Device_Library/Core/Src/usbd_ctlreq.o
                0x000000000800bef0                USBD_StdDevReq
 .text.USBD_StdItfReq
                0x000000000800bfc4       0x8c Middlewares/ST/STM32_USB_Device_Library/Core/Src/usbd_ctlreq.o
                0x000000000800bfc4                USBD_StdItfReq
 .text.USBD_StdEPReq
                0x000000000800c050      0x2b6 Middlewares/ST/STM32_USB_Device_Library/Core/Src/usbd_ctlreq.o
                0x000000000800c050                USBD_StdEPReq
 *fill*         0x000000000800c306        0x2 
 .text.USBD_GetDescriptor
                0x000000000800c308      0x1f4 Middlewares/ST/STM32_USB_Device_Library/Core/Src/usbd_ctlreq.o
 .text.USBD_SetAddress
                0x000000000800c4fc       0x84 Middlewares/ST/STM32_USB_Device_Library/Core/Src/usbd_ctlreq.o
 .text.USBD_SetConfig
                0x000000000800c580      0x11c Middlewares/ST/STM32_USB_Device_Library/Core/Src/usbd_ctlreq.o
 .text.USBD_GetConfig
                0x000000000800c69c       0x68 Middlewares/ST/STM32_USB_Device_Library/Core/Src/usbd_ctlreq.o
 .text.USBD_GetStatus
                0x000000000800c704       0x66 Middlewares/ST/STM32_USB_Device_Library/Core/Src/usbd_ctlreq.o
 .text.USBD_SetFeature
                0x000000000800c76a       0x28 Middlewares/ST/STM32_USB_Device_Library/Core/Src/usbd_ctlreq.o
 .text.USBD_ClrFeature
                0x000000000800c792       0x42 Middlewares/ST/STM32_USB_Device_Library/Core/Src/usbd_ctlreq.o
 .text.USBD_ParseSetupRequest
                0x000000000800c7d4       0x7a Middlewares/ST/STM32_USB_Device_Library/Core/Src/usbd_ctlreq.o
                0x000000000800c7d4                USBD_ParseSetupRequest
 .text.USBD_CtlError
                0x000000000800c84e       0x22 Middlewares/ST/STM32_USB_Device_Library/Core/Src/usbd_ctlreq.o
                0x000000000800c84e                USBD_CtlError
 .text.USBD_GetString
                0x000000000800c870       0x84 Middlewares/ST/STM32_USB_Device_Library/Core/Src/usbd_ctlreq.o
                0x000000000800c870                USBD_GetString
 .text.USBD_GetLen
                0x000000000800c8f4       0x30 Middlewares/ST/STM32_USB_Device_Library/Core/Src/usbd_ctlreq.o
 .text.USBD_CtlSendData
                0x000000000800c924       0x38 Middlewares/ST/STM32_USB_Device_Library/Core/Src/usbd_ioreq.o
                0x000000000800c924                USBD_CtlSendData
 .text.USBD_CtlContinueSendData
                0x000000000800c95c       0x24 Middlewares/ST/STM32_USB_Device_Library/Core/Src/usbd_ioreq.o
                0x000000000800c95c                USBD_CtlContinueSendData
 .text.USBD_CtlPrepareRx
                0x000000000800c980       0x3c Middlewares/ST/STM32_USB_Device_Library/Core/Src/usbd_ioreq.o
                0x000000000800c980                USBD_CtlPrepareRx
 .text.USBD_CtlContinueRx
                0x000000000800c9bc       0x24 Middlewares/ST/STM32_USB_Device_Library/Core/Src/usbd_ioreq.o
                0x000000000800c9bc                USBD_CtlContinueRx
 .text.USBD_CtlSendStatus
                0x000000000800c9e0       0x26 Middlewares/ST/STM32_USB_Device_Library/Core/Src/usbd_ioreq.o
                0x000000000800c9e0                USBD_CtlSendStatus
 .text.USBD_CtlReceiveStatus
                0x000000000800ca06       0x26 Middlewares/ST/STM32_USB_Device_Library/Core/Src/usbd_ioreq.o
                0x000000000800ca06                USBD_CtlReceiveStatus
 .text.FATFS_LinkDriverEx
                0x000000000800ca2c       0x98 Middlewares/Third_Party/FatFs/src/ff_gen_drv.o
                0x000000000800ca2c                FATFS_LinkDriverEx
 .text.FATFS_LinkDriver
                0x000000000800cac4       0x1e Middlewares/Third_Party/FatFs/src/ff_gen_drv.o
                0x000000000800cac4                FATFS_LinkDriver
 *fill*         0x000000000800cae2        0x2 
 .text.MX_USB_DEVICE_Init
                0x000000000800cae4       0x60 USB_DEVICE/App/usb_device.o
                0x000000000800cae4                MX_USB_DEVICE_Init
 .text.CDC_Init_FS
                0x000000000800cb44       0x28 USB_DEVICE/App/usbd_cdc_if.o
 .text.CDC_DeInit_FS
                0x000000000800cb6c       0x10 USB_DEVICE/App/usbd_cdc_if.o
 .text.CDC_Control_FS
                0x000000000800cb7c      0x12c USB_DEVICE/App/usbd_cdc_if.o
 .text.CDC_Receive_FS
                0x000000000800cca8       0x28 USB_DEVICE/App/usbd_cdc_if.o
 .text.CDC_Transmit_FS
                0x000000000800ccd0       0x4c USB_DEVICE/App/usbd_cdc_if.o
                0x000000000800ccd0                CDC_Transmit_FS
 .text.USBD_FS_DeviceDescriptor
                0x000000000800cd1c       0x24 USB_DEVICE/App/usbd_desc.o
                0x000000000800cd1c                USBD_FS_DeviceDescriptor
 .text.USBD_FS_LangIDStrDescriptor
                0x000000000800cd40       0x24 USB_DEVICE/App/usbd_desc.o
                0x000000000800cd40                USBD_FS_LangIDStrDescriptor
 .text.USBD_FS_ProductStrDescriptor
                0x000000000800cd64       0x3c USB_DEVICE/App/usbd_desc.o
                0x000000000800cd64                USBD_FS_ProductStrDescriptor
 .text.USBD_FS_ManufacturerStrDescriptor
                0x000000000800cda0       0x28 USB_DEVICE/App/usbd_desc.o
                0x000000000800cda0                USBD_FS_ManufacturerStrDescriptor
 .text.USBD_FS_SerialStrDescriptor
                0x000000000800cdc8       0x24 USB_DEVICE/App/usbd_desc.o
                0x000000000800cdc8                USBD_FS_SerialStrDescriptor
 .text.USBD_FS_ConfigStrDescriptor
                0x000000000800cdec       0x3c USB_DEVICE/App/usbd_desc.o
                0x000000000800cdec                USBD_FS_ConfigStrDescriptor
 .text.USBD_FS_InterfaceStrDescriptor
                0x000000000800ce28       0x3c USB_DEVICE/App/usbd_desc.o
                0x000000000800ce28                USBD_FS_InterfaceStrDescriptor
 .text.Get_SerialNum
                0x000000000800ce64       0x58 USB_DEVICE/App/usbd_desc.o
 .text.IntToUnicode
                0x000000000800cebc       0x7c USB_DEVICE/App/usbd_desc.o
 .text.HAL_PCD_MspInit
                0x000000000800cf38       0xc4 USB_DEVICE/Target/usbd_conf.o
                0x000000000800cf38                HAL_PCD_MspInit
 .text.HAL_PCD_SetupStageCallback
                0x000000000800cffc       0x24 USB_DEVICE/Target/usbd_conf.o
                0x000000000800cffc                HAL_PCD_SetupStageCallback
 .text.HAL_PCD_DataOutStageCallback
                0x000000000800d020       0x36 USB_DEVICE/Target/usbd_conf.o
                0x000000000800d020                HAL_PCD_DataOutStageCallback
 .text.HAL_PCD_DataInStageCallback
                0x000000000800d056       0x34 USB_DEVICE/Target/usbd_conf.o
                0x000000000800d056                HAL_PCD_DataInStageCallback
 .text.HAL_PCD_SOFCallback
                0x000000000800d08a       0x1c USB_DEVICE/Target/usbd_conf.o
                0x000000000800d08a                HAL_PCD_SOFCallback
 .text.HAL_PCD_ResetCallback
                0x000000000800d0a6       0x50 USB_DEVICE/Target/usbd_conf.o
                0x000000000800d0a6                HAL_PCD_ResetCallback
 *fill*         0x000000000800d0f6        0x2 
 .text.HAL_PCD_SuspendCallback
                0x000000000800d0f8       0x4c USB_DEVICE/Target/usbd_conf.o
                0x000000000800d0f8                HAL_PCD_SuspendCallback
 .text.HAL_PCD_ResumeCallback
                0x000000000800d144       0x1c USB_DEVICE/Target/usbd_conf.o
                0x000000000800d144                HAL_PCD_ResumeCallback
 .text.HAL_PCD_ISOOUTIncompleteCallback
                0x000000000800d160       0x24 USB_DEVICE/Target/usbd_conf.o
                0x000000000800d160                HAL_PCD_ISOOUTIncompleteCallback
 .text.HAL_PCD_ISOINIncompleteCallback
                0x000000000800d184       0x24 USB_DEVICE/Target/usbd_conf.o
                0x000000000800d184                HAL_PCD_ISOINIncompleteCallback
 .text.HAL_PCD_ConnectCallback
                0x000000000800d1a8       0x1c USB_DEVICE/Target/usbd_conf.o
                0x000000000800d1a8                HAL_PCD_ConnectCallback
 .text.HAL_PCD_DisconnectCallback
                0x000000000800d1c4       0x1c USB_DEVICE/Target/usbd_conf.o
                0x000000000800d1c4                HAL_PCD_DisconnectCallback
 .text.USBD_LL_Init
                0x000000000800d1e0       0x98 USB_DEVICE/Target/usbd_conf.o
                0x000000000800d1e0                USBD_LL_Init
 .text.USBD_LL_Start
                0x000000000800d278       0x36 USB_DEVICE/Target/usbd_conf.o
                0x000000000800d278                USBD_LL_Start
 .text.USBD_LL_OpenEP
                0x000000000800d2ae       0x4c USB_DEVICE/Target/usbd_conf.o
                0x000000000800d2ae                USBD_LL_OpenEP
 .text.USBD_LL_CloseEP
                0x000000000800d2fa       0x3e USB_DEVICE/Target/usbd_conf.o
                0x000000000800d2fa                USBD_LL_CloseEP
 .text.USBD_LL_StallEP
                0x000000000800d338       0x3e USB_DEVICE/Target/usbd_conf.o
                0x000000000800d338                USBD_LL_StallEP
 .text.USBD_LL_ClearStallEP
                0x000000000800d376       0x3e USB_DEVICE/Target/usbd_conf.o
                0x000000000800d376                USBD_LL_ClearStallEP
 .text.USBD_LL_IsStallEP
                0x000000000800d3b4       0x58 USB_DEVICE/Target/usbd_conf.o
                0x000000000800d3b4                USBD_LL_IsStallEP
 .text.USBD_LL_SetUSBAddress
                0x000000000800d40c       0x3e USB_DEVICE/Target/usbd_conf.o
                0x000000000800d40c                USBD_LL_SetUSBAddress
 .text.USBD_LL_Transmit
                0x000000000800d44a       0x46 USB_DEVICE/Target/usbd_conf.o
                0x000000000800d44a                USBD_LL_Transmit
 .text.USBD_LL_PrepareReceive
                0x000000000800d490       0x46 USB_DEVICE/Target/usbd_conf.o
                0x000000000800d490                USBD_LL_PrepareReceive
 .text.USBD_LL_GetRxDataSize
                0x000000000800d4d6       0x26 USB_DEVICE/Target/usbd_conf.o
                0x000000000800d4d6                USBD_LL_GetRxDataSize
 .text.USBD_Get_USB_Status
                0x000000000800d4fc       0x58 USB_DEVICE/Target/usbd_conf.o
                0x000000000800d4fc                USBD_Get_USB_Status
 .text.__errno  0x000000000800d554        0xc c:/program files/stm/stm32cubeide_1.2.0/stm32cubeide/plugins/com.st.stm32cube.ide.mcu.externaltools.gnu-tools-for-stm32.7-2018-q2-update.win32_1.0.0.201904181610/tools/bin/../lib/gcc/arm-none-eabi/7.3.1/../../../../arm-none-eabi/lib/thumb/v7e-m/fpv4-sp/hard\libc_nano.a(lib_a-errno.o)
                0x000000000800d554                __errno
 .text.__libc_init_array
                0x000000000800d560       0x48 c:/program files/stm/stm32cubeide_1.2.0/stm32cubeide/plugins/com.st.stm32cube.ide.mcu.externaltools.gnu-tools-for-stm32.7-2018-q2-update.win32_1.0.0.201904181610/tools/bin/../lib/gcc/arm-none-eabi/7.3.1/../../../../arm-none-eabi/lib/thumb/v7e-m/fpv4-sp/hard\libc_nano.a(lib_a-init.o)
                0x000000000800d560                __libc_init_array
 .text.malloc   0x000000000800d5a8       0x10 c:/program files/stm/stm32cubeide_1.2.0/stm32cubeide/plugins/com.st.stm32cube.ide.mcu.externaltools.gnu-tools-for-stm32.7-2018-q2-update.win32_1.0.0.201904181610/tools/bin/../lib/gcc/arm-none-eabi/7.3.1/../../../../arm-none-eabi/lib/thumb/v7e-m/fpv4-sp/hard\libc_nano.a(lib_a-malloc.o)
                0x000000000800d5a8                malloc
 .text.free     0x000000000800d5b8       0x10 c:/program files/stm/stm32cubeide_1.2.0/stm32cubeide/plugins/com.st.stm32cube.ide.mcu.externaltools.gnu-tools-for-stm32.7-2018-q2-update.win32_1.0.0.201904181610/tools/bin/../lib/gcc/arm-none-eabi/7.3.1/../../../../arm-none-eabi/lib/thumb/v7e-m/fpv4-sp/hard\libc_nano.a(lib_a-malloc.o)
                0x000000000800d5b8                free
 .text.memcpy   0x000000000800d5c8       0x16 c:/program files/stm/stm32cubeide_1.2.0/stm32cubeide/plugins/com.st.stm32cube.ide.mcu.externaltools.gnu-tools-for-stm32.7-2018-q2-update.win32_1.0.0.201904181610/tools/bin/../lib/gcc/arm-none-eabi/7.3.1/../../../../arm-none-eabi/lib/thumb/v7e-m/fpv4-sp/hard\libc_nano.a(lib_a-memcpy-stub.o)
                0x000000000800d5c8                memcpy
 .text.memset   0x000000000800d5de       0x10 c:/program files/stm/stm32cubeide_1.2.0/stm32cubeide/plugins/com.st.stm32cube.ide.mcu.externaltools.gnu-tools-for-stm32.7-2018-q2-update.win32_1.0.0.201904181610/tools/bin/../lib/gcc/arm-none-eabi/7.3.1/../../../../arm-none-eabi/lib/thumb/v7e-m/fpv4-sp/hard\libc_nano.a(lib_a-memset.o)
                0x000000000800d5de                memset
 *fill*         0x000000000800d5ee        0x2 
 .text._free_r  0x000000000800d5f0       0x9c c:/program files/stm/stm32cubeide_1.2.0/stm32cubeide/plugins/com.st.stm32cube.ide.mcu.externaltools.gnu-tools-for-stm32.7-2018-q2-update.win32_1.0.0.201904181610/tools/bin/../lib/gcc/arm-none-eabi/7.3.1/../../../../arm-none-eabi/lib/thumb/v7e-m/fpv4-sp/hard\libc_nano.a(lib_a-nano-freer.o)
                0x000000000800d5f0                _free_r
 .text._malloc_r
                0x000000000800d68c       0xb4 c:/program files/stm/stm32cubeide_1.2.0/stm32cubeide/plugins/com.st.stm32cube.ide.mcu.externaltools.gnu-tools-for-stm32.7-2018-q2-update.win32_1.0.0.201904181610/tools/bin/../lib/gcc/arm-none-eabi/7.3.1/../../../../arm-none-eabi/lib/thumb/v7e-m/fpv4-sp/hard\libc_nano.a(lib_a-nano-mallocr.o)
                0x000000000800d68c                _malloc_r
 .text.__cvt    0x000000000800d740       0xc2 c:/program files/stm/stm32cubeide_1.2.0/stm32cubeide/plugins/com.st.stm32cube.ide.mcu.externaltools.gnu-tools-for-stm32.7-2018-q2-update.win32_1.0.0.201904181610/tools/bin/../lib/gcc/arm-none-eabi/7.3.1/../../../../arm-none-eabi/lib/thumb/v7e-m/fpv4-sp/hard\libc_nano.a(lib_a-nano-vfprintf_float.o)
                0x000000000800d740                __cvt
 .text.__exponent
                0x000000000800d802       0x66 c:/program files/stm/stm32cubeide_1.2.0/stm32cubeide/plugins/com.st.stm32cube.ide.mcu.externaltools.gnu-tools-for-stm32.7-2018-q2-update.win32_1.0.0.201904181610/tools/bin/../lib/gcc/arm-none-eabi/7.3.1/../../../../arm-none-eabi/lib/thumb/v7e-m/fpv4-sp/hard\libc_nano.a(lib_a-nano-vfprintf_float.o)
                0x000000000800d802                __exponent
 .text._printf_float
                0x000000000800d868      0x480 c:/program files/stm/stm32cubeide_1.2.0/stm32cubeide/plugins/com.st.stm32cube.ide.mcu.externaltools.gnu-tools-for-stm32.7-2018-q2-update.win32_1.0.0.201904181610/tools/bin/../lib/gcc/arm-none-eabi/7.3.1/../../../../arm-none-eabi/lib/thumb/v7e-m/fpv4-sp/hard\libc_nano.a(lib_a-nano-vfprintf_float.o)
                0x000000000800d868                _printf_float
 .text._printf_common
                0x000000000800dce8       0xea c:/program files/stm/stm32cubeide_1.2.0/stm32cubeide/plugins/com.st.stm32cube.ide.mcu.externaltools.gnu-tools-for-stm32.7-2018-q2-update.win32_1.0.0.201904181610/tools/bin/../lib/gcc/arm-none-eabi/7.3.1/../../../../arm-none-eabi/lib/thumb/v7e-m/fpv4-sp/hard\libc_nano.a(lib_a-nano-vfprintf_i.o)
                0x000000000800dce8                _printf_common
 *fill*         0x000000000800ddd2        0x2 
 .text._printf_i
                0x000000000800ddd4      0x224 c:/program files/stm/stm32cubeide_1.2.0/stm32cubeide/plugins/com.st.stm32cube.ide.mcu.externaltools.gnu-tools-for-stm32.7-2018-q2-update.win32_1.0.0.201904181610/tools/bin/../lib/gcc/arm-none-eabi/7.3.1/../../../../arm-none-eabi/lib/thumb/v7e-m/fpv4-sp/hard\libc_nano.a(lib_a-nano-vfprintf_i.o)
                0x000000000800ddd4                _printf_i
 .text._scanf_float
                0x000000000800dff8      0x3c4 c:/program files/stm/stm32cubeide_1.2.0/stm32cubeide/plugins/com.st.stm32cube.ide.mcu.externaltools.gnu-tools-for-stm32.7-2018-q2-update.win32_1.0.0.201904181610/tools/bin/../lib/gcc/arm-none-eabi/7.3.1/../../../../arm-none-eabi/lib/thumb/v7e-m/fpv4-sp/hard\libc_nano.a(lib_a-nano-vfscanf_float.o)
                0x000000000800dff8                _scanf_float
 .text.printf   0x000000000800e3bc       0x30 c:/program files/stm/stm32cubeide_1.2.0/stm32cubeide/plugins/com.st.stm32cube.ide.mcu.externaltools.gnu-tools-for-stm32.7-2018-q2-update.win32_1.0.0.201904181610/tools/bin/../lib/gcc/arm-none-eabi/7.3.1/../../../../arm-none-eabi/lib/thumb/v7e-m/fpv4-sp/hard\libc_nano.a(lib_a-printf.o)
                0x000000000800e3bc                iprintf
                0x000000000800e3bc                printf
 .text._sbrk_r  0x000000000800e3ec       0x20 c:/program files/stm/stm32cubeide_1.2.0/stm32cubeide/plugins/com.st.stm32cube.ide.mcu.externaltools.gnu-tools-for-stm32.7-2018-q2-update.win32_1.0.0.201904181610/tools/bin/../lib/gcc/arm-none-eabi/7.3.1/../../../../arm-none-eabi/lib/thumb/v7e-m/fpv4-sp/hard\libc_nano.a(lib_a-sbrkr.o)
                0x000000000800e3ec                _sbrk_r
 .text.nanf     0x000000000800e40c        0xc c:/program files/stm/stm32cubeide_1.2.0/stm32cubeide/plugins/com.st.stm32cube.ide.mcu.externaltools.gnu-tools-for-stm32.7-2018-q2-update.win32_1.0.0.201904181610/tools/bin/../lib/gcc/arm-none-eabi/7.3.1/../../../../arm-none-eabi/lib/thumb/v7e-m/fpv4-sp/hard\libc_nano.a(lib_a-sf_nan.o)
                0x000000000800e40c                nanf
 .text.sprintf  0x000000000800e418       0x40 c:/program files/stm/stm32cubeide_1.2.0/stm32cubeide/plugins/com.st.stm32cube.ide.mcu.externaltools.gnu-tools-for-stm32.7-2018-q2-update.win32_1.0.0.201904181610/tools/bin/../lib/gcc/arm-none-eabi/7.3.1/../../../../arm-none-eabi/lib/thumb/v7e-m/fpv4-sp/hard\libc_nano.a(lib_a-sprintf.o)
                0x000000000800e418                siprintf
                0x000000000800e418                sprintf
 .text.unlikely.sulp
                0x000000000800e458       0x38 c:/program files/stm/stm32cubeide_1.2.0/stm32cubeide/plugins/com.st.stm32cube.ide.mcu.externaltools.gnu-tools-for-stm32.7-2018-q2-update.win32_1.0.0.201904181610/tools/bin/../lib/gcc/arm-none-eabi/7.3.1/../../../../arm-none-eabi/lib/thumb/v7e-m/fpv4-sp/hard\libc_nano.a(lib_a-strtod.o)
 .text._strtod_l
                0x000000000800e490      0xbe8 c:/program files/stm/stm32cubeide_1.2.0/stm32cubeide/plugins/com.st.stm32cube.ide.mcu.externaltools.gnu-tools-for-stm32.7-2018-q2-update.win32_1.0.0.201904181610/tools/bin/../lib/gcc/arm-none-eabi/7.3.1/../../../../arm-none-eabi/lib/thumb/v7e-m/fpv4-sp/hard\libc_nano.a(lib_a-strtod.o)
                0x000000000800e490                _strtod_l
 .text._strtod_r
                0x000000000800f078       0x20 c:/program files/stm/stm32cubeide_1.2.0/stm32cubeide/plugins/com.st.stm32cube.ide.mcu.externaltools.gnu-tools-for-stm32.7-2018-q2-update.win32_1.0.0.201904181610/tools/bin/../lib/gcc/arm-none-eabi/7.3.1/../../../../arm-none-eabi/lib/thumb/v7e-m/fpv4-sp/hard\libc_nano.a(lib_a-strtod.o)
                0x000000000800f078                _strtod_r
 .text._strtol_l.isra.0
                0x000000000800f098       0xf6 c:/program files/stm/stm32cubeide_1.2.0/stm32cubeide/plugins/com.st.stm32cube.ide.mcu.externaltools.gnu-tools-for-stm32.7-2018-q2-update.win32_1.0.0.201904181610/tools/bin/../lib/gcc/arm-none-eabi/7.3.1/../../../../arm-none-eabi/lib/thumb/v7e-m/fpv4-sp/hard\libc_nano.a(lib_a-strtol.o)
 *fill*         0x000000000800f18e        0x2 
 .text._strtol_r
                0x000000000800f190       0x24 c:/program files/stm/stm32cubeide_1.2.0/stm32cubeide/plugins/com.st.stm32cube.ide.mcu.externaltools.gnu-tools-for-stm32.7-2018-q2-update.win32_1.0.0.201904181610/tools/bin/../lib/gcc/arm-none-eabi/7.3.1/../../../../arm-none-eabi/lib/thumb/v7e-m/fpv4-sp/hard\libc_nano.a(lib_a-strtol.o)
                0x000000000800f190                _strtol_r
 .text.quorem   0x000000000800f1b4      0x118 c:/program files/stm/stm32cubeide_1.2.0/stm32cubeide/plugins/com.st.stm32cube.ide.mcu.externaltools.gnu-tools-for-stm32.7-2018-q2-update.win32_1.0.0.201904181610/tools/bin/../lib/gcc/arm-none-eabi/7.3.1/../../../../arm-none-eabi/lib/thumb/v7e-m/fpv4-sp/hard\libc_nano.a(lib_a-dtoa.o)
 *fill*         0x000000000800f2cc        0x4 
 .text._dtoa_r  0x000000000800f2d0      0xb70 c:/program files/stm/stm32cubeide_1.2.0/stm32cubeide/plugins/com.st.stm32cube.ide.mcu.externaltools.gnu-tools-for-stm32.7-2018-q2-update.win32_1.0.0.201904181610/tools/bin/../lib/gcc/arm-none-eabi/7.3.1/../../../../arm-none-eabi/lib/thumb/v7e-m/fpv4-sp/hard\libc_nano.a(lib_a-dtoa.o)
                0x000000000800f2d0                _dtoa_r
 .text.std      0x000000000800fe40       0x48 c:/program files/stm/stm32cubeide_1.2.0/stm32cubeide/plugins/com.st.stm32cube.ide.mcu.externaltools.gnu-tools-for-stm32.7-2018-q2-update.win32_1.0.0.201904181610/tools/bin/../lib/gcc/arm-none-eabi/7.3.1/../../../../arm-none-eabi/lib/thumb/v7e-m/fpv4-sp/hard\libc_nano.a(lib_a-findfp.o)
 .text._cleanup_r
                0x000000000800fe88        0xc c:/program files/stm/stm32cubeide_1.2.0/stm32cubeide/plugins/com.st.stm32cube.ide.mcu.externaltools.gnu-tools-for-stm32.7-2018-q2-update.win32_1.0.0.201904181610/tools/bin/../lib/gcc/arm-none-eabi/7.3.1/../../../../arm-none-eabi/lib/thumb/v7e-m/fpv4-sp/hard\libc_nano.a(lib_a-findfp.o)
                0x000000000800fe88                _cleanup_r
 .text.__sfmoreglue
                0x000000000800fe94       0x2c c:/program files/stm/stm32cubeide_1.2.0/stm32cubeide/plugins/com.st.stm32cube.ide.mcu.externaltools.gnu-tools-for-stm32.7-2018-q2-update.win32_1.0.0.201904181610/tools/bin/../lib/gcc/arm-none-eabi/7.3.1/../../../../arm-none-eabi/lib/thumb/v7e-m/fpv4-sp/hard\libc_nano.a(lib_a-findfp.o)
                0x000000000800fe94                __sfmoreglue
 .text.__sinit  0x000000000800fec0       0x60 c:/program files/stm/stm32cubeide_1.2.0/stm32cubeide/plugins/com.st.stm32cube.ide.mcu.externaltools.gnu-tools-for-stm32.7-2018-q2-update.win32_1.0.0.201904181610/tools/bin/../lib/gcc/arm-none-eabi/7.3.1/../../../../arm-none-eabi/lib/thumb/v7e-m/fpv4-sp/hard\libc_nano.a(lib_a-findfp.o)
                0x000000000800fec0                __sinit
 .text.__sfp    0x000000000800ff20       0x78 c:/program files/stm/stm32cubeide_1.2.0/stm32cubeide/plugins/com.st.stm32cube.ide.mcu.externaltools.gnu-tools-for-stm32.7-2018-q2-update.win32_1.0.0.201904181610/tools/bin/../lib/gcc/arm-none-eabi/7.3.1/../../../../arm-none-eabi/lib/thumb/v7e-m/fpv4-sp/hard\libc_nano.a(lib_a-findfp.o)
                0x000000000800ff20                __sfp
 .text._fwalk_reent
                0x000000000800ff98       0x3c c:/program files/stm/stm32cubeide_1.2.0/stm32cubeide/plugins/com.st.stm32cube.ide.mcu.externaltools.gnu-tools-for-stm32.7-2018-q2-update.win32_1.0.0.201904181610/tools/bin/../lib/gcc/arm-none-eabi/7.3.1/../../../../arm-none-eabi/lib/thumb/v7e-m/fpv4-sp/hard\libc_nano.a(lib_a-fwalk.o)
                0x000000000800ff98                _fwalk_reent
 .text.rshift   0x000000000800ffd4       0x74 c:/program files/stm/stm32cubeide_1.2.0/stm32cubeide/plugins/com.st.stm32cube.ide.mcu.externaltools.gnu-tools-for-stm32.7-2018-q2-update.win32_1.0.0.201904181610/tools/bin/../lib/gcc/arm-none-eabi/7.3.1/../../../../arm-none-eabi/lib/thumb/v7e-m/fpv4-sp/hard\libc_nano.a(lib_a-gdtoa-gethex.o)
 .text.__hexdig_fun
                0x0000000008010048       0x2a c:/program files/stm/stm32cubeide_1.2.0/stm32cubeide/plugins/com.st.stm32cube.ide.mcu.externaltools.gnu-tools-for-stm32.7-2018-q2-update.win32_1.0.0.201904181610/tools/bin/../lib/gcc/arm-none-eabi/7.3.1/../../../../arm-none-eabi/lib/thumb/v7e-m/fpv4-sp/hard\libc_nano.a(lib_a-gdtoa-gethex.o)
                0x0000000008010048                __hexdig_fun
 .text.__gethex
                0x0000000008010072      0x442 c:/program files/stm/stm32cubeide_1.2.0/stm32cubeide/plugins/com.st.stm32cube.ide.mcu.externaltools.gnu-tools-for-stm32.7-2018-q2-update.win32_1.0.0.201904181610/tools/bin/../lib/gcc/arm-none-eabi/7.3.1/../../../../arm-none-eabi/lib/thumb/v7e-m/fpv4-sp/hard\libc_nano.a(lib_a-gdtoa-gethex.o)
                0x0000000008010072                __gethex
 .text.L_shift  0x00000000080104b4       0x24 c:/program files/stm/stm32cubeide_1.2.0/stm32cubeide/plugins/com.st.stm32cube.ide.mcu.externaltools.gnu-tools-for-stm32.7-2018-q2-update.win32_1.0.0.201904181610/tools/bin/../lib/gcc/arm-none-eabi/7.3.1/../../../../arm-none-eabi/lib/thumb/v7e-m/fpv4-sp/hard\libc_nano.a(lib_a-gdtoa-hexnan.o)
 .text.__match  0x00000000080104d8       0x28 c:/program files/stm/stm32cubeide_1.2.0/stm32cubeide/plugins/com.st.stm32cube.ide.mcu.externaltools.gnu-tools-for-stm32.7-2018-q2-update.win32_1.0.0.201904181610/tools/bin/../lib/gcc/arm-none-eabi/7.3.1/../../../../arm-none-eabi/lib/thumb/v7e-m/fpv4-sp/hard\libc_nano.a(lib_a-gdtoa-hexnan.o)
                0x00000000080104d8                __match
 .text.__hexnan
                0x0000000008010500      0x120 c:/program files/stm/stm32cubeide_1.2.0/stm32cubeide/plugins/com.st.stm32cube.ide.mcu.externaltools.gnu-tools-for-stm32.7-2018-q2-update.win32_1.0.0.201904181610/tools/bin/../lib/gcc/arm-none-eabi/7.3.1/../../../../arm-none-eabi/lib/thumb/v7e-m/fpv4-sp/hard\libc_nano.a(lib_a-gdtoa-hexnan.o)
                0x0000000008010500                __hexnan
 .text.__locale_ctype_ptr_l
                0x0000000008010620        0x6 c:/program files/stm/stm32cubeide_1.2.0/stm32cubeide/plugins/com.st.stm32cube.ide.mcu.externaltools.gnu-tools-for-stm32.7-2018-q2-update.win32_1.0.0.201904181610/tools/bin/../lib/gcc/arm-none-eabi/7.3.1/../../../../arm-none-eabi/lib/thumb/v7e-m/fpv4-sp/hard\libc_nano.a(lib_a-locale.o)
                0x0000000008010620                __locale_ctype_ptr_l
 .text.__localeconv_l
                0x0000000008010626        0x4 c:/program files/stm/stm32cubeide_1.2.0/stm32cubeide/plugins/com.st.stm32cube.ide.mcu.externaltools.gnu-tools-for-stm32.7-2018-q2-update.win32_1.0.0.201904181610/tools/bin/../lib/gcc/arm-none-eabi/7.3.1/../../../../arm-none-eabi/lib/thumb/v7e-m/fpv4-sp/hard\libc_nano.a(lib_a-localeconv.o)
                0x0000000008010626                __localeconv_l
 *fill*         0x000000000801062a        0x2 
 .text._localeconv_r
                0x000000000801062c       0x1c c:/program files/stm/stm32cubeide_1.2.0/stm32cubeide/plugins/com.st.stm32cube.ide.mcu.externaltools.gnu-tools-for-stm32.7-2018-q2-update.win32_1.0.0.201904181610/tools/bin/../lib/gcc/arm-none-eabi/7.3.1/../../../../arm-none-eabi/lib/thumb/v7e-m/fpv4-sp/hard\libc_nano.a(lib_a-localeconv.o)
                0x000000000801062c                _localeconv_r
 .text.__ascii_mbtowc
                0x0000000008010648       0x24 c:/program files/stm/stm32cubeide_1.2.0/stm32cubeide/plugins/com.st.stm32cube.ide.mcu.externaltools.gnu-tools-for-stm32.7-2018-q2-update.win32_1.0.0.201904181610/tools/bin/../lib/gcc/arm-none-eabi/7.3.1/../../../../arm-none-eabi/lib/thumb/v7e-m/fpv4-sp/hard\libc_nano.a(lib_a-mbtowc_r.o)
                0x0000000008010648                __ascii_mbtowc
 .text.__malloc_lock
                0x000000000801066c        0x2 c:/program files/stm/stm32cubeide_1.2.0/stm32cubeide/plugins/com.st.stm32cube.ide.mcu.externaltools.gnu-tools-for-stm32.7-2018-q2-update.win32_1.0.0.201904181610/tools/bin/../lib/gcc/arm-none-eabi/7.3.1/../../../../arm-none-eabi/lib/thumb/v7e-m/fpv4-sp/hard\libc_nano.a(lib_a-mlock.o)
                0x000000000801066c                __malloc_lock