mpu9250.c:13:6:MPU_writeByte	32	static
mpu9250.c:22:6:MPU_readByte	40	static
mpu9250.c:37:6:MPU_readBytes	64	static
mpu9250.c:63:6:MPU_getMres	4	static
mpu9250.c:77:6:MPU_getGres	4	static
mpu9250.c:98:6:MPU_getAres	4	static
mpu9250.c:120:6:MPU_readAccelData	24	static
mpu9250.c:128:6:MPU_readGyroData	24	static
mpu9250.c:136:6:MPU_readMagData	24	static
mpu9250.c:151:9:MPU_readTempData	16	static
mpu9250.c:158:6:MPU_present	16	static
mpu9250.c:175:6:MPU_init	16	static
mpu9250.c:256:6:AK8963_init	24	static
mpu9250.c:277:6:MPU_reset	8	static
mpu9250.c:284:6:MPU_calibrate	104	static
mpu9250.c:431:6:MPU_SelfTest	136	static
mpu9250.c:521:6:MPU_calibrateMag	64	static
mpu9250.c:550:6:MadgwickQuaternionUpdate	208	static
mpu9250.c:644:6:MahonyQuaternionUpdate	176	static
