clock.h:11:24:millis	4	static
gps.c:23:6:GPS_available	16	static
gps.c:41:6:GPS_write	24	static
gps.c:59:6:GPS_read	32	static
gps.c:122:6:GPS_init	24	static
gps.c:241:6:GPS_sendCommand	24	static
gps.c:261:6:GPS_parse	40	static
gps.c:440:6:GPS_check	48	static
gps.c:501:13:GPS_tokenOnList	40	static
gps.c:523:7:GPS_parseStr	56	static
gps.c:560:6:GPS_isEmpty	16	static
gps.c:577:6:GPS_addChecksum	24	static
gps.c:595:6:GPS_parseTime	24	static
gps.c:614:6:GPS_parseLat	48	static
gps.c:644:6:GPS_parseLatDir	24	static
gps.c:665:6:GPS_parseLon	40	static
gps.c:695:6:GPS_parseLonDir	24	static
gps.c:719:6:GPS_parseFix	16	static
gps.c:738:7:GPS_secondsSinceFix	24	static
gps.c:747:7:GPS_secondsSinceTime	24	static
gps.c:756:7:GPS_secondsSinceDate	24	static
gps.c:766:6:GPS_newNMEAreceived	16	static
gps.c:774:6:GPS_pause	16	static
gps.c:782:7:GPS_lastNMEA	16	static
gps.c:797:9:GPS_parseHex	16	static
gps.c:817:6:GPS_waitForSentence	32	static
gps.c:843:6:GPS_LOCUS_StartLogger	16	static
gps.c:856:6:GPS_LOCUS_StopLogger	16	static
gps.c:868:6:GPS_LOCUS_ReadStatus	48	static
gps.c:924:6:GPS_standby	16	static
gps.c:947:6:GPS_wakeup	16	static
gps.c:969:13:strStartsWith	16	static
gps.c:985:6:GPS_resetSentTime	16	static
gps.c:1020:7:GPS_build	176	static
