clock.h:8:24:micros	4	static
clock.h:9:24:millis	4	static
clock.h:42:24:getTime	56	static
run.h:59:20:print	24	static
run.h:84:20:println	24	static
loging.c:36:13:log_print_dummy	4	static
loging.c:75:13:log_new	32	static
loging.c:106:13:log_save	8	static
loging.c:176:13:log_print	16	static
loging.c:195:13:log_bmp	40	static
loging.c:208:13:log_gps	88	static
loging.c:226:13:log_imu	48	static
loging.c:239:13:log_mot	40	static
loging.c:252:13:log_radio	16	static
loging.c:278:13:log_sps	168	static
loging.c:296:13:loging_setup	8	static
loging.c:359:13:loging_loop	72	static
gps.c:16:6:GPS_write	24	static
gps.c:24:6:GPS_read	24	static
gps.c:71:6:GPS_init	152	static
gps.c:198:6:GPS_update	16	static
gps.c:213:6:GPS_sendCommand	32	static
gps.c:235:6:GPS_parse	40	static
gps.c:414:6:GPS_check	48	static
gps.c:475:13:GPS_tokenOnList	40	static
gps.c:497:7:GPS_parseStr	56	static
gps.c:534:6:GPS_isEmpty	16	static
gps.c:551:6:GPS_addChecksum	24	static
gps.c:569:6:GPS_parseTime	24	static
gps.c:588:6:GPS_parseLat	48	static
gps.c:618:6:GPS_parseLatDir	24	static
gps.c:639:6:GPS_parseLon	40	static
gps.c:669:6:GPS_parseLonDir	24	static
gps.c:693:6:GPS_parseFix	16	static
gps.c:712:7:GPS_secondsSinceFix	24	static
gps.c:721:7:GPS_secondsSinceTime	24	static
gps.c:730:7:GPS_secondsSinceDate	24	static
gps.c:740:6:GPS_newNMEAreceived	16	static
gps.c:748:6:GPS_pause	16	static
gps.c:756:7:GPS_lastNMEA	16	static
gps.c:771:9:GPS_parseHex	16	static
gps.c:791:6:GPS_waitForSentence	32	static
gps.c:817:6:GPS_LOCUS_StartLogger	16	static
gps.c:830:6:GPS_LOCUS_StopLogger	16	static
gps.c:842:6:GPS_LOCUS_ReadStatus	48	static
gps.c:898:6:GPS_standby	16	static
gps.c:921:6:GPS_wakeup	16	static
gps.c:943:13:strStartsWith	16	static
gps.c:959:6:GPS_resetSentTime	16	static
gps.c:994:7:GPS_build	176	static
