clock.h:8:24:micros	4	static
clock.h:9:24:millis	4	static
clock.h:42:24:getTime	56	static
run.h:81:20:println	24	static
loging.c:45:13:log_print_dummy	4	static
loging.c:84:13:log_new	32	static
loging.c:116:13:log_save	8	static
loging.c:201:13:log_print	16	static
loging.c:220:13:log_bmp	40	static
loging.c:233:13:log_gps	88	static
loging.c:250:13:log_imu	48	static
loging.c:263:13:log_mot	40	static
loging.c:276:13:log_radio	16	static
loging.c:304:13:log_sps	168	static
loging.c:322:13:loging_setup	8	static
loging.c:388:13:loging_loop	4	static
gps.c:16:6:GPS_write	24	static
gps.c:24:6:GPS_read	32	static
gps.c:75:6:GPS_init	88	static
gps.c:189:6:GPS_update	16	static
gps.c:204:6:GPS_sendCommand	32	static
gps.c:226:6:GPS_parse	40	static
gps.c:406:6:GPS_check	48	static
gps.c:467:13:GPS_tokenOnList	40	static
gps.c:489:7:GPS_parseStr	56	static
gps.c:526:6:GPS_isEmpty	16	static
gps.c:543:6:GPS_addChecksum	24	static
gps.c:561:6:GPS_parseTime	24	static
gps.c:580:6:GPS_parseLat	48	static
gps.c:613:6:GPS_parseLatDir	24	static
gps.c:634:6:GPS_parseLon	40	static
gps.c:664:6:GPS_parseLonDir	24	static
gps.c:688:6:GPS_parseFix	16	static
gps.c:707:7:GPS_secondsSinceFix	24	static
gps.c:716:7:GPS_secondsSinceTime	24	static
gps.c:725:7:GPS_secondsSinceDate	24	static
gps.c:735:6:GPS_newNMEAreceived	16	static
gps.c:743:6:GPS_pause	16	static
gps.c:751:7:GPS_lastNMEA	16	static
gps.c:766:9:GPS_parseHex	16	static
gps.c:786:6:GPS_waitForSentence	32	static
gps.c:812:6:GPS_LOCUS_StartLogger	16	static
gps.c:825:6:GPS_LOCUS_StopLogger	16	static
gps.c:837:6:GPS_LOCUS_ReadStatus	48	static
gps.c:893:6:GPS_standby	16	static
gps.c:916:6:GPS_wakeup	16	static
gps.c:938:13:strStartsWith	16	static
gps.c:954:6:GPS_resetSentTime	16	static
gps.c:989:7:GPS_build	176	static
