clock.h:8:24:micros	4	static
clock.h:9:24:millis	4	static
run.h:58:20:print	24	static
gps.c:15:6:GPS_write	24	static
gps.c:23:6:GPS_read	24	static
gps.c:70:6:GPS_init	16	static
gps.c:191:6:GPS_update	16	static
gps.c:205:6:GPS_sendCommand	32	static
gps.c:227:6:GPS_parse	40	static
gps.c:406:6:GPS_check	48	static
gps.c:467:13:GPS_tokenOnList	40	static
gps.c:489:7:GPS_parseStr	56	static
gps.c:526:6:GPS_isEmpty	16	static
gps.c:543:6:GPS_addChecksum	24	static
gps.c:561:6:GPS_parseTime	24	static
gps.c:580:6:GPS_parseLat	48	static
gps.c:610:6:GPS_parseLatDir	24	static
gps.c:631:6:GPS_parseLon	40	static
gps.c:661:6:GPS_parseLonDir	24	static
gps.c:685:6:GPS_parseFix	16	static
gps.c:704:7:GPS_secondsSinceFix	24	static
gps.c:713:7:GPS_secondsSinceTime	24	static
gps.c:722:7:GPS_secondsSinceDate	24	static
gps.c:732:6:GPS_newNMEAreceived	16	static
gps.c:740:6:GPS_pause	16	static
gps.c:748:7:GPS_lastNMEA	16	static
gps.c:763:9:GPS_parseHex	16	static
gps.c:783:6:GPS_waitForSentence	32	static
gps.c:809:6:GPS_LOCUS_StartLogger	16	static
gps.c:822:6:GPS_LOCUS_StopLogger	16	static
gps.c:834:6:GPS_LOCUS_ReadStatus	48	static
gps.c:890:6:GPS_standby	16	static
gps.c:913:6:GPS_wakeup	16	static
gps.c:935:13:strStartsWith	16	static
gps.c:951:6:GPS_resetSentTime	16	static
gps.c:986:7:GPS_build	176	static
