clock.h:8:24:micros	4	static
clock.h:9:24:millis	4	static
clock.h:42:24:getTime	56	static
run.h:81:20:println	24	static
loging.c:36:13:log_print_dummy	4	static
loging.c:75:13:log_new	32	static
loging.c:106:13:log_save	8	static
loging.c:180:13:log_print	16	static
loging.c:199:13:log_bmp	40	static
loging.c:212:13:log_gps	88	static
loging.c:228:13:log_imu	48	static
loging.c:241:13:log_mot	40	static
loging.c:254:13:log_radio	16	static
loging.c:282:13:log_sps	168	static
loging.c:300:13:loging_setup	88	static
loging.c:363:13:loging_loop	96	static
gps.c:16:6:GPS_write	24	static
gps.c:24:6:GPS_read	24	static
gps.c:71:6:GPS_init	88	static
gps.c:180:6:GPS_update	16	static
gps.c:195:6:GPS_sendCommand	32	static
gps.c:217:6:GPS_parse	40	static
gps.c:396:6:GPS_check	48	static
gps.c:457:13:GPS_tokenOnList	40	static
gps.c:479:7:GPS_parseStr	56	static
gps.c:516:6:GPS_isEmpty	16	static
gps.c:533:6:GPS_addChecksum	24	static
gps.c:551:6:GPS_parseTime	24	static
gps.c:570:6:GPS_parseLat	48	static
gps.c:600:6:GPS_parseLatDir	24	static
gps.c:621:6:GPS_parseLon	40	static
gps.c:651:6:GPS_parseLonDir	24	static
gps.c:675:6:GPS_parseFix	16	static
gps.c:694:7:GPS_secondsSinceFix	24	static
gps.c:703:7:GPS_secondsSinceTime	24	static
gps.c:712:7:GPS_secondsSinceDate	24	static
gps.c:722:6:GPS_newNMEAreceived	16	static
gps.c:730:6:GPS_pause	16	static
gps.c:738:7:GPS_lastNMEA	16	static
gps.c:753:9:GPS_parseHex	16	static
gps.c:773:6:GPS_waitForSentence	32	static
gps.c:799:6:GPS_LOCUS_StartLogger	16	static
gps.c:812:6:GPS_LOCUS_StopLogger	16	static
gps.c:824:6:GPS_LOCUS_ReadStatus	48	static
gps.c:880:6:GPS_standby	16	static
gps.c:903:6:GPS_wakeup	16	static
gps.c:925:13:strStartsWith	16	static
gps.c:941:6:GPS_resetSentTime	16	static
gps.c:976:7:GPS_build	176	static
