mpu9250.c:14:6:MPU_writeByte	32	static
mpu9250.c:23:6:MPU_readByte	40	static
mpu9250.c:38:6:MPU_readBytes	64	static
mpu9250.c:64:6:MPU_getMres	4	static
mpu9250.c:78:6:MPU_getGres	4	static
mpu9250.c:99:6:MPU_getAres	4	static
mpu9250.c:121:6:MPU_readAccelData	24	static
mpu9250.c:129:6:MPU_readGyroData	24	static
mpu9250.c:137:6:MPU_readMagData	24	static
mpu9250.c:152:9:MPU_readTempData	16	static
mpu9250.c:159:6:MPU_present	16	static
mpu9250.c:176:6:MPU_init	16	static
mpu9250.c:257:6:AK8963_init	24	static
mpu9250.c:278:6:MPU_reset	8	static
mpu9250.c:285:6:MPU_calibrate	104	static
mpu9250.c:432:6:MPU_SelfTest	136	static
mpu9250.c:522:6:MPU_calibrateMag	64	static
mpu9250.c:551:6:MadgwickQuaternionUpdate	208	static
mpu9250.c:645:6:MahonyQuaternionUpdate	176	static
